<!doctype html public "-//w3c//dtd html 4.0 transitional//en">
<html><head>
<title>Static Call Graph - [Code_Porting\Code_Porting.axf]</title></head>
<body><HR>
<H1>Static Call Graph for image Code_Porting\Code_Porting.axf</H1><HR>
<BR><P>#&#060CALLGRAPH&#062# ARM Linker, 5060528: Last Updated: Fri Jan 17 08:44:17 2025
<BR><P>
<H3>Maximum Stack Usage =       3912 bytes + Unknown(Cycles, Untraceable Function Pointers)</H3><H3>
Call chain for Maximum Stack Depth:</H3>
main &rArr; ethTransceiverDoTask &rArr; webServerDoTask &rArr; configSubmaskAddressSet &rArr; configStoreInFlash &rArr; m25pWriteBytes &rArr; spiIINCHIP_SpiSendData &rArr; boardSPI2Write &rArr; HAL_SPI_Transmit &rArr; SPI_EndRxTxTransaction &rArr; SPI_WaitFifoStateUntilTimeout
<P>
<H3>
Mutually Recursive functions
</H3> <LI><a href="#[10]">ADC1_IRQHandler</a>&nbsp;&nbsp;&nbsp;&rArr;&nbsp;&nbsp;&nbsp;<a href="#[10]">ADC1_IRQHandler</a><BR>
 <LI><a href="#[2]">HardFault_Handler</a>&nbsp;&nbsp;&nbsp;&rArr;&nbsp;&nbsp;&nbsp;<a href="#[2]">HardFault_Handler</a><BR>
 <LI><a href="#[1]">NMI_Handler</a>&nbsp;&nbsp;&nbsp;&rArr;&nbsp;&nbsp;&nbsp;<a href="#[1]">NMI_Handler</a><BR>
</UL>
<P>
<H3>
Function Pointers
</H3><UL>
 <LI><a href="#[10]">ADC1_IRQHandler</a> from startup_stm32g070xx.o(.text) referenced from startup_stm32g070xx.o(RESET)
 <LI><a href="#[f]">DMA1_Ch4_7_DMAMUX1_OVR_IRQHandler</a> from startup_stm32g070xx.o(.text) referenced from startup_stm32g070xx.o(RESET)
 <LI><a href="#[d]">DMA1_Channel1_IRQHandler</a> from startup_stm32g070xx.o(.text) referenced from startup_stm32g070xx.o(RESET)
 <LI><a href="#[e]">DMA1_Channel2_3_IRQHandler</a> from startup_stm32g070xx.o(.text) referenced from startup_stm32g070xx.o(RESET)
 <LI><a href="#[a]">EXTI0_1_IRQHandler</a> from startup_stm32g070xx.o(.text) referenced from startup_stm32g070xx.o(RESET)
 <LI><a href="#[b]">EXTI2_3_IRQHandler</a> from startup_stm32g070xx.o(.text) referenced from startup_stm32g070xx.o(RESET)
 <LI><a href="#[c]">EXTI4_15_IRQHandler</a> from startup_stm32g070xx.o(.text) referenced from startup_stm32g070xx.o(RESET)
 <LI><a href="#[8]">FLASH_IRQHandler</a> from startup_stm32g070xx.o(.text) referenced from startup_stm32g070xx.o(RESET)
 <LI><a href="#[2]">HardFault_Handler</a> from stm32g0xx_it.o(i.HardFault_Handler) referenced from startup_stm32g070xx.o(RESET)
 <LI><a href="#[1a]">I2C1_IRQHandler</a> from startup_stm32g070xx.o(.text) referenced from startup_stm32g070xx.o(RESET)
 <LI><a href="#[1b]">I2C2_IRQHandler</a> from startup_stm32g070xx.o(.text) referenced from startup_stm32g070xx.o(RESET)
 <LI><a href="#[1]">NMI_Handler</a> from stm32g0xx_it.o(i.NMI_Handler) referenced from startup_stm32g070xx.o(RESET)
 <LI><a href="#[4]">PendSV_Handler</a> from stm32g0xx_it.o(i.PendSV_Handler) referenced from startup_stm32g070xx.o(RESET)
 <LI><a href="#[9]">RCC_IRQHandler</a> from stm32g0xx_it.o(i.RCC_IRQHandler) referenced from startup_stm32g070xx.o(RESET)
 <LI><a href="#[7]">RTC_TAMP_IRQHandler</a> from stm32g0xx_it.o(i.RTC_TAMP_IRQHandler) referenced from startup_stm32g070xx.o(RESET)
 <LI><a href="#[0]">Reset_Handler</a> from startup_stm32g070xx.o(.text) referenced from startup_stm32g070xx.o(RESET)
 <LI><a href="#[1c]">SPI1_IRQHandler</a> from startup_stm32g070xx.o(.text) referenced from startup_stm32g070xx.o(RESET)
 <LI><a href="#[1d]">SPI2_IRQHandler</a> from startup_stm32g070xx.o(.text) referenced from startup_stm32g070xx.o(RESET)
 <LI><a href="#[3]">SVC_Handler</a> from stm32g0xx_it.o(i.SVC_Handler) referenced from startup_stm32g070xx.o(RESET)
 <LI><a href="#[5]">SysTick_Handler</a> from stm32g0xx_it.o(i.SysTick_Handler) referenced from startup_stm32g070xx.o(RESET)
 <LI><a href="#[22]">SystemInit</a> from system_stm32g0xx.o(i.SystemInit) referenced from startup_stm32g070xx.o(.text)
 <LI><a href="#[16]">TIM14_IRQHandler</a> from startup_stm32g070xx.o(.text) referenced from startup_stm32g070xx.o(RESET)
 <LI><a href="#[17]">TIM15_IRQHandler</a> from startup_stm32g070xx.o(.text) referenced from startup_stm32g070xx.o(RESET)
 <LI><a href="#[18]">TIM16_IRQHandler</a> from startup_stm32g070xx.o(.text) referenced from startup_stm32g070xx.o(RESET)
 <LI><a href="#[19]">TIM17_IRQHandler</a> from startup_stm32g070xx.o(.text) referenced from startup_stm32g070xx.o(RESET)
 <LI><a href="#[11]">TIM1_BRK_UP_TRG_COM_IRQHandler</a> from startup_stm32g070xx.o(.text) referenced from startup_stm32g070xx.o(RESET)
 <LI><a href="#[12]">TIM1_CC_IRQHandler</a> from startup_stm32g070xx.o(.text) referenced from startup_stm32g070xx.o(RESET)
 <LI><a href="#[13]">TIM3_IRQHandler</a> from startup_stm32g070xx.o(.text) referenced from startup_stm32g070xx.o(RESET)
 <LI><a href="#[14]">TIM6_IRQHandler</a> from startup_stm32g070xx.o(.text) referenced from startup_stm32g070xx.o(RESET)
 <LI><a href="#[15]">TIM7_IRQHandler</a> from startup_stm32g070xx.o(.text) referenced from startup_stm32g070xx.o(RESET)
 <LI><a href="#[1e]">USART1_IRQHandler</a> from startup_stm32g070xx.o(.text) referenced from startup_stm32g070xx.o(RESET)
 <LI><a href="#[1f]">USART2_IRQHandler</a> from startup_stm32g070xx.o(.text) referenced from startup_stm32g070xx.o(RESET)
 <LI><a href="#[20]">USART3_4_IRQHandler</a> from startup_stm32g070xx.o(.text) referenced from startup_stm32g070xx.o(RESET)
 <LI><a href="#[6]">WWDG_IRQHandler</a> from startup_stm32g070xx.o(.text) referenced from startup_stm32g070xx.o(RESET)
 <LI><a href="#[23]">__main</a> from entry.o(.ARM.Collect$$$$00000000) referenced from startup_stm32g070xx.o(.text)
 <LI><a href="#[21]">main</a> from main.o(i.main) referenced from entry9a.o(.ARM.Collect$$$$0000000B)
</UL>
<P>
<H3>
Global Symbols
</H3>
<P><STRONG><a name="[23]"></a>__main</STRONG> (Thumb, 0 bytes, Stack size unknown bytes, entry.o(.ARM.Collect$$$$00000000))
<BR>[Address Reference Count : 1]<UL><LI> startup_stm32g070xx.o(.text)
</UL>
<P><STRONG><a name="[2cb]"></a>_main_stk</STRONG> (Thumb, 0 bytes, Stack size unknown bytes, entry2.o(.ARM.Collect$$$$00000001))

<P><STRONG><a name="[24]"></a>_main_scatterload</STRONG> (Thumb, 0 bytes, Stack size unknown bytes, entry5.o(.ARM.Collect$$$$00000004))
<BR><BR>[Calls]<UL><LI><a href="#[25]">&gt;&gt;</a>&nbsp;&nbsp;&nbsp;__scatterload
</UL>

<P><STRONG><a name="[2e]"></a>__main_after_scatterload</STRONG> (Thumb, 0 bytes, Stack size unknown bytes, entry5.o(.ARM.Collect$$$$00000004))
<BR><BR>[Called By]<UL><LI><a href="#[25]">&gt;&gt;</a>&nbsp;&nbsp;&nbsp;__scatterload
</UL>

<P><STRONG><a name="[2cc]"></a>_main_clock</STRONG> (Thumb, 0 bytes, Stack size unknown bytes, entry7b.o(.ARM.Collect$$$$00000008))

<P><STRONG><a name="[2cd]"></a>_main_cpp_init</STRONG> (Thumb, 0 bytes, Stack size unknown bytes, entry8b.o(.ARM.Collect$$$$0000000A))

<P><STRONG><a name="[2ce]"></a>_main_init</STRONG> (Thumb, 0 bytes, Stack size unknown bytes, entry9a.o(.ARM.Collect$$$$0000000B))

<P><STRONG><a name="[2cf]"></a>__rt_final_cpp</STRONG> (Thumb, 0 bytes, Stack size unknown bytes, entry10a.o(.ARM.Collect$$$$0000000D))

<P><STRONG><a name="[2d0]"></a>__rt_final_exit</STRONG> (Thumb, 0 bytes, Stack size unknown bytes, entry11a.o(.ARM.Collect$$$$0000000F))

<P><STRONG><a name="[0]"></a>Reset_Handler</STRONG> (Thumb, 8 bytes, Stack size 0 bytes, startup_stm32g070xx.o(.text))
<BR>[Address Reference Count : 1]<UL><LI> startup_stm32g070xx.o(RESET)
</UL>
<P><STRONG><a name="[10]"></a>ADC1_IRQHandler</STRONG> (Thumb, 0 bytes, Stack size 0 bytes, startup_stm32g070xx.o(.text))
<BR><BR>[Calls]<UL><LI><a href="#[10]">&gt;&gt;</a>&nbsp;&nbsp;&nbsp;ADC1_IRQHandler
</UL>
<BR>[Called By]<UL><LI><a href="#[10]">&gt;&gt;</a>&nbsp;&nbsp;&nbsp;ADC1_IRQHandler
</UL>
<BR>[Address Reference Count : 1]<UL><LI> startup_stm32g070xx.o(RESET)
</UL>
<P><STRONG><a name="[f]"></a>DMA1_Ch4_7_DMAMUX1_OVR_IRQHandler</STRONG> (Thumb, 0 bytes, Stack size 0 bytes, startup_stm32g070xx.o(.text))
<BR>[Address Reference Count : 1]<UL><LI> startup_stm32g070xx.o(RESET)
</UL>
<P><STRONG><a name="[d]"></a>DMA1_Channel1_IRQHandler</STRONG> (Thumb, 0 bytes, Stack size 0 bytes, startup_stm32g070xx.o(.text))
<BR>[Address Reference Count : 1]<UL><LI> startup_stm32g070xx.o(RESET)
</UL>
<P><STRONG><a name="[e]"></a>DMA1_Channel2_3_IRQHandler</STRONG> (Thumb, 0 bytes, Stack size 0 bytes, startup_stm32g070xx.o(.text))
<BR>[Address Reference Count : 1]<UL><LI> startup_stm32g070xx.o(RESET)
</UL>
<P><STRONG><a name="[a]"></a>EXTI0_1_IRQHandler</STRONG> (Thumb, 0 bytes, Stack size 0 bytes, startup_stm32g070xx.o(.text))
<BR>[Address Reference Count : 1]<UL><LI> startup_stm32g070xx.o(RESET)
</UL>
<P><STRONG><a name="[b]"></a>EXTI2_3_IRQHandler</STRONG> (Thumb, 0 bytes, Stack size 0 bytes, startup_stm32g070xx.o(.text))
<BR>[Address Reference Count : 1]<UL><LI> startup_stm32g070xx.o(RESET)
</UL>
<P><STRONG><a name="[c]"></a>EXTI4_15_IRQHandler</STRONG> (Thumb, 0 bytes, Stack size 0 bytes, startup_stm32g070xx.o(.text))
<BR>[Address Reference Count : 1]<UL><LI> startup_stm32g070xx.o(RESET)
</UL>
<P><STRONG><a name="[8]"></a>FLASH_IRQHandler</STRONG> (Thumb, 0 bytes, Stack size 0 bytes, startup_stm32g070xx.o(.text))
<BR>[Address Reference Count : 1]<UL><LI> startup_stm32g070xx.o(RESET)
</UL>
<P><STRONG><a name="[1a]"></a>I2C1_IRQHandler</STRONG> (Thumb, 0 bytes, Stack size 0 bytes, startup_stm32g070xx.o(.text))
<BR>[Address Reference Count : 1]<UL><LI> startup_stm32g070xx.o(RESET)
</UL>
<P><STRONG><a name="[1b]"></a>I2C2_IRQHandler</STRONG> (Thumb, 0 bytes, Stack size 0 bytes, startup_stm32g070xx.o(.text))
<BR>[Address Reference Count : 1]<UL><LI> startup_stm32g070xx.o(RESET)
</UL>
<P><STRONG><a name="[1c]"></a>SPI1_IRQHandler</STRONG> (Thumb, 0 bytes, Stack size 0 bytes, startup_stm32g070xx.o(.text))
<BR>[Address Reference Count : 1]<UL><LI> startup_stm32g070xx.o(RESET)
</UL>
<P><STRONG><a name="[1d]"></a>SPI2_IRQHandler</STRONG> (Thumb, 0 bytes, Stack size 0 bytes, startup_stm32g070xx.o(.text))
<BR>[Address Reference Count : 1]<UL><LI> startup_stm32g070xx.o(RESET)
</UL>
<P><STRONG><a name="[16]"></a>TIM14_IRQHandler</STRONG> (Thumb, 0 bytes, Stack size 0 bytes, startup_stm32g070xx.o(.text))
<BR>[Address Reference Count : 1]<UL><LI> startup_stm32g070xx.o(RESET)
</UL>
<P><STRONG><a name="[17]"></a>TIM15_IRQHandler</STRONG> (Thumb, 0 bytes, Stack size 0 bytes, startup_stm32g070xx.o(.text))
<BR>[Address Reference Count : 1]<UL><LI> startup_stm32g070xx.o(RESET)
</UL>
<P><STRONG><a name="[18]"></a>TIM16_IRQHandler</STRONG> (Thumb, 0 bytes, Stack size 0 bytes, startup_stm32g070xx.o(.text))
<BR>[Address Reference Count : 1]<UL><LI> startup_stm32g070xx.o(RESET)
</UL>
<P><STRONG><a name="[19]"></a>TIM17_IRQHandler</STRONG> (Thumb, 0 bytes, Stack size 0 bytes, startup_stm32g070xx.o(.text))
<BR>[Address Reference Count : 1]<UL><LI> startup_stm32g070xx.o(RESET)
</UL>
<P><STRONG><a name="[11]"></a>TIM1_BRK_UP_TRG_COM_IRQHandler</STRONG> (Thumb, 0 bytes, Stack size 0 bytes, startup_stm32g070xx.o(.text))
<BR>[Address Reference Count : 1]<UL><LI> startup_stm32g070xx.o(RESET)
</UL>
<P><STRONG><a name="[12]"></a>TIM1_CC_IRQHandler</STRONG> (Thumb, 0 bytes, Stack size 0 bytes, startup_stm32g070xx.o(.text))
<BR>[Address Reference Count : 1]<UL><LI> startup_stm32g070xx.o(RESET)
</UL>
<P><STRONG><a name="[13]"></a>TIM3_IRQHandler</STRONG> (Thumb, 0 bytes, Stack size 0 bytes, startup_stm32g070xx.o(.text))
<BR>[Address Reference Count : 1]<UL><LI> startup_stm32g070xx.o(RESET)
</UL>
<P><STRONG><a name="[14]"></a>TIM6_IRQHandler</STRONG> (Thumb, 0 bytes, Stack size 0 bytes, startup_stm32g070xx.o(.text))
<BR>[Address Reference Count : 1]<UL><LI> startup_stm32g070xx.o(RESET)
</UL>
<P><STRONG><a name="[15]"></a>TIM7_IRQHandler</STRONG> (Thumb, 0 bytes, Stack size 0 bytes, startup_stm32g070xx.o(.text))
<BR>[Address Reference Count : 1]<UL><LI> startup_stm32g070xx.o(RESET)
</UL>
<P><STRONG><a name="[1e]"></a>USART1_IRQHandler</STRONG> (Thumb, 0 bytes, Stack size 0 bytes, startup_stm32g070xx.o(.text))
<BR>[Address Reference Count : 1]<UL><LI> startup_stm32g070xx.o(RESET)
</UL>
<P><STRONG><a name="[1f]"></a>USART2_IRQHandler</STRONG> (Thumb, 0 bytes, Stack size 0 bytes, startup_stm32g070xx.o(.text))
<BR>[Address Reference Count : 1]<UL><LI> startup_stm32g070xx.o(RESET)
</UL>
<P><STRONG><a name="[20]"></a>USART3_4_IRQHandler</STRONG> (Thumb, 0 bytes, Stack size 0 bytes, startup_stm32g070xx.o(.text))
<BR>[Address Reference Count : 1]<UL><LI> startup_stm32g070xx.o(RESET)
</UL>
<P><STRONG><a name="[6]"></a>WWDG_IRQHandler</STRONG> (Thumb, 0 bytes, Stack size 0 bytes, startup_stm32g070xx.o(.text))
<BR>[Address Reference Count : 1]<UL><LI> startup_stm32g070xx.o(RESET)
</UL>
<P><STRONG><a name="[2d1]"></a>__aeabi_uidiv</STRONG> (Thumb, 0 bytes, Stack size 12 bytes, uidiv.o(.text), UNUSED)

<P><STRONG><a name="[41]"></a>__aeabi_uidivmod</STRONG> (Thumb, 44 bytes, Stack size 12 bytes, uidiv.o(.text))
<BR><BR>[Stack]<UL><LI>Max Depth = 12<LI>Call Chain = __aeabi_uidivmod
</UL>
<BR>[Called By]<UL><LI><a href="#[47]">&gt;&gt;</a>&nbsp;&nbsp;&nbsp;HAL_PWREx_ControlVoltageScaling
<LI><a href="#[3f]">&gt;&gt;</a>&nbsp;&nbsp;&nbsp;HAL_InitTick
<LI><a href="#[4b]">&gt;&gt;</a>&nbsp;&nbsp;&nbsp;HAL_RCC_OscConfig
<LI><a href="#[4a]">&gt;&gt;</a>&nbsp;&nbsp;&nbsp;HAL_RCC_GetSysClockFreq
<LI><a href="#[95]">&gt;&gt;</a>&nbsp;&nbsp;&nbsp;actualLevel_GrupoValoresGet
<LI><a href="#[1ae]">&gt;&gt;</a>&nbsp;&nbsp;&nbsp;dec2hex
<LI><a href="#[22f]">&gt;&gt;</a>&nbsp;&nbsp;&nbsp;storageReadWriteFinish
<LI><a href="#[9d]">&gt;&gt;</a>&nbsp;&nbsp;&nbsp;_webserverPrintIp
</UL>

<P><STRONG><a name="[1fa]"></a>__aeabi_memcpy</STRONG> (Thumb, 36 bytes, Stack size 0 bytes, memcpya.o(.text))
<BR><BR>[Called By]<UL><LI><a href="#[1cc]">&gt;&gt;</a>&nbsp;&nbsp;&nbsp;normaLinkSensores
<LI><a href="#[c4]">&gt;&gt;</a>&nbsp;&nbsp;&nbsp;rtccTick
<LI><a href="#[206]">&gt;&gt;</a>&nbsp;&nbsp;&nbsp;sensoresNotificar
<LI><a href="#[207]">&gt;&gt;</a>&nbsp;&nbsp;&nbsp;normaLinkSensoresEnviar
<LI><a href="#[201]">&gt;&gt;</a>&nbsp;&nbsp;&nbsp;interfacesIDNGEADEventoGet
<LI><a href="#[200]">&gt;&gt;</a>&nbsp;&nbsp;&nbsp;interfacesIDNG4PEventoGet
<LI><a href="#[1f8]">&gt;&gt;</a>&nbsp;&nbsp;&nbsp;interfacesConfiguracionGet
<LI><a href="#[203]">&gt;&gt;</a>&nbsp;&nbsp;&nbsp;interfacesSolicitar
<LI><a href="#[1e2]">&gt;&gt;</a>&nbsp;&nbsp;&nbsp;rtccTimeGet
<LI><a href="#[1e1]">&gt;&gt;</a>&nbsp;&nbsp;&nbsp;rtccDateGet
<LI><a href="#[97]">&gt;&gt;</a>&nbsp;&nbsp;&nbsp;sensoresGruposConfiguracionGet
<LI><a href="#[23c]">&gt;&gt;</a>&nbsp;&nbsp;&nbsp;sensoresConfiguracionGet
<LI><a href="#[233]">&gt;&gt;</a>&nbsp;&nbsp;&nbsp;rtccTimeSet
<LI><a href="#[232]">&gt;&gt;</a>&nbsp;&nbsp;&nbsp;rtccDateSet
</UL>

<P><STRONG><a name="[23d]"></a>__aeabi_memcpy4</STRONG> (Thumb, 0 bytes, Stack size 0 bytes, memcpya.o(.text))
<BR><BR>[Called By]<UL><LI><a href="#[212]">&gt;&gt;</a>&nbsp;&nbsp;&nbsp;sensoresInit
<LI><a href="#[1cc]">&gt;&gt;</a>&nbsp;&nbsp;&nbsp;normaLinkSensores
<LI><a href="#[206]">&gt;&gt;</a>&nbsp;&nbsp;&nbsp;sensoresNotificar
<LI><a href="#[27e]">&gt;&gt;</a>&nbsp;&nbsp;&nbsp;sensoresGruposDetectoresPresenciaInit
</UL>

<P><STRONG><a name="[2d2]"></a>__aeabi_memcpy8</STRONG> (Thumb, 0 bytes, Stack size 0 bytes, memcpya.o(.text), UNUSED)

<P><STRONG><a name="[27]"></a>__aeabi_memset</STRONG> (Thumb, 14 bytes, Stack size 0 bytes, memseta.o(.text), UNUSED)
<BR><BR>[Called By]<UL><LI><a href="#[28]">&gt;&gt;</a>&nbsp;&nbsp;&nbsp;_memset$wrapper
<LI><a href="#[26]">&gt;&gt;</a>&nbsp;&nbsp;&nbsp;__aeabi_memclr
</UL>

<P><STRONG><a name="[2d3]"></a>__aeabi_memset4</STRONG> (Thumb, 0 bytes, Stack size 0 bytes, memseta.o(.text), UNUSED)

<P><STRONG><a name="[2d4]"></a>__aeabi_memset8</STRONG> (Thumb, 0 bytes, Stack size 0 bytes, memseta.o(.text), UNUSED)

<P><STRONG><a name="[26]"></a>__aeabi_memclr</STRONG> (Thumb, 4 bytes, Stack size 0 bytes, memseta.o(.text), UNUSED)
<BR><BR>[Calls]<UL><LI><a href="#[27]">&gt;&gt;</a>&nbsp;&nbsp;&nbsp;__aeabi_memset
</UL>

<P><STRONG><a name="[3b]"></a>__aeabi_memclr4</STRONG> (Thumb, 0 bytes, Stack size 0 bytes, memseta.o(.text))
<BR><BR>[Called By]<UL><LI><a href="#[5c]">&gt;&gt;</a>&nbsp;&nbsp;&nbsp;HAL_SPI_MspInit
<LI><a href="#[31]">&gt;&gt;</a>&nbsp;&nbsp;&nbsp;HAL_I2C_MspInit
<LI><a href="#[7]">&gt;&gt;</a>&nbsp;&nbsp;&nbsp;RTC_TAMP_IRQHandler
<LI><a href="#[bb]">&gt;&gt;</a>&nbsp;&nbsp;&nbsp;boardInit
<LI><a href="#[e7]">&gt;&gt;</a>&nbsp;&nbsp;&nbsp;configStoreInFlash
<LI><a href="#[d0]">&gt;&gt;</a>&nbsp;&nbsp;&nbsp;boardTimeSet
</UL>

<P><STRONG><a name="[2d5]"></a>__aeabi_memclr8</STRONG> (Thumb, 0 bytes, Stack size 0 bytes, memseta.o(.text), UNUSED)

<P><STRONG><a name="[28]"></a>_memset$wrapper</STRONG> (Thumb, 18 bytes, Stack size 8 bytes, memseta.o(.text), UNUSED)
<BR><BR>[Calls]<UL><LI><a href="#[27]">&gt;&gt;</a>&nbsp;&nbsp;&nbsp;__aeabi_memset
</UL>

<P><STRONG><a name="[9e]"></a>strcat</STRONG> (Thumb, 24 bytes, Stack size 0 bytes, strcat.o(.text))
<BR><BR>[Called By]<UL><LI><a href="#[1d6]">&gt;&gt;</a>&nbsp;&nbsp;&nbsp;webServerDoTask
<LI><a href="#[2c7]">&gt;&gt;</a>&nbsp;&nbsp;&nbsp;webserverPrintMac
<LI><a href="#[254]">&gt;&gt;</a>&nbsp;&nbsp;&nbsp;printHexStringFromDec
<LI><a href="#[9d]">&gt;&gt;</a>&nbsp;&nbsp;&nbsp;_webserverPrintIp
</UL>

<P><STRONG><a name="[a2]"></a>strlen</STRONG> (Thumb, 14 bytes, Stack size 0 bytes, strlen.o(.text))
<BR><BR>[Called By]<UL><LI><a href="#[1d6]">&gt;&gt;</a>&nbsp;&nbsp;&nbsp;webServerDoTask
<LI><a href="#[a0]">&gt;&gt;</a>&nbsp;&nbsp;&nbsp;strindex
<LI><a href="#[a1]">&gt;&gt;</a>&nbsp;&nbsp;&nbsp;_webserverUtilsStringToIp
</UL>

<P><STRONG><a name="[2c6]"></a>strcmp</STRONG> (Thumb, 28 bytes, Stack size 8 bytes, strcmp.o(.text))
<BR><BR>[Stack]<UL><LI>Max Depth = 8<LI>Call Chain = strcmp
</UL>
<BR>[Called By]<UL><LI><a href="#[1d6]">&gt;&gt;</a>&nbsp;&nbsp;&nbsp;webServerDoTask
</UL>

<P><STRONG><a name="[2c5]"></a>strcpy</STRONG> (Thumb, 18 bytes, Stack size 0 bytes, strcpy.o(.text))
<BR><BR>[Called By]<UL><LI><a href="#[1d6]">&gt;&gt;</a>&nbsp;&nbsp;&nbsp;webServerDoTask
</UL>

<P><STRONG><a name="[2be]"></a>strncmp</STRONG> (Thumb, 30 bytes, Stack size 12 bytes, strncmp.o(.text))
<BR><BR>[Stack]<UL><LI>Max Depth = 12<LI>Call Chain = strncmp
</UL>
<BR>[Called By]<UL><LI><a href="#[a0]">&gt;&gt;</a>&nbsp;&nbsp;&nbsp;strindex
</UL>

<P><STRONG><a name="[29]"></a>atoi</STRONG> (Thumb, 26 bytes, Stack size 16 bytes, atoi.o(.text))
<BR><BR>[Stack]<UL><LI>Max Depth = 88<LI>Call Chain = atoi &rArr; strtol &rArr; _strtoul
</UL>
<BR>[Calls]<UL><LI><a href="#[2b]">&gt;&gt;</a>&nbsp;&nbsp;&nbsp;strtol
<LI><a href="#[2a]">&gt;&gt;</a>&nbsp;&nbsp;&nbsp;__aeabi_errno_addr
</UL>
<BR>[Called By]<UL><LI><a href="#[a1]">&gt;&gt;</a>&nbsp;&nbsp;&nbsp;_webserverUtilsStringToIp
</UL>

<P><STRONG><a name="[2b]"></a>strtol</STRONG> (Thumb, 108 bytes, Stack size 32 bytes, strtol.o(.text))
<BR><BR>[Stack]<UL><LI>Max Depth = 72<LI>Call Chain = strtol &rArr; _strtoul
</UL>
<BR>[Calls]<UL><LI><a href="#[2d]">&gt;&gt;</a>&nbsp;&nbsp;&nbsp;_strtoul
<LI><a href="#[2c]">&gt;&gt;</a>&nbsp;&nbsp;&nbsp;__rt_ctype_table
<LI><a href="#[2a]">&gt;&gt;</a>&nbsp;&nbsp;&nbsp;__aeabi_errno_addr
</UL>
<BR>[Called By]<UL><LI><a href="#[29]">&gt;&gt;</a>&nbsp;&nbsp;&nbsp;atoi
</UL>

<P><STRONG><a name="[25]"></a>__scatterload</STRONG> (Thumb, 28 bytes, Stack size 0 bytes, init.o(.text))
<BR><BR>[Calls]<UL><LI><a href="#[2e]">&gt;&gt;</a>&nbsp;&nbsp;&nbsp;__main_after_scatterload
</UL>
<BR>[Called By]<UL><LI><a href="#[24]">&gt;&gt;</a>&nbsp;&nbsp;&nbsp;_main_scatterload
</UL>

<P><STRONG><a name="[2d6]"></a>__scatterload_rt2</STRONG> (Thumb, 0 bytes, Stack size 0 bytes, init.o(.text), UNUSED)

<P><STRONG><a name="[2c]"></a>__rt_ctype_table</STRONG> (Thumb, 4 bytes, Stack size 0 bytes, ctype_o.o(.text))
<BR><BR>[Called By]<UL><LI><a href="#[2b]">&gt;&gt;</a>&nbsp;&nbsp;&nbsp;strtol
</UL>

<P><STRONG><a name="[2d]"></a>_strtoul</STRONG> (Thumb, 166 bytes, Stack size 40 bytes, _strtoul.o(.text))
<BR><BR>[Stack]<UL><LI>Max Depth = 40<LI>Call Chain = _strtoul
</UL>
<BR>[Calls]<UL><LI><a href="#[2f]">&gt;&gt;</a>&nbsp;&nbsp;&nbsp;_chval
<LI><a href="#[2a]">&gt;&gt;</a>&nbsp;&nbsp;&nbsp;__aeabi_errno_addr
</UL>
<BR>[Called By]<UL><LI><a href="#[2b]">&gt;&gt;</a>&nbsp;&nbsp;&nbsp;strtol
</UL>

<P><STRONG><a name="[2f]"></a>_chval</STRONG> (Thumb, 30 bytes, Stack size 0 bytes, _chval.o(.text))
<BR><BR>[Called By]<UL><LI><a href="#[2d]">&gt;&gt;</a>&nbsp;&nbsp;&nbsp;_strtoul
</UL>

<P><STRONG><a name="[2d7]"></a>__decompress</STRONG> (Thumb, 0 bytes, Stack size unknown bytes, __dczerorl.o(.text), UNUSED)

<P><STRONG><a name="[2d8]"></a>__decompress0</STRONG> (Thumb, 58 bytes, Stack size unknown bytes, __dczerorl.o(.text), UNUSED)

<P><STRONG><a name="[b8]"></a>Error_Handler</STRONG> (Thumb, 4 bytes, Stack size 0 bytes, main.o(i.Error_Handler))
<BR><BR>[Called By]<UL><LI><a href="#[bb]">&gt;&gt;</a>&nbsp;&nbsp;&nbsp;boardInit
<LI><a href="#[bf]">&gt;&gt;</a>&nbsp;&nbsp;&nbsp;boardWdtInit
<LI><a href="#[d0]">&gt;&gt;</a>&nbsp;&nbsp;&nbsp;boardTimeSet
<LI><a href="#[b7]">&gt;&gt;</a>&nbsp;&nbsp;&nbsp;boardDateSet
</UL>

<P><STRONG><a name="[3c]"></a>HAL_GPIO_Init</STRONG> (Thumb, 330 bytes, Stack size 28 bytes, stm32g0xx_hal_gpio.o(i.HAL_GPIO_Init))
<BR><BR>[Stack]<UL><LI>Max Depth = 28<LI>Call Chain = HAL_GPIO_Init
</UL>
<BR>[Called By]<UL><LI><a href="#[5c]">&gt;&gt;</a>&nbsp;&nbsp;&nbsp;HAL_SPI_MspInit
<LI><a href="#[31]">&gt;&gt;</a>&nbsp;&nbsp;&nbsp;HAL_I2C_MspInit
<LI><a href="#[bb]">&gt;&gt;</a>&nbsp;&nbsp;&nbsp;boardInit
</UL>

<P><STRONG><a name="[b6]"></a>HAL_GPIO_ReadPin</STRONG> (Thumb, 10 bytes, Stack size 0 bytes, stm32g0xx_hal_gpio.o(i.HAL_GPIO_ReadPin))
<BR><BR>[Called By]<UL><LI><a href="#[cf]">&gt;&gt;</a>&nbsp;&nbsp;&nbsp;boardTestBtnGet
<LI><a href="#[c5]">&gt;&gt;</a>&nbsp;&nbsp;&nbsp;boardResetBtnGet
<LI><a href="#[b5]">&gt;&gt;</a>&nbsp;&nbsp;&nbsp;boardDALIISRGet
</UL>

<P><STRONG><a name="[b1]"></a>HAL_GPIO_WritePin</STRONG> (Thumb, 12 bytes, Stack size 0 bytes, stm32g0xx_hal_gpio.o(i.HAL_GPIO_WritePin))
<BR><BR>[Called By]<UL><LI><a href="#[bb]">&gt;&gt;</a>&nbsp;&nbsp;&nbsp;boardInit
<LI><a href="#[d2]">&gt;&gt;</a>&nbsp;&nbsp;&nbsp;boardW5100ResetON
<LI><a href="#[d1]">&gt;&gt;</a>&nbsp;&nbsp;&nbsp;boardW5100ResetOFF
<LI><a href="#[cd]">&gt;&gt;</a>&nbsp;&nbsp;&nbsp;boardSPIW5100SSEnable
<LI><a href="#[cc]">&gt;&gt;</a>&nbsp;&nbsp;&nbsp;boardSPIW5100SSDisable
<LI><a href="#[cb]">&gt;&gt;</a>&nbsp;&nbsp;&nbsp;boardSPIM25PSSEnable
<LI><a href="#[ca]">&gt;&gt;</a>&nbsp;&nbsp;&nbsp;boardSPIM25PSSDisable
<LI><a href="#[c3]">&gt;&gt;</a>&nbsp;&nbsp;&nbsp;boardLedVerdeON
<LI><a href="#[c2]">&gt;&gt;</a>&nbsp;&nbsp;&nbsp;boardLedVerdeOFF
<LI><a href="#[c1]">&gt;&gt;</a>&nbsp;&nbsp;&nbsp;boardLedRojoON
<LI><a href="#[c0]">&gt;&gt;</a>&nbsp;&nbsp;&nbsp;boardLedRojoOFF
<LI><a href="#[b4]">&gt;&gt;</a>&nbsp;&nbsp;&nbsp;boardAVR_SPI_CS_Enable
<LI><a href="#[b3]">&gt;&gt;</a>&nbsp;&nbsp;&nbsp;boardAVR_SPI_CS_Disable
<LI><a href="#[b2]">&gt;&gt;</a>&nbsp;&nbsp;&nbsp;boardAVRBootON
<LI><a href="#[b0]">&gt;&gt;</a>&nbsp;&nbsp;&nbsp;boardAVRBootOFF
</UL>

<P><STRONG><a name="[33]"></a>HAL_GetTick</STRONG> (Thumb, 6 bytes, Stack size 0 bytes, stm32g0xx_hal.o(i.HAL_GetTick))
<BR><BR>[Called By]<UL><LI><a href="#[38]">&gt;&gt;</a>&nbsp;&nbsp;&nbsp;HAL_I2C_Mem_Write
<LI><a href="#[32]">&gt;&gt;</a>&nbsp;&nbsp;&nbsp;HAL_I2C_Mem_Read
<LI><a href="#[3a]">&gt;&gt;</a>&nbsp;&nbsp;&nbsp;I2C_WaitOnTXISFlagUntilTimeout
<LI><a href="#[37]">&gt;&gt;</a>&nbsp;&nbsp;&nbsp;I2C_WaitOnSTOPFlagUntilTimeout
<LI><a href="#[34]">&gt;&gt;</a>&nbsp;&nbsp;&nbsp;I2C_WaitOnFlagUntilTimeout
<LI><a href="#[60]">&gt;&gt;</a>&nbsp;&nbsp;&nbsp;I2C_IsAcknowledgeFailed
<LI><a href="#[3d]">&gt;&gt;</a>&nbsp;&nbsp;&nbsp;HAL_IWDG_Init
<LI><a href="#[48]">&gt;&gt;</a>&nbsp;&nbsp;&nbsp;HAL_RCCEx_PeriphCLKConfig
<LI><a href="#[4b]">&gt;&gt;</a>&nbsp;&nbsp;&nbsp;HAL_RCC_OscConfig
<LI><a href="#[49]">&gt;&gt;</a>&nbsp;&nbsp;&nbsp;HAL_RCC_ClockConfig
<LI><a href="#[6a]">&gt;&gt;</a>&nbsp;&nbsp;&nbsp;SPI_WaitFlagStateUntilTimeout
<LI><a href="#[69]">&gt;&gt;</a>&nbsp;&nbsp;&nbsp;SPI_WaitFifoStateUntilTimeout
<LI><a href="#[54]">&gt;&gt;</a>&nbsp;&nbsp;&nbsp;RTC_EnterInitMode
<LI><a href="#[5a]">&gt;&gt;</a>&nbsp;&nbsp;&nbsp;HAL_RTC_WaitForSynchro
<LI><a href="#[56]">&gt;&gt;</a>&nbsp;&nbsp;&nbsp;HAL_RTC_SetAlarm_IT
<LI><a href="#[5f]">&gt;&gt;</a>&nbsp;&nbsp;&nbsp;HAL_SPI_TransmitReceive
<LI><a href="#[5d]">&gt;&gt;</a>&nbsp;&nbsp;&nbsp;HAL_SPI_Transmit
</UL>

<P><STRONG><a name="[bd]"></a>HAL_I2CEx_ConfigAnalogFilter</STRONG> (Thumb, 74 bytes, Stack size 16 bytes, stm32g0xx_hal_i2c_ex.o(i.HAL_I2CEx_ConfigAnalogFilter))
<BR><BR>[Stack]<UL><LI>Max Depth = 16<LI>Call Chain = HAL_I2CEx_ConfigAnalogFilter
</UL>
<BR>[Called By]<UL><LI><a href="#[bb]">&gt;&gt;</a>&nbsp;&nbsp;&nbsp;boardInit
</UL>

<P><STRONG><a name="[be]"></a>HAL_I2CEx_ConfigDigitalFilter</STRONG> (Thumb, 72 bytes, Stack size 16 bytes, stm32g0xx_hal_i2c_ex.o(i.HAL_I2CEx_ConfigDigitalFilter))
<BR><BR>[Stack]<UL><LI>Max Depth = 16<LI>Call Chain = HAL_I2CEx_ConfigDigitalFilter
</UL>
<BR>[Called By]<UL><LI><a href="#[bb]">&gt;&gt;</a>&nbsp;&nbsp;&nbsp;boardInit
</UL>

<P><STRONG><a name="[30]"></a>HAL_I2C_Init</STRONG> (Thumb, 176 bytes, Stack size 16 bytes, stm32g0xx_hal_i2c.o(i.HAL_I2C_Init))
<BR><BR>[Stack]<UL><LI>Max Depth = 76<LI>Call Chain = HAL_I2C_Init &rArr; HAL_I2C_MspInit &rArr; HAL_GPIO_Init
</UL>
<BR>[Calls]<UL><LI><a href="#[31]">&gt;&gt;</a>&nbsp;&nbsp;&nbsp;HAL_I2C_MspInit
</UL>
<BR>[Called By]<UL><LI><a href="#[bb]">&gt;&gt;</a>&nbsp;&nbsp;&nbsp;boardInit
</UL>

<P><STRONG><a name="[32]"></a>HAL_I2C_Mem_Read</STRONG> (Thumb, 332 bytes, Stack size 48 bytes, stm32g0xx_hal_i2c.o(i.HAL_I2C_Mem_Read))
<BR><BR>[Stack]<UL><LI>Max Depth = 120<LI>Call Chain = HAL_I2C_Mem_Read &rArr; I2C_RequestMemoryRead &rArr; I2C_WaitOnTXISFlagUntilTimeout &rArr; I2C_IsAcknowledgeFailed
</UL>
<BR>[Calls]<UL><LI><a href="#[37]">&gt;&gt;</a>&nbsp;&nbsp;&nbsp;I2C_WaitOnSTOPFlagUntilTimeout
<LI><a href="#[34]">&gt;&gt;</a>&nbsp;&nbsp;&nbsp;I2C_WaitOnFlagUntilTimeout
<LI><a href="#[36]">&gt;&gt;</a>&nbsp;&nbsp;&nbsp;I2C_TransferConfig
<LI><a href="#[35]">&gt;&gt;</a>&nbsp;&nbsp;&nbsp;I2C_RequestMemoryRead
<LI><a href="#[33]">&gt;&gt;</a>&nbsp;&nbsp;&nbsp;HAL_GetTick
</UL>
<BR>[Called By]<UL><LI><a href="#[b9]">&gt;&gt;</a>&nbsp;&nbsp;&nbsp;boardI2CRead
</UL>

<P><STRONG><a name="[38]"></a>HAL_I2C_Mem_Write</STRONG> (Thumb, 326 bytes, Stack size 48 bytes, stm32g0xx_hal_i2c.o(i.HAL_I2C_Mem_Write))
<BR><BR>[Stack]<UL><LI>Max Depth = 120<LI>Call Chain = HAL_I2C_Mem_Write &rArr; I2C_RequestMemoryWrite &rArr; I2C_WaitOnTXISFlagUntilTimeout &rArr; I2C_IsAcknowledgeFailed
</UL>
<BR>[Calls]<UL><LI><a href="#[3a]">&gt;&gt;</a>&nbsp;&nbsp;&nbsp;I2C_WaitOnTXISFlagUntilTimeout
<LI><a href="#[37]">&gt;&gt;</a>&nbsp;&nbsp;&nbsp;I2C_WaitOnSTOPFlagUntilTimeout
<LI><a href="#[34]">&gt;&gt;</a>&nbsp;&nbsp;&nbsp;I2C_WaitOnFlagUntilTimeout
<LI><a href="#[36]">&gt;&gt;</a>&nbsp;&nbsp;&nbsp;I2C_TransferConfig
<LI><a href="#[39]">&gt;&gt;</a>&nbsp;&nbsp;&nbsp;I2C_RequestMemoryWrite
<LI><a href="#[33]">&gt;&gt;</a>&nbsp;&nbsp;&nbsp;HAL_GetTick
</UL>
<BR>[Called By]<UL><LI><a href="#[ba]">&gt;&gt;</a>&nbsp;&nbsp;&nbsp;boardI2CWrite
</UL>

<P><STRONG><a name="[31]"></a>HAL_I2C_MspInit</STRONG> (Thumb, 84 bytes, Stack size 32 bytes, stm32g0xx_hal_msp.o(i.HAL_I2C_MspInit))
<BR><BR>[Stack]<UL><LI>Max Depth = 60<LI>Call Chain = HAL_I2C_MspInit &rArr; HAL_GPIO_Init
</UL>
<BR>[Calls]<UL><LI><a href="#[3c]">&gt;&gt;</a>&nbsp;&nbsp;&nbsp;HAL_GPIO_Init
<LI><a href="#[3b]">&gt;&gt;</a>&nbsp;&nbsp;&nbsp;__aeabi_memclr4
</UL>
<BR>[Called By]<UL><LI><a href="#[30]">&gt;&gt;</a>&nbsp;&nbsp;&nbsp;HAL_I2C_Init
</UL>

<P><STRONG><a name="[3d]"></a>HAL_IWDG_Init</STRONG> (Thumb, 86 bytes, Stack size 16 bytes, stm32g0xx_hal_iwdg.o(i.HAL_IWDG_Init))
<BR><BR>[Stack]<UL><LI>Max Depth = 16<LI>Call Chain = HAL_IWDG_Init
</UL>
<BR>[Calls]<UL><LI><a href="#[33]">&gt;&gt;</a>&nbsp;&nbsp;&nbsp;HAL_GetTick
</UL>
<BR>[Called By]<UL><LI><a href="#[bf]">&gt;&gt;</a>&nbsp;&nbsp;&nbsp;boardWdtInit
</UL>

<P><STRONG><a name="[d4]"></a>HAL_IWDG_Refresh</STRONG> (Thumb, 10 bytes, Stack size 0 bytes, stm32g0xx_hal_iwdg.o(i.HAL_IWDG_Refresh))
<BR><BR>[Called By]<UL><LI><a href="#[d3]">&gt;&gt;</a>&nbsp;&nbsp;&nbsp;boardWdtDoTask
</UL>

<P><STRONG><a name="[75]"></a>HAL_IncTick</STRONG> (Thumb, 12 bytes, Stack size 0 bytes, stm32g0xx_hal.o(i.HAL_IncTick))
<BR><BR>[Called By]<UL><LI><a href="#[5]">&gt;&gt;</a>&nbsp;&nbsp;&nbsp;SysTick_Handler
</UL>

<P><STRONG><a name="[3e]"></a>HAL_Init</STRONG> (Thumb, 36 bytes, Stack size 8 bytes, stm32g0xx_hal.o(i.HAL_Init))
<BR><BR>[Stack]<UL><LI>Max Depth = 36<LI>Call Chain = HAL_Init &rArr; HAL_InitTick &rArr; __aeabi_uidivmod
</UL>
<BR>[Calls]<UL><LI><a href="#[40]">&gt;&gt;</a>&nbsp;&nbsp;&nbsp;HAL_MspInit
<LI><a href="#[3f]">&gt;&gt;</a>&nbsp;&nbsp;&nbsp;HAL_InitTick
</UL>
<BR>[Called By]<UL><LI><a href="#[21]">&gt;&gt;</a>&nbsp;&nbsp;&nbsp;main
</UL>

<P><STRONG><a name="[3f]"></a>HAL_InitTick</STRONG> (Thumb, 64 bytes, Stack size 16 bytes, stm32g0xx_hal.o(i.HAL_InitTick))
<BR><BR>[Stack]<UL><LI>Max Depth = 28<LI>Call Chain = HAL_InitTick &rArr; __aeabi_uidivmod
</UL>
<BR>[Calls]<UL><LI><a href="#[43]">&gt;&gt;</a>&nbsp;&nbsp;&nbsp;HAL_NVIC_SetPriority
<LI><a href="#[42]">&gt;&gt;</a>&nbsp;&nbsp;&nbsp;HAL_SYSTICK_Config
<LI><a href="#[41]">&gt;&gt;</a>&nbsp;&nbsp;&nbsp;__aeabi_uidivmod
</UL>
<BR>[Called By]<UL><LI><a href="#[3e]">&gt;&gt;</a>&nbsp;&nbsp;&nbsp;HAL_Init
<LI><a href="#[4b]">&gt;&gt;</a>&nbsp;&nbsp;&nbsp;HAL_RCC_OscConfig
<LI><a href="#[49]">&gt;&gt;</a>&nbsp;&nbsp;&nbsp;HAL_RCC_ClockConfig
</UL>

<P><STRONG><a name="[40]"></a>HAL_MspInit</STRONG> (Thumb, 62 bytes, Stack size 8 bytes, stm32g0xx_hal_msp.o(i.HAL_MspInit))
<BR><BR>[Stack]<UL><LI>Max Depth = 16<LI>Call Chain = HAL_MspInit &rArr; HAL_NVIC_SetPriority
</UL>
<BR>[Calls]<UL><LI><a href="#[45]">&gt;&gt;</a>&nbsp;&nbsp;&nbsp;HAL_SYSCFG_StrobeDBattpinsConfig
<LI><a href="#[43]">&gt;&gt;</a>&nbsp;&nbsp;&nbsp;HAL_NVIC_SetPriority
<LI><a href="#[44]">&gt;&gt;</a>&nbsp;&nbsp;&nbsp;HAL_NVIC_EnableIRQ
</UL>
<BR>[Called By]<UL><LI><a href="#[3e]">&gt;&gt;</a>&nbsp;&nbsp;&nbsp;HAL_Init
</UL>

<P><STRONG><a name="[44]"></a>HAL_NVIC_EnableIRQ</STRONG> (Thumb, 18 bytes, Stack size 0 bytes, stm32g0xx_hal_cortex.o(i.HAL_NVIC_EnableIRQ))
<BR><BR>[Called By]<UL><LI><a href="#[53]">&gt;&gt;</a>&nbsp;&nbsp;&nbsp;HAL_RTC_MspInit
<LI><a href="#[40]">&gt;&gt;</a>&nbsp;&nbsp;&nbsp;HAL_MspInit
</UL>

<P><STRONG><a name="[43]"></a>HAL_NVIC_SetPriority</STRONG> (Thumb, 8 bytes, Stack size 8 bytes, stm32g0xx_hal_cortex.o(i.HAL_NVIC_SetPriority))
<BR><BR>[Stack]<UL><LI>Max Depth = 8<LI>Call Chain = HAL_NVIC_SetPriority
</UL>
<BR>[Calls]<UL><LI><a href="#[46]">&gt;&gt;</a>&nbsp;&nbsp;&nbsp;__NVIC_SetPriority
</UL>
<BR>[Called By]<UL><LI><a href="#[53]">&gt;&gt;</a>&nbsp;&nbsp;&nbsp;HAL_RTC_MspInit
<LI><a href="#[40]">&gt;&gt;</a>&nbsp;&nbsp;&nbsp;HAL_MspInit
<LI><a href="#[3f]">&gt;&gt;</a>&nbsp;&nbsp;&nbsp;HAL_InitTick
</UL>

<P><STRONG><a name="[47]"></a>HAL_PWREx_ControlVoltageScaling</STRONG> (Thumb, 62 bytes, Stack size 8 bytes, stm32g0xx_hal_pwr_ex.o(i.HAL_PWREx_ControlVoltageScaling))
<BR><BR>[Stack]<UL><LI>Max Depth = 20<LI>Call Chain = HAL_PWREx_ControlVoltageScaling &rArr; __aeabi_uidivmod
</UL>
<BR>[Calls]<UL><LI><a href="#[41]">&gt;&gt;</a>&nbsp;&nbsp;&nbsp;__aeabi_uidivmod
</UL>
<BR>[Called By]<UL><LI><a href="#[bb]">&gt;&gt;</a>&nbsp;&nbsp;&nbsp;boardInit
</UL>

<P><STRONG><a name="[bc]"></a>HAL_PWR_EnableBkUpAccess</STRONG> (Thumb, 12 bytes, Stack size 0 bytes, stm32g0xx_hal_pwr.o(i.HAL_PWR_EnableBkUpAccess))
<BR><BR>[Called By]<UL><LI><a href="#[bb]">&gt;&gt;</a>&nbsp;&nbsp;&nbsp;boardInit
</UL>

<P><STRONG><a name="[48]"></a>HAL_RCCEx_PeriphCLKConfig</STRONG> (Thumb, 338 bytes, Stack size 24 bytes, stm32g0xx_hal_rcc_ex.o(i.HAL_RCCEx_PeriphCLKConfig))
<BR><BR>[Stack]<UL><LI>Max Depth = 24<LI>Call Chain = HAL_RCCEx_PeriphCLKConfig
</UL>
<BR>[Calls]<UL><LI><a href="#[33]">&gt;&gt;</a>&nbsp;&nbsp;&nbsp;HAL_GetTick
</UL>
<BR>[Called By]<UL><LI><a href="#[bb]">&gt;&gt;</a>&nbsp;&nbsp;&nbsp;boardInit
</UL>

<P><STRONG><a name="[49]"></a>HAL_RCC_ClockConfig</STRONG> (Thumb, 318 bytes, Stack size 24 bytes, stm32g0xx_hal_rcc.o(i.HAL_RCC_ClockConfig))
<BR><BR>[Stack]<UL><LI>Max Depth = 52<LI>Call Chain = HAL_RCC_ClockConfig &rArr; HAL_InitTick &rArr; __aeabi_uidivmod
</UL>
<BR>[Calls]<UL><LI><a href="#[33]">&gt;&gt;</a>&nbsp;&nbsp;&nbsp;HAL_GetTick
<LI><a href="#[3f]">&gt;&gt;</a>&nbsp;&nbsp;&nbsp;HAL_InitTick
<LI><a href="#[4a]">&gt;&gt;</a>&nbsp;&nbsp;&nbsp;HAL_RCC_GetSysClockFreq
</UL>
<BR>[Called By]<UL><LI><a href="#[bb]">&gt;&gt;</a>&nbsp;&nbsp;&nbsp;boardInit
</UL>

<P><STRONG><a name="[4a]"></a>HAL_RCC_GetSysClockFreq</STRONG> (Thumb, 130 bytes, Stack size 8 bytes, stm32g0xx_hal_rcc.o(i.HAL_RCC_GetSysClockFreq))
<BR><BR>[Stack]<UL><LI>Max Depth = 20<LI>Call Chain = HAL_RCC_GetSysClockFreq &rArr; __aeabi_uidivmod
</UL>
<BR>[Calls]<UL><LI><a href="#[41]">&gt;&gt;</a>&nbsp;&nbsp;&nbsp;__aeabi_uidivmod
</UL>
<BR>[Called By]<UL><LI><a href="#[49]">&gt;&gt;</a>&nbsp;&nbsp;&nbsp;HAL_RCC_ClockConfig
</UL>

<P><STRONG><a name="[4b]"></a>HAL_RCC_OscConfig</STRONG> (Thumb, 954 bytes, Stack size 24 bytes, stm32g0xx_hal_rcc.o(i.HAL_RCC_OscConfig))
<BR><BR>[Stack]<UL><LI>Max Depth = 52<LI>Call Chain = HAL_RCC_OscConfig &rArr; HAL_InitTick &rArr; __aeabi_uidivmod
</UL>
<BR>[Calls]<UL><LI><a href="#[33]">&gt;&gt;</a>&nbsp;&nbsp;&nbsp;HAL_GetTick
<LI><a href="#[3f]">&gt;&gt;</a>&nbsp;&nbsp;&nbsp;HAL_InitTick
<LI><a href="#[41]">&gt;&gt;</a>&nbsp;&nbsp;&nbsp;__aeabi_uidivmod
</UL>
<BR>[Called By]<UL><LI><a href="#[bb]">&gt;&gt;</a>&nbsp;&nbsp;&nbsp;boardInit
</UL>

<P><STRONG><a name="[4e]"></a>HAL_RTCEx_AlarmBEventCallback</STRONG> (Thumb, 2 bytes, Stack size 0 bytes, stm32g0xx_hal_rtc_ex.o(i.HAL_RTCEx_AlarmBEventCallback))
<BR><BR>[Called By]<UL><LI><a href="#[4c]">&gt;&gt;</a>&nbsp;&nbsp;&nbsp;HAL_RTC_AlarmIRQHandler
</UL>

<P><STRONG><a name="[4d]"></a>HAL_RTC_AlarmAEventCallback</STRONG> (Thumb, 2 bytes, Stack size 0 bytes, stm32g0xx_hal_rtc.o(i.HAL_RTC_AlarmAEventCallback))
<BR><BR>[Called By]<UL><LI><a href="#[4c]">&gt;&gt;</a>&nbsp;&nbsp;&nbsp;HAL_RTC_AlarmIRQHandler
</UL>

<P><STRONG><a name="[4c]"></a>HAL_RTC_AlarmIRQHandler</STRONG> (Thumb, 68 bytes, Stack size 16 bytes, stm32g0xx_hal_rtc.o(i.HAL_RTC_AlarmIRQHandler))
<BR><BR>[Stack]<UL><LI>Max Depth = 16<LI>Call Chain = HAL_RTC_AlarmIRQHandler
</UL>
<BR>[Calls]<UL><LI><a href="#[4d]">&gt;&gt;</a>&nbsp;&nbsp;&nbsp;HAL_RTC_AlarmAEventCallback
<LI><a href="#[4e]">&gt;&gt;</a>&nbsp;&nbsp;&nbsp;HAL_RTCEx_AlarmBEventCallback
</UL>
<BR>[Called By]<UL><LI><a href="#[7]">&gt;&gt;</a>&nbsp;&nbsp;&nbsp;RTC_TAMP_IRQHandler
</UL>

<P><STRONG><a name="[4f]"></a>HAL_RTC_GetDate</STRONG> (Thumb, 68 bytes, Stack size 8 bytes, stm32g0xx_hal_rtc.o(i.HAL_RTC_GetDate))
<BR><BR>[Stack]<UL><LI>Max Depth = 8<LI>Call Chain = HAL_RTC_GetDate
</UL>
<BR>[Calls]<UL><LI><a href="#[50]">&gt;&gt;</a>&nbsp;&nbsp;&nbsp;RTC_Bcd2ToByte
</UL>
<BR>[Called By]<UL><LI><a href="#[7]">&gt;&gt;</a>&nbsp;&nbsp;&nbsp;RTC_TAMP_IRQHandler
</UL>

<P><STRONG><a name="[51]"></a>HAL_RTC_GetTime</STRONG> (Thumb, 82 bytes, Stack size 8 bytes, stm32g0xx_hal_rtc.o(i.HAL_RTC_GetTime))
<BR><BR>[Stack]<UL><LI>Max Depth = 8<LI>Call Chain = HAL_RTC_GetTime
</UL>
<BR>[Calls]<UL><LI><a href="#[50]">&gt;&gt;</a>&nbsp;&nbsp;&nbsp;RTC_Bcd2ToByte
</UL>
<BR>[Called By]<UL><LI><a href="#[7]">&gt;&gt;</a>&nbsp;&nbsp;&nbsp;RTC_TAMP_IRQHandler
</UL>

<P><STRONG><a name="[52]"></a>HAL_RTC_Init</STRONG> (Thumb, 160 bytes, Stack size 16 bytes, stm32g0xx_hal_rtc.o(i.HAL_RTC_Init))
<BR><BR>[Stack]<UL><LI>Max Depth = 56<LI>Call Chain = HAL_RTC_Init &rArr; RTC_ExitInitMode &rArr; HAL_RTC_WaitForSynchro
</UL>
<BR>[Calls]<UL><LI><a href="#[53]">&gt;&gt;</a>&nbsp;&nbsp;&nbsp;HAL_RTC_MspInit
<LI><a href="#[55]">&gt;&gt;</a>&nbsp;&nbsp;&nbsp;RTC_ExitInitMode
<LI><a href="#[54]">&gt;&gt;</a>&nbsp;&nbsp;&nbsp;RTC_EnterInitMode
</UL>
<BR>[Called By]<UL><LI><a href="#[bb]">&gt;&gt;</a>&nbsp;&nbsp;&nbsp;boardInit
</UL>

<P><STRONG><a name="[53]"></a>HAL_RTC_MspInit</STRONG> (Thumb, 58 bytes, Stack size 8 bytes, stm32g0xx_hal_msp.o(i.HAL_RTC_MspInit))
<BR><BR>[Stack]<UL><LI>Max Depth = 16<LI>Call Chain = HAL_RTC_MspInit &rArr; HAL_NVIC_SetPriority
</UL>
<BR>[Calls]<UL><LI><a href="#[43]">&gt;&gt;</a>&nbsp;&nbsp;&nbsp;HAL_NVIC_SetPriority
<LI><a href="#[44]">&gt;&gt;</a>&nbsp;&nbsp;&nbsp;HAL_NVIC_EnableIRQ
</UL>
<BR>[Called By]<UL><LI><a href="#[52]">&gt;&gt;</a>&nbsp;&nbsp;&nbsp;HAL_RTC_Init
</UL>

<P><STRONG><a name="[56]"></a>HAL_RTC_SetAlarm_IT</STRONG> (Thumb, 378 bytes, Stack size 32 bytes, stm32g0xx_hal_rtc.o(i.HAL_RTC_SetAlarm_IT))
<BR><BR>[Stack]<UL><LI>Max Depth = 32<LI>Call Chain = HAL_RTC_SetAlarm_IT
</UL>
<BR>[Calls]<UL><LI><a href="#[33]">&gt;&gt;</a>&nbsp;&nbsp;&nbsp;HAL_GetTick
<LI><a href="#[57]">&gt;&gt;</a>&nbsp;&nbsp;&nbsp;RTC_ByteToBcd2
</UL>
<BR>[Called By]<UL><LI><a href="#[bb]">&gt;&gt;</a>&nbsp;&nbsp;&nbsp;boardInit
</UL>

<P><STRONG><a name="[58]"></a>HAL_RTC_SetDate</STRONG> (Thumb, 152 bytes, Stack size 24 bytes, stm32g0xx_hal_rtc.o(i.HAL_RTC_SetDate))
<BR><BR>[Stack]<UL><LI>Max Depth = 64<LI>Call Chain = HAL_RTC_SetDate &rArr; RTC_ExitInitMode &rArr; HAL_RTC_WaitForSynchro
</UL>
<BR>[Calls]<UL><LI><a href="#[55]">&gt;&gt;</a>&nbsp;&nbsp;&nbsp;RTC_ExitInitMode
<LI><a href="#[54]">&gt;&gt;</a>&nbsp;&nbsp;&nbsp;RTC_EnterInitMode
<LI><a href="#[57]">&gt;&gt;</a>&nbsp;&nbsp;&nbsp;RTC_ByteToBcd2
</UL>
<BR>[Called By]<UL><LI><a href="#[b7]">&gt;&gt;</a>&nbsp;&nbsp;&nbsp;boardDateSet
</UL>

<P><STRONG><a name="[59]"></a>HAL_RTC_SetTime</STRONG> (Thumb, 188 bytes, Stack size 32 bytes, stm32g0xx_hal_rtc.o(i.HAL_RTC_SetTime))
<BR><BR>[Stack]<UL><LI>Max Depth = 72<LI>Call Chain = HAL_RTC_SetTime &rArr; RTC_ExitInitMode &rArr; HAL_RTC_WaitForSynchro
</UL>
<BR>[Calls]<UL><LI><a href="#[55]">&gt;&gt;</a>&nbsp;&nbsp;&nbsp;RTC_ExitInitMode
<LI><a href="#[54]">&gt;&gt;</a>&nbsp;&nbsp;&nbsp;RTC_EnterInitMode
<LI><a href="#[57]">&gt;&gt;</a>&nbsp;&nbsp;&nbsp;RTC_ByteToBcd2
</UL>
<BR>[Called By]<UL><LI><a href="#[d0]">&gt;&gt;</a>&nbsp;&nbsp;&nbsp;boardTimeSet
</UL>

<P><STRONG><a name="[5a]"></a>HAL_RTC_WaitForSynchro</STRONG> (Thumb, 52 bytes, Stack size 16 bytes, stm32g0xx_hal_rtc.o(i.HAL_RTC_WaitForSynchro))
<BR><BR>[Stack]<UL><LI>Max Depth = 16<LI>Call Chain = HAL_RTC_WaitForSynchro
</UL>
<BR>[Calls]<UL><LI><a href="#[33]">&gt;&gt;</a>&nbsp;&nbsp;&nbsp;HAL_GetTick
</UL>
<BR>[Called By]<UL><LI><a href="#[55]">&gt;&gt;</a>&nbsp;&nbsp;&nbsp;RTC_ExitInitMode
</UL>

<P><STRONG><a name="[5b]"></a>HAL_SPI_Init</STRONG> (Thumb, 238 bytes, Stack size 24 bytes, stm32g0xx_hal_spi.o(i.HAL_SPI_Init))
<BR><BR>[Stack]<UL><LI>Max Depth = 92<LI>Call Chain = HAL_SPI_Init &rArr; HAL_SPI_MspInit &rArr; HAL_GPIO_Init
</UL>
<BR>[Calls]<UL><LI><a href="#[5c]">&gt;&gt;</a>&nbsp;&nbsp;&nbsp;HAL_SPI_MspInit
</UL>
<BR>[Called By]<UL><LI><a href="#[bb]">&gt;&gt;</a>&nbsp;&nbsp;&nbsp;boardInit
</UL>

<P><STRONG><a name="[5c]"></a>HAL_SPI_MspInit</STRONG> (Thumb, 138 bytes, Stack size 40 bytes, stm32g0xx_hal_msp.o(i.HAL_SPI_MspInit))
<BR><BR>[Stack]<UL><LI>Max Depth = 68<LI>Call Chain = HAL_SPI_MspInit &rArr; HAL_GPIO_Init
</UL>
<BR>[Calls]<UL><LI><a href="#[3c]">&gt;&gt;</a>&nbsp;&nbsp;&nbsp;HAL_GPIO_Init
<LI><a href="#[3b]">&gt;&gt;</a>&nbsp;&nbsp;&nbsp;__aeabi_memclr4
</UL>
<BR>[Called By]<UL><LI><a href="#[5b]">&gt;&gt;</a>&nbsp;&nbsp;&nbsp;HAL_SPI_Init
</UL>

<P><STRONG><a name="[5d]"></a>HAL_SPI_Transmit</STRONG> (Thumb, 352 bytes, Stack size 40 bytes, stm32g0xx_hal_spi.o(i.HAL_SPI_Transmit))
<BR><BR>[Stack]<UL><LI>Max Depth = 112<LI>Call Chain = HAL_SPI_Transmit &rArr; SPI_EndRxTxTransaction &rArr; SPI_WaitFifoStateUntilTimeout
</UL>
<BR>[Calls]<UL><LI><a href="#[33]">&gt;&gt;</a>&nbsp;&nbsp;&nbsp;HAL_GetTick
<LI><a href="#[5e]">&gt;&gt;</a>&nbsp;&nbsp;&nbsp;SPI_EndRxTxTransaction
</UL>
<BR>[Called By]<UL><LI><a href="#[c9]">&gt;&gt;</a>&nbsp;&nbsp;&nbsp;boardSPI2Write
<LI><a href="#[c7]">&gt;&gt;</a>&nbsp;&nbsp;&nbsp;boardSPI1Write
</UL>

<P><STRONG><a name="[5f]"></a>HAL_SPI_TransmitReceive</STRONG> (Thumb, 498 bytes, Stack size 48 bytes, stm32g0xx_hal_spi.o(i.HAL_SPI_TransmitReceive))
<BR><BR>[Stack]<UL><LI>Max Depth = 120<LI>Call Chain = HAL_SPI_TransmitReceive &rArr; SPI_EndRxTxTransaction &rArr; SPI_WaitFifoStateUntilTimeout
</UL>
<BR>[Calls]<UL><LI><a href="#[33]">&gt;&gt;</a>&nbsp;&nbsp;&nbsp;HAL_GetTick
<LI><a href="#[5e]">&gt;&gt;</a>&nbsp;&nbsp;&nbsp;SPI_EndRxTxTransaction
</UL>
<BR>[Called By]<UL><LI><a href="#[c8]">&gt;&gt;</a>&nbsp;&nbsp;&nbsp;boardSPI2Read
<LI><a href="#[c6]">&gt;&gt;</a>&nbsp;&nbsp;&nbsp;boardSPI1Read
</UL>

<P><STRONG><a name="[45]"></a>HAL_SYSCFG_StrobeDBattpinsConfig</STRONG> (Thumb, 16 bytes, Stack size 0 bytes, stm32g0xx_hal.o(i.HAL_SYSCFG_StrobeDBattpinsConfig))
<BR><BR>[Called By]<UL><LI><a href="#[40]">&gt;&gt;</a>&nbsp;&nbsp;&nbsp;HAL_MspInit
</UL>

<P><STRONG><a name="[42]"></a>HAL_SYSTICK_Config</STRONG> (Thumb, 38 bytes, Stack size 8 bytes, stm32g0xx_hal_cortex.o(i.HAL_SYSTICK_Config))
<BR><BR>[Stack]<UL><LI>Max Depth = 8<LI>Call Chain = HAL_SYSTICK_Config
</UL>
<BR>[Calls]<UL><LI><a href="#[46]">&gt;&gt;</a>&nbsp;&nbsp;&nbsp;__NVIC_SetPriority
</UL>
<BR>[Called By]<UL><LI><a href="#[3f]">&gt;&gt;</a>&nbsp;&nbsp;&nbsp;HAL_InitTick
</UL>

<P><STRONG><a name="[2]"></a>HardFault_Handler</STRONG> (Thumb, 2 bytes, Stack size 0 bytes, stm32g0xx_it.o(i.HardFault_Handler))
<BR><BR>[Calls]<UL><LI><a href="#[2]">&gt;&gt;</a>&nbsp;&nbsp;&nbsp;HardFault_Handler
</UL>
<BR>[Called By]<UL><LI><a href="#[2]">&gt;&gt;</a>&nbsp;&nbsp;&nbsp;HardFault_Handler
</UL>
<BR>[Address Reference Count : 1]<UL><LI> startup_stm32g070xx.o(RESET)
</UL>
<P><STRONG><a name="[62]"></a>IINCHIP_READ</STRONG> (Thumb, 42 bytes, Stack size 8 bytes, w5100.o(i.IINCHIP_READ))
<BR><BR>[Stack]<UL><LI>Max Depth = 152<LI>Call Chain = IINCHIP_READ &rArr; spiIINCHIP_SpiRecvData &rArr; boardSPI2Read &rArr; HAL_SPI_TransmitReceive &rArr; SPI_EndRxTxTransaction &rArr; SPI_WaitFifoStateUntilTimeout
</UL>
<BR>[Calls]<UL><LI><a href="#[64]">&gt;&gt;</a>&nbsp;&nbsp;&nbsp;spiIINCHIP_SpiSendData
<LI><a href="#[65]">&gt;&gt;</a>&nbsp;&nbsp;&nbsp;spiIINCHIP_SpiRecvData
<LI><a href="#[66]">&gt;&gt;</a>&nbsp;&nbsp;&nbsp;spiIINCHIP_CSon_w5100
<LI><a href="#[63]">&gt;&gt;</a>&nbsp;&nbsp;&nbsp;spiIINCHIP_CSoff_w5100
</UL>
<BR>[Called By]<UL><LI><a href="#[e5]">&gt;&gt;</a>&nbsp;&nbsp;&nbsp;close
<LI><a href="#[1bd]">&gt;&gt;</a>&nbsp;&nbsp;&nbsp;socket
<LI><a href="#[79]">&gt;&gt;</a>&nbsp;&nbsp;&nbsp;sendto
<LI><a href="#[1b8]">&gt;&gt;</a>&nbsp;&nbsp;&nbsp;recv
<LI><a href="#[1b6]">&gt;&gt;</a>&nbsp;&nbsp;&nbsp;getSn_RX_RSR
<LI><a href="#[266]">&gt;&gt;</a>&nbsp;&nbsp;&nbsp;send
<LI><a href="#[209]">&gt;&gt;</a>&nbsp;&nbsp;&nbsp;listen
<LI><a href="#[1e5]">&gt;&gt;</a>&nbsp;&nbsp;&nbsp;getSn_SR
<LI><a href="#[1af]">&gt;&gt;</a>&nbsp;&nbsp;&nbsp;disconnect
<LI><a href="#[e4]">&gt;&gt;</a>&nbsp;&nbsp;&nbsp;getSIPR
<LI><a href="#[268]">&gt;&gt;</a>&nbsp;&nbsp;&nbsp;send_data_processing
<LI><a href="#[25b]">&gt;&gt;</a>&nbsp;&nbsp;&nbsp;recv_data_processing
<LI><a href="#[1e6]">&gt;&gt;</a>&nbsp;&nbsp;&nbsp;getSn_TX_FSR
</UL>

<P><STRONG><a name="[67]"></a>IINCHIP_WRITE</STRONG> (Thumb, 44 bytes, Stack size 16 bytes, w5100.o(i.IINCHIP_WRITE))
<BR><BR>[Stack]<UL><LI>Max Depth = 144<LI>Call Chain = IINCHIP_WRITE &rArr; spiIINCHIP_SpiSendData &rArr; boardSPI2Write &rArr; HAL_SPI_Transmit &rArr; SPI_EndRxTxTransaction &rArr; SPI_WaitFifoStateUntilTimeout
</UL>
<BR>[Calls]<UL><LI><a href="#[64]">&gt;&gt;</a>&nbsp;&nbsp;&nbsp;spiIINCHIP_SpiSendData
<LI><a href="#[66]">&gt;&gt;</a>&nbsp;&nbsp;&nbsp;spiIINCHIP_CSon_w5100
<LI><a href="#[63]">&gt;&gt;</a>&nbsp;&nbsp;&nbsp;spiIINCHIP_CSoff_w5100
</UL>
<BR>[Called By]<UL><LI><a href="#[1bc]">&gt;&gt;</a>&nbsp;&nbsp;&nbsp;setSn_PROTO
<LI><a href="#[e5]">&gt;&gt;</a>&nbsp;&nbsp;&nbsp;close
<LI><a href="#[1e0]">&gt;&gt;</a>&nbsp;&nbsp;&nbsp;sysinit
<LI><a href="#[1bd]">&gt;&gt;</a>&nbsp;&nbsp;&nbsp;socket
<LI><a href="#[1df]">&gt;&gt;</a>&nbsp;&nbsp;&nbsp;setSIPR
<LI><a href="#[1dd]">&gt;&gt;</a>&nbsp;&nbsp;&nbsp;setSHAR
<LI><a href="#[1dc]">&gt;&gt;</a>&nbsp;&nbsp;&nbsp;setGAR
<LI><a href="#[af]">&gt;&gt;</a>&nbsp;&nbsp;&nbsp;applySUBR
<LI><a href="#[79]">&gt;&gt;</a>&nbsp;&nbsp;&nbsp;sendto
<LI><a href="#[1b8]">&gt;&gt;</a>&nbsp;&nbsp;&nbsp;recv
<LI><a href="#[266]">&gt;&gt;</a>&nbsp;&nbsp;&nbsp;send
<LI><a href="#[209]">&gt;&gt;</a>&nbsp;&nbsp;&nbsp;listen
<LI><a href="#[1af]">&gt;&gt;</a>&nbsp;&nbsp;&nbsp;disconnect
<LI><a href="#[1f7]">&gt;&gt;</a>&nbsp;&nbsp;&nbsp;setMR
<LI><a href="#[268]">&gt;&gt;</a>&nbsp;&nbsp;&nbsp;send_data_processing
<LI><a href="#[25b]">&gt;&gt;</a>&nbsp;&nbsp;&nbsp;recv_data_processing
<LI><a href="#[e3]">&gt;&gt;</a>&nbsp;&nbsp;&nbsp;clearSUBR
</UL>

<P><STRONG><a name="[1]"></a>NMI_Handler</STRONG> (Thumb, 2 bytes, Stack size 0 bytes, stm32g0xx_it.o(i.NMI_Handler))
<BR><BR>[Calls]<UL><LI><a href="#[1]">&gt;&gt;</a>&nbsp;&nbsp;&nbsp;NMI_Handler
</UL>
<BR>[Called By]<UL><LI><a href="#[1]">&gt;&gt;</a>&nbsp;&nbsp;&nbsp;NMI_Handler
</UL>
<BR>[Address Reference Count : 1]<UL><LI> startup_stm32g070xx.o(RESET)
</UL>
<P><STRONG><a name="[4]"></a>PendSV_Handler</STRONG> (Thumb, 2 bytes, Stack size 0 bytes, stm32g0xx_it.o(i.PendSV_Handler))
<BR>[Address Reference Count : 1]<UL><LI> startup_stm32g070xx.o(RESET)
</UL>
<P><STRONG><a name="[182]"></a>QuerySensorEnabledCb</STRONG> (Thumb, 36 bytes, Stack size 8 bytes, sensorscanning.o(i.QuerySensorEnabledCb))
<BR><BR>[Stack]<UL><LI>Max Depth = 8<LI>Call Chain = QuerySensorEnabledCb
</UL>
<BR>[Called By]<UL><LI><a href="#[163]">&gt;&gt;</a>&nbsp;&nbsp;&nbsp;daliSensoresDaliNotifyCb
</UL>

<P><STRONG><a name="[183]"></a>QuerySensorModeCb</STRONG> (Thumb, 36 bytes, Stack size 8 bytes, sensorscanning.o(i.QuerySensorModeCb))
<BR><BR>[Stack]<UL><LI>Max Depth = 8<LI>Call Chain = QuerySensorModeCb
</UL>
<BR>[Called By]<UL><LI><a href="#[163]">&gt;&gt;</a>&nbsp;&nbsp;&nbsp;daliSensoresDaliNotifyCb
</UL>

<P><STRONG><a name="[184]"></a>QuerySensorSerial1Cb</STRONG> (Thumb, 40 bytes, Stack size 8 bytes, sensorscanning.o(i.QuerySensorSerial1Cb))
<BR><BR>[Stack]<UL><LI>Max Depth = 8<LI>Call Chain = QuerySensorSerial1Cb
</UL>
<BR>[Called By]<UL><LI><a href="#[163]">&gt;&gt;</a>&nbsp;&nbsp;&nbsp;daliSensoresDaliNotifyCb
</UL>

<P><STRONG><a name="[185]"></a>QuerySensorSerial2Cb</STRONG> (Thumb, 40 bytes, Stack size 8 bytes, sensorscanning.o(i.QuerySensorSerial2Cb))
<BR><BR>[Stack]<UL><LI>Max Depth = 8<LI>Call Chain = QuerySensorSerial2Cb
</UL>
<BR>[Called By]<UL><LI><a href="#[163]">&gt;&gt;</a>&nbsp;&nbsp;&nbsp;daliSensoresDaliNotifyCb
</UL>

<P><STRONG><a name="[186]"></a>QuerySensorSerial3Cb</STRONG> (Thumb, 40 bytes, Stack size 8 bytes, sensorscanning.o(i.QuerySensorSerial3Cb))
<BR><BR>[Stack]<UL><LI>Max Depth = 8<LI>Call Chain = QuerySensorSerial3Cb
</UL>
<BR>[Called By]<UL><LI><a href="#[163]">&gt;&gt;</a>&nbsp;&nbsp;&nbsp;daliSensoresDaliNotifyCb
</UL>

<P><STRONG><a name="[187]"></a>QuerySensorSerial4Cb</STRONG> (Thumb, 40 bytes, Stack size 8 bytes, sensorscanning.o(i.QuerySensorSerial4Cb))
<BR><BR>[Stack]<UL><LI>Max Depth = 8<LI>Call Chain = QuerySensorSerial4Cb
</UL>
<BR>[Called By]<UL><LI><a href="#[163]">&gt;&gt;</a>&nbsp;&nbsp;&nbsp;daliSensoresDaliNotifyCb
</UL>

<P><STRONG><a name="[181]"></a>QuerySensorTypeCb</STRONG> (Thumb, 36 bytes, Stack size 8 bytes, sensorscanning.o(i.QuerySensorTypeCb))
<BR><BR>[Stack]<UL><LI>Max Depth = 8<LI>Call Chain = QuerySensorTypeCb
</UL>
<BR>[Called By]<UL><LI><a href="#[163]">&gt;&gt;</a>&nbsp;&nbsp;&nbsp;daliSensoresDaliNotifyCb
</UL>

<P><STRONG><a name="[9]"></a>RCC_IRQHandler</STRONG> (Thumb, 2 bytes, Stack size 0 bytes, stm32g0xx_it.o(i.RCC_IRQHandler))
<BR>[Address Reference Count : 1]<UL><LI> startup_stm32g070xx.o(RESET)
</UL>
<P><STRONG><a name="[50]"></a>RTC_Bcd2ToByte</STRONG> (Thumb, 16 bytes, Stack size 0 bytes, stm32g0xx_hal_rtc.o(i.RTC_Bcd2ToByte))
<BR><BR>[Called By]<UL><LI><a href="#[51]">&gt;&gt;</a>&nbsp;&nbsp;&nbsp;HAL_RTC_GetTime
<LI><a href="#[4f]">&gt;&gt;</a>&nbsp;&nbsp;&nbsp;HAL_RTC_GetDate
</UL>

<P><STRONG><a name="[57]"></a>RTC_ByteToBcd2</STRONG> (Thumb, 24 bytes, Stack size 0 bytes, stm32g0xx_hal_rtc.o(i.RTC_ByteToBcd2))
<BR><BR>[Called By]<UL><LI><a href="#[59]">&gt;&gt;</a>&nbsp;&nbsp;&nbsp;HAL_RTC_SetTime
<LI><a href="#[58]">&gt;&gt;</a>&nbsp;&nbsp;&nbsp;HAL_RTC_SetDate
<LI><a href="#[56]">&gt;&gt;</a>&nbsp;&nbsp;&nbsp;HAL_RTC_SetAlarm_IT
</UL>

<P><STRONG><a name="[54]"></a>RTC_EnterInitMode</STRONG> (Thumb, 68 bytes, Stack size 24 bytes, stm32g0xx_hal_rtc.o(i.RTC_EnterInitMode))
<BR><BR>[Stack]<UL><LI>Max Depth = 24<LI>Call Chain = RTC_EnterInitMode
</UL>
<BR>[Calls]<UL><LI><a href="#[33]">&gt;&gt;</a>&nbsp;&nbsp;&nbsp;HAL_GetTick
</UL>
<BR>[Called By]<UL><LI><a href="#[59]">&gt;&gt;</a>&nbsp;&nbsp;&nbsp;HAL_RTC_SetTime
<LI><a href="#[58]">&gt;&gt;</a>&nbsp;&nbsp;&nbsp;HAL_RTC_SetDate
<LI><a href="#[52]">&gt;&gt;</a>&nbsp;&nbsp;&nbsp;HAL_RTC_Init
</UL>

<P><STRONG><a name="[55]"></a>RTC_ExitInitMode</STRONG> (Thumb, 74 bytes, Stack size 24 bytes, stm32g0xx_hal_rtc.o(i.RTC_ExitInitMode))
<BR><BR>[Stack]<UL><LI>Max Depth = 40<LI>Call Chain = RTC_ExitInitMode &rArr; HAL_RTC_WaitForSynchro
</UL>
<BR>[Calls]<UL><LI><a href="#[5a]">&gt;&gt;</a>&nbsp;&nbsp;&nbsp;HAL_RTC_WaitForSynchro
</UL>
<BR>[Called By]<UL><LI><a href="#[59]">&gt;&gt;</a>&nbsp;&nbsp;&nbsp;HAL_RTC_SetTime
<LI><a href="#[58]">&gt;&gt;</a>&nbsp;&nbsp;&nbsp;HAL_RTC_SetDate
<LI><a href="#[52]">&gt;&gt;</a>&nbsp;&nbsp;&nbsp;HAL_RTC_Init
</UL>

<P><STRONG><a name="[7]"></a>RTC_TAMP_IRQHandler</STRONG> (Thumb, 84 bytes, Stack size 40 bytes, stm32g0xx_it.o(i.RTC_TAMP_IRQHandler))
<BR><BR>[Stack]<UL><LI>Max Depth = 712<LI>Call Chain = RTC_TAMP_IRQHandler &rArr; boardRTCTick &rArr; rtccTick &rArr; rtccSecondsTick &rArr; sensoresRtcTick &rArr; interfacesRtcTick &rArr; normaLinkSensoresBuscarInterfacesSend &rArr; ethSendFrame &rArr; sendto &rArr; send_data_processing &rArr; write_data &rArr; wiz_write_buf &rArr; spiIINCHIP_SpiSendData &rArr; boardSPI2Write &rArr; HAL_SPI_Transmit &rArr; SPI_EndRxTxTransaction &rArr; SPI_WaitFifoStateUntilTimeout
</UL>
<BR>[Calls]<UL><LI><a href="#[68]">&gt;&gt;</a>&nbsp;&nbsp;&nbsp;boardRTCTick
<LI><a href="#[51]">&gt;&gt;</a>&nbsp;&nbsp;&nbsp;HAL_RTC_GetTime
<LI><a href="#[4f]">&gt;&gt;</a>&nbsp;&nbsp;&nbsp;HAL_RTC_GetDate
<LI><a href="#[4c]">&gt;&gt;</a>&nbsp;&nbsp;&nbsp;HAL_RTC_AlarmIRQHandler
<LI><a href="#[3b]">&gt;&gt;</a>&nbsp;&nbsp;&nbsp;__aeabi_memclr4
</UL>
<BR>[Address Reference Count : 1]<UL><LI> startup_stm32g070xx.o(RESET)
</UL>
<P><STRONG><a name="[3]"></a>SVC_Handler</STRONG> (Thumb, 2 bytes, Stack size 0 bytes, stm32g0xx_it.o(i.SVC_Handler))
<BR>[Address Reference Count : 1]<UL><LI> startup_stm32g070xx.o(RESET)
</UL>
<P><STRONG><a name="[6b]"></a>SendQuerySensorEnabled</STRONG> (Thumb, 52 bytes, Stack size 32 bytes, sensorscanning.o(i.SendQuerySensorEnabled))
<BR><BR>[Stack]<UL><LI>Max Depth = 64<LI>Call Chain = SendQuerySensorEnabled &rArr; sysTickDelay &rArr; wdtDoTask &rArr; boardWdtDoTask
</UL>
<BR>[Calls]<UL><LI><a href="#[6c]">&gt;&gt;</a>&nbsp;&nbsp;&nbsp;sysTickDelay
<LI><a href="#[6d]">&gt;&gt;</a>&nbsp;&nbsp;&nbsp;daliSend
</UL>
<BR>[Called By]<UL><LI><a href="#[21b]">&gt;&gt;</a>&nbsp;&nbsp;&nbsp;sensorScanningDoTask
</UL>

<P><STRONG><a name="[6e]"></a>SendQuerySensorMode</STRONG> (Thumb, 52 bytes, Stack size 32 bytes, sensorscanning.o(i.SendQuerySensorMode))
<BR><BR>[Stack]<UL><LI>Max Depth = 64<LI>Call Chain = SendQuerySensorMode &rArr; sysTickDelay &rArr; wdtDoTask &rArr; boardWdtDoTask
</UL>
<BR>[Calls]<UL><LI><a href="#[6c]">&gt;&gt;</a>&nbsp;&nbsp;&nbsp;sysTickDelay
<LI><a href="#[6d]">&gt;&gt;</a>&nbsp;&nbsp;&nbsp;daliSend
</UL>
<BR>[Called By]<UL><LI><a href="#[21b]">&gt;&gt;</a>&nbsp;&nbsp;&nbsp;sensorScanningDoTask
</UL>

<P><STRONG><a name="[6f]"></a>SendQuerySensorSerial1</STRONG> (Thumb, 52 bytes, Stack size 32 bytes, sensorscanning.o(i.SendQuerySensorSerial1))
<BR><BR>[Stack]<UL><LI>Max Depth = 64<LI>Call Chain = SendQuerySensorSerial1 &rArr; sysTickDelay &rArr; wdtDoTask &rArr; boardWdtDoTask
</UL>
<BR>[Calls]<UL><LI><a href="#[6c]">&gt;&gt;</a>&nbsp;&nbsp;&nbsp;sysTickDelay
<LI><a href="#[6d]">&gt;&gt;</a>&nbsp;&nbsp;&nbsp;daliSend
</UL>
<BR>[Called By]<UL><LI><a href="#[21b]">&gt;&gt;</a>&nbsp;&nbsp;&nbsp;sensorScanningDoTask
</UL>

<P><STRONG><a name="[70]"></a>SendQuerySensorSerial2</STRONG> (Thumb, 52 bytes, Stack size 32 bytes, sensorscanning.o(i.SendQuerySensorSerial2))
<BR><BR>[Stack]<UL><LI>Max Depth = 64<LI>Call Chain = SendQuerySensorSerial2 &rArr; sysTickDelay &rArr; wdtDoTask &rArr; boardWdtDoTask
</UL>
<BR>[Calls]<UL><LI><a href="#[6c]">&gt;&gt;</a>&nbsp;&nbsp;&nbsp;sysTickDelay
<LI><a href="#[6d]">&gt;&gt;</a>&nbsp;&nbsp;&nbsp;daliSend
</UL>
<BR>[Called By]<UL><LI><a href="#[21b]">&gt;&gt;</a>&nbsp;&nbsp;&nbsp;sensorScanningDoTask
</UL>

<P><STRONG><a name="[71]"></a>SendQuerySensorSerial3</STRONG> (Thumb, 52 bytes, Stack size 32 bytes, sensorscanning.o(i.SendQuerySensorSerial3))
<BR><BR>[Stack]<UL><LI>Max Depth = 64<LI>Call Chain = SendQuerySensorSerial3 &rArr; sysTickDelay &rArr; wdtDoTask &rArr; boardWdtDoTask
</UL>
<BR>[Calls]<UL><LI><a href="#[6c]">&gt;&gt;</a>&nbsp;&nbsp;&nbsp;sysTickDelay
<LI><a href="#[6d]">&gt;&gt;</a>&nbsp;&nbsp;&nbsp;daliSend
</UL>
<BR>[Called By]<UL><LI><a href="#[21b]">&gt;&gt;</a>&nbsp;&nbsp;&nbsp;sensorScanningDoTask
</UL>

<P><STRONG><a name="[72]"></a>SendQuerySensorSerial4</STRONG> (Thumb, 52 bytes, Stack size 32 bytes, sensorscanning.o(i.SendQuerySensorSerial4))
<BR><BR>[Stack]<UL><LI>Max Depth = 64<LI>Call Chain = SendQuerySensorSerial4 &rArr; sysTickDelay &rArr; wdtDoTask &rArr; boardWdtDoTask
</UL>
<BR>[Calls]<UL><LI><a href="#[6c]">&gt;&gt;</a>&nbsp;&nbsp;&nbsp;sysTickDelay
<LI><a href="#[6d]">&gt;&gt;</a>&nbsp;&nbsp;&nbsp;daliSend
</UL>
<BR>[Called By]<UL><LI><a href="#[21b]">&gt;&gt;</a>&nbsp;&nbsp;&nbsp;sensorScanningDoTask
</UL>

<P><STRONG><a name="[73]"></a>SendQuerySensorType</STRONG> (Thumb, 52 bytes, Stack size 32 bytes, sensorscanning.o(i.SendQuerySensorType))
<BR><BR>[Stack]<UL><LI>Max Depth = 64<LI>Call Chain = SendQuerySensorType &rArr; sysTickDelay &rArr; wdtDoTask &rArr; boardWdtDoTask
</UL>
<BR>[Calls]<UL><LI><a href="#[6c]">&gt;&gt;</a>&nbsp;&nbsp;&nbsp;sysTickDelay
<LI><a href="#[6d]">&gt;&gt;</a>&nbsp;&nbsp;&nbsp;daliSend
</UL>
<BR>[Called By]<UL><LI><a href="#[21b]">&gt;&gt;</a>&nbsp;&nbsp;&nbsp;sensorScanningDoTask
</UL>

<P><STRONG><a name="[5]"></a>SysTick_Handler</STRONG> (Thumb, 12 bytes, Stack size 8 bytes, stm32g0xx_it.o(i.SysTick_Handler))
<BR><BR>[Stack]<UL><LI>Max Depth = 1648<LI>Call Chain = SysTick_Handler &rArr; boardSystick &rArr; sysTickTick &rArr; daliUtilsTick &rArr; daliUtilsBlinkTerminate &rArr; daliDoTask &rArr; daliAddressingDaliNotifyCb &rArr; dAQGroupsLowCb &rArr; configDaliLoopGroupLowSet &rArr; configStoreInFlash &rArr; m25pWriteBytes &rArr; spiIINCHIP_SpiSendData &rArr; boardSPI2Write &rArr; HAL_SPI_Transmit &rArr; SPI_EndRxTxTransaction &rArr; SPI_WaitFifoStateUntilTimeout
</UL>
<BR>[Calls]<UL><LI><a href="#[74]">&gt;&gt;</a>&nbsp;&nbsp;&nbsp;boardSystick
<LI><a href="#[75]">&gt;&gt;</a>&nbsp;&nbsp;&nbsp;HAL_IncTick
</UL>
<BR>[Address Reference Count : 1]<UL><LI> startup_stm32g070xx.o(RESET)
</UL>
<P><STRONG><a name="[22]"></a>SystemInit</STRONG> (Thumb, 8 bytes, Stack size 0 bytes, system_stm32g0xx.o(i.SystemInit))
<BR>[Address Reference Count : 1]<UL><LI> startup_stm32g070xx.o(.text)
</UL>
<P><STRONG><a name="[224]"></a>Update_Groups</STRONG> (Thumb, 190 bytes, Stack size 12 bytes, normalink62386p102.o(i.Update_Groups))
<BR><BR>[Stack]<UL><LI>Max Depth = 12<LI>Call Chain = Update_Groups
</UL>
<BR>[Called By]<UL><LI><a href="#[1c2]">&gt;&gt;</a>&nbsp;&nbsp;&nbsp;normaLink62386P102T1
</UL>

<P><STRONG><a name="[162]"></a>__ARM_common_switch8</STRONG> (Thumb, 26 bytes, Stack size 8 bytes, stm32g0xx_hal_dma.o(i.__ARM_common_switch8))
<BR><BR>[Stack]<UL><LI>Max Depth = 8<LI>Call Chain = __ARM_common_switch8
</UL>
<BR>[Called By]<UL><LI><a href="#[1d1]">&gt;&gt;</a>&nbsp;&nbsp;&nbsp;ethTransceiverDoTask
<LI><a href="#[143]">&gt;&gt;</a>&nbsp;&nbsp;&nbsp;daliDoTask
<LI><a href="#[28f]">&gt;&gt;</a>&nbsp;&nbsp;&nbsp;sensoresGruposNotificar
</UL>

<P><STRONG><a name="[2a]"></a>__aeabi_errno_addr</STRONG> (Thumb, 4 bytes, Stack size 0 bytes, errno.o(i.__aeabi_errno_addr))
<BR><BR>[Called By]<UL><LI><a href="#[2d]">&gt;&gt;</a>&nbsp;&nbsp;&nbsp;_strtoul
<LI><a href="#[2b]">&gt;&gt;</a>&nbsp;&nbsp;&nbsp;strtol
<LI><a href="#[29]">&gt;&gt;</a>&nbsp;&nbsp;&nbsp;atoi
</UL>

<P><STRONG><a name="[2d9]"></a>__rt_errno_addr</STRONG> (Thumb, 0 bytes, Stack size 0 bytes, errno.o(i.__aeabi_errno_addr), UNUSED)

<P><STRONG><a name="[2da]"></a>__scatterload_copy</STRONG> (Thumb, 14 bytes, Stack size unknown bytes, handlers.o(i.__scatterload_copy), UNUSED)

<P><STRONG><a name="[2db]"></a>__scatterload_null</STRONG> (Thumb, 2 bytes, Stack size unknown bytes, handlers.o(i.__scatterload_null), UNUSED)

<P><STRONG><a name="[2dc]"></a>__scatterload_zeroinit</STRONG> (Thumb, 14 bytes, Stack size unknown bytes, handlers.o(i.__scatterload_zeroinit), UNUSED)

<P><STRONG><a name="[76]"></a>_ping_request</STRONG> (Thumb, 96 bytes, Stack size 24 bytes, ethping.o(i._ping_request))
<BR><BR>[Stack]<UL><LI>Max Depth = 280<LI>Call Chain = _ping_request &rArr; sendto &rArr; send_data_processing &rArr; write_data &rArr; wiz_write_buf &rArr; spiIINCHIP_SpiSendData &rArr; boardSPI2Write &rArr; HAL_SPI_Transmit &rArr; SPI_EndRxTxTransaction &rArr; SPI_WaitFifoStateUntilTimeout
</UL>
<BR>[Calls]<UL><LI><a href="#[77]">&gt;&gt;</a>&nbsp;&nbsp;&nbsp;htons
<LI><a href="#[78]">&gt;&gt;</a>&nbsp;&nbsp;&nbsp;checksum
<LI><a href="#[79]">&gt;&gt;</a>&nbsp;&nbsp;&nbsp;sendto
</UL>
<BR>[Called By]<UL><LI><a href="#[1bb]">&gt;&gt;</a>&nbsp;&nbsp;&nbsp;ethICMPPingSend
</UL>

<P><STRONG><a name="[7a]"></a>_sensoresDALIInhibitEnviar</STRONG> (Thumb, 10 bytes, Stack size 8 bytes, sensores.o(i._sensoresDALIInhibitEnviar))
<BR><BR>[Stack]<UL><LI>Max Depth = 208<LI>Call Chain = _sensoresDALIInhibitEnviar &rArr; daliSensoresInhibitEnviar &rArr; daliStop &rArr; daliTransceiverStop &rArr; spi1Read &rArr; boardSPI1Read &rArr; HAL_SPI_TransmitReceive &rArr; SPI_EndRxTxTransaction &rArr; SPI_WaitFifoStateUntilTimeout
</UL>
<BR>[Calls]<UL><LI><a href="#[7b]">&gt;&gt;</a>&nbsp;&nbsp;&nbsp;daliSensoresInhibitEnviar
</UL>
<BR>[Called By]<UL><LI><a href="#[277]">&gt;&gt;</a>&nbsp;&nbsp;&nbsp;sensoresGruposDoTask
</UL>

<P><STRONG><a name="[7c]"></a>_sensoresDALIRelightEnviar</STRONG> (Thumb, 10 bytes, Stack size 8 bytes, sensores.o(i._sensoresDALIRelightEnviar))
<BR><BR>[Stack]<UL><LI>Max Depth = 208<LI>Call Chain = _sensoresDALIRelightEnviar &rArr; daliSensoresRelightEnviar &rArr; daliStop &rArr; daliTransceiverStop &rArr; spi1Read &rArr; boardSPI1Read &rArr; HAL_SPI_TransmitReceive &rArr; SPI_EndRxTxTransaction &rArr; SPI_WaitFifoStateUntilTimeout
</UL>
<BR>[Calls]<UL><LI><a href="#[7d]">&gt;&gt;</a>&nbsp;&nbsp;&nbsp;daliSensoresRelightEnviar
</UL>
<BR>[Called By]<UL><LI><a href="#[277]">&gt;&gt;</a>&nbsp;&nbsp;&nbsp;sensoresGruposDoTask
</UL>

<P><STRONG><a name="[7e]"></a>_sensoresDALIRestEnviar</STRONG> (Thumb, 10 bytes, Stack size 8 bytes, sensores.o(i._sensoresDALIRestEnviar))
<BR><BR>[Stack]<UL><LI>Max Depth = 208<LI>Call Chain = _sensoresDALIRestEnviar &rArr; daliSensoresRestEnviar &rArr; daliStop &rArr; daliTransceiverStop &rArr; spi1Read &rArr; boardSPI1Read &rArr; HAL_SPI_TransmitReceive &rArr; SPI_EndRxTxTransaction &rArr; SPI_WaitFifoStateUntilTimeout
</UL>
<BR>[Calls]<UL><LI><a href="#[7f]">&gt;&gt;</a>&nbsp;&nbsp;&nbsp;daliSensoresRestEnviar
</UL>
<BR>[Called By]<UL><LI><a href="#[277]">&gt;&gt;</a>&nbsp;&nbsp;&nbsp;sensoresGruposDoTask
</UL>

<P><STRONG><a name="[80]"></a>_sensoresDALIcomandoArcoDirectoEnviar</STRONG> (Thumb, 8 bytes, Stack size 8 bytes, sensores.o(i._sensoresDALIcomandoArcoDirectoEnviar))
<BR><BR>[Stack]<UL><LI>Max Depth = 388<LI>Call Chain = _sensoresDALIcomandoArcoDirectoEnviar &rArr; daliSensoresComandoArcoDirectoEnviar &rArr; actualLevelCmdNotify &rArr; sensoresCambioActualLevelNotificar &rArr; sensoresGruposReguladoresLuzEstadoActualizar &rArr; _sensoresGruposAlgunEquipoApagadoGet &rArr; actualLevel_GrupoValoresGet &rArr; daliLoopActualLevelGet &rArr; configDaliLoopDeviceTypeGet
</UL>
<BR>[Calls]<UL><LI><a href="#[81]">&gt;&gt;</a>&nbsp;&nbsp;&nbsp;daliSensoresComandoArcoDirectoEnviar
</UL>
<BR>[Called By]<UL><LI><a href="#[277]">&gt;&gt;</a>&nbsp;&nbsp;&nbsp;sensoresGruposDoTask
</UL>

<P><STRONG><a name="[82]"></a>_sensoresDALIdownEnviar</STRONG> (Thumb, 8 bytes, Stack size 8 bytes, sensores.o(i._sensoresDALIdownEnviar))
<BR><BR>[Stack]<UL><LI>Max Depth = 380<LI>Call Chain = _sensoresDALIdownEnviar &rArr; daliSensoresDownEnviar &rArr; actualLevelCmdNotify &rArr; sensoresCambioActualLevelNotificar &rArr; sensoresGruposReguladoresLuzEstadoActualizar &rArr; _sensoresGruposAlgunEquipoApagadoGet &rArr; actualLevel_GrupoValoresGet &rArr; daliLoopActualLevelGet &rArr; configDaliLoopDeviceTypeGet
</UL>
<BR>[Calls]<UL><LI><a href="#[83]">&gt;&gt;</a>&nbsp;&nbsp;&nbsp;daliSensoresDownEnviar
</UL>
<BR>[Called By]<UL><LI><a href="#[277]">&gt;&gt;</a>&nbsp;&nbsp;&nbsp;sensoresGruposDoTask
</UL>

<P><STRONG><a name="[84]"></a>_sensoresDALIgoToSceneEnviar</STRONG> (Thumb, 10 bytes, Stack size 8 bytes, sensores.o(i._sensoresDALIgoToSceneEnviar))
<BR><BR>[Stack]<UL><LI>Max Depth = 388<LI>Call Chain = _sensoresDALIgoToSceneEnviar &rArr; daliSensoresGoToSceneEnviar &rArr; actualLevelCmdNotify &rArr; sensoresCambioActualLevelNotificar &rArr; sensoresGruposReguladoresLuzEstadoActualizar &rArr; _sensoresGruposAlgunEquipoApagadoGet &rArr; actualLevel_GrupoValoresGet &rArr; daliLoopActualLevelGet &rArr; configDaliLoopDeviceTypeGet
</UL>
<BR>[Calls]<UL><LI><a href="#[85]">&gt;&gt;</a>&nbsp;&nbsp;&nbsp;daliSensoresGoToSceneEnviar
</UL>
<BR>[Called By]<UL><LI><a href="#[277]">&gt;&gt;</a>&nbsp;&nbsp;&nbsp;sensoresGruposDoTask
</UL>

<P><STRONG><a name="[86]"></a>_sensoresDALIoffEnviar</STRONG> (Thumb, 8 bytes, Stack size 8 bytes, sensores.o(i._sensoresDALIoffEnviar))
<BR><BR>[Stack]<UL><LI>Max Depth = 380<LI>Call Chain = _sensoresDALIoffEnviar &rArr; daliSensoresOffEnviar &rArr; actualLevelCmdNotify &rArr; sensoresCambioActualLevelNotificar &rArr; sensoresGruposReguladoresLuzEstadoActualizar &rArr; _sensoresGruposAlgunEquipoApagadoGet &rArr; actualLevel_GrupoValoresGet &rArr; daliLoopActualLevelGet &rArr; configDaliLoopDeviceTypeGet
</UL>
<BR>[Calls]<UL><LI><a href="#[87]">&gt;&gt;</a>&nbsp;&nbsp;&nbsp;daliSensoresOffEnviar
</UL>
<BR>[Called By]<UL><LI><a href="#[277]">&gt;&gt;</a>&nbsp;&nbsp;&nbsp;sensoresGruposDoTask
</UL>

<P><STRONG><a name="[88]"></a>_sensoresDALIonAndStepUpEnviar</STRONG> (Thumb, 10 bytes, Stack size 8 bytes, sensores.o(i._sensoresDALIonAndStepUpEnviar))
<BR><BR>[Stack]<UL><LI>Max Depth = 208<LI>Call Chain = _sensoresDALIonAndStepUpEnviar &rArr; daliSensoresOnAndStepUpEnviar &rArr; daliStop &rArr; daliTransceiverStop &rArr; spi1Read &rArr; boardSPI1Read &rArr; HAL_SPI_TransmitReceive &rArr; SPI_EndRxTxTransaction &rArr; SPI_WaitFifoStateUntilTimeout
</UL>
<BR>[Calls]<UL><LI><a href="#[89]">&gt;&gt;</a>&nbsp;&nbsp;&nbsp;daliSensoresOnAndStepUpEnviar
</UL>
<BR>[Called By]<UL><LI><a href="#[277]">&gt;&gt;</a>&nbsp;&nbsp;&nbsp;sensoresGruposDoTask
</UL>

<P><STRONG><a name="[8a]"></a>_sensoresDALIquerySensorStatusEnviar</STRONG> (Thumb, 8 bytes, Stack size 8 bytes, sensores.o(i._sensoresDALIquerySensorStatusEnviar))
<BR><BR>[Stack]<UL><LI>Max Depth = 208<LI>Call Chain = _sensoresDALIquerySensorStatusEnviar &rArr; daliSensoresQuerySensorStatusEnviar &rArr; daliStop &rArr; daliTransceiverStop &rArr; spi1Read &rArr; boardSPI1Read &rArr; HAL_SPI_TransmitReceive &rArr; SPI_EndRxTxTransaction &rArr; SPI_WaitFifoStateUntilTimeout
</UL>
<BR>[Calls]<UL><LI><a href="#[8b]">&gt;&gt;</a>&nbsp;&nbsp;&nbsp;daliSensoresQuerySensorStatusEnviar
</UL>
<BR>[Called By]<UL><LI><a href="#[277]">&gt;&gt;</a>&nbsp;&nbsp;&nbsp;sensoresGruposDoTask
</UL>

<P><STRONG><a name="[8c]"></a>_sensoresDALIrecallMaxLevelEnviar</STRONG> (Thumb, 8 bytes, Stack size 8 bytes, sensores.o(i._sensoresDALIrecallMaxLevelEnviar))
<BR><BR>[Stack]<UL><LI>Max Depth = 380<LI>Call Chain = _sensoresDALIrecallMaxLevelEnviar &rArr; daliSensoresRecallMaxLevelEnviar &rArr; actualLevelCmdNotify &rArr; sensoresCambioActualLevelNotificar &rArr; sensoresGruposReguladoresLuzEstadoActualizar &rArr; _sensoresGruposAlgunEquipoApagadoGet &rArr; actualLevel_GrupoValoresGet &rArr; daliLoopActualLevelGet &rArr; configDaliLoopDeviceTypeGet
</UL>
<BR>[Calls]<UL><LI><a href="#[8d]">&gt;&gt;</a>&nbsp;&nbsp;&nbsp;daliSensoresRecallMaxLevelEnviar
</UL>
<BR>[Called By]<UL><LI><a href="#[277]">&gt;&gt;</a>&nbsp;&nbsp;&nbsp;sensoresGruposDoTask
</UL>

<P><STRONG><a name="[8e]"></a>_sensoresDALItcStepDownEnviar</STRONG> (Thumb, 10 bytes, Stack size 8 bytes, sensores.o(i._sensoresDALItcStepDownEnviar))
<BR><BR>[Stack]<UL><LI>Max Depth = 320<LI>Call Chain = _sensoresDALItcStepDownEnviar &rArr; daliSensoresTcStepDownEnviar &rArr; daliStop &rArr; daliTransceiverStop &rArr; spi1Read &rArr; boardSPI1Read &rArr; HAL_SPI_TransmitReceive &rArr; SPI_EndRxTxTransaction &rArr; SPI_WaitFifoStateUntilTimeout
</UL>
<BR>[Calls]<UL><LI><a href="#[8f]">&gt;&gt;</a>&nbsp;&nbsp;&nbsp;daliSensoresTcStepDownEnviar
</UL>
<BR>[Called By]<UL><LI><a href="#[277]">&gt;&gt;</a>&nbsp;&nbsp;&nbsp;sensoresGruposDoTask
</UL>

<P><STRONG><a name="[90]"></a>_sensoresDALItcStepUpEnviar</STRONG> (Thumb, 10 bytes, Stack size 8 bytes, sensores.o(i._sensoresDALItcStepUpEnviar))
<BR><BR>[Stack]<UL><LI>Max Depth = 320<LI>Call Chain = _sensoresDALItcStepUpEnviar &rArr; daliSensoresTcStepUpEnviar &rArr; daliStop &rArr; daliTransceiverStop &rArr; spi1Read &rArr; boardSPI1Read &rArr; HAL_SPI_TransmitReceive &rArr; SPI_EndRxTxTransaction &rArr; SPI_WaitFifoStateUntilTimeout
</UL>
<BR>[Calls]<UL><LI><a href="#[91]">&gt;&gt;</a>&nbsp;&nbsp;&nbsp;daliSensoresTcStepUpEnviar
</UL>
<BR>[Called By]<UL><LI><a href="#[277]">&gt;&gt;</a>&nbsp;&nbsp;&nbsp;sensoresGruposDoTask
</UL>

<P><STRONG><a name="[92]"></a>_sensoresDALIupEnviar</STRONG> (Thumb, 8 bytes, Stack size 8 bytes, sensores.o(i._sensoresDALIupEnviar))
<BR><BR>[Stack]<UL><LI>Max Depth = 380<LI>Call Chain = _sensoresDALIupEnviar &rArr; daliSensoresUpEnviar &rArr; actualLevelCmdNotify &rArr; sensoresCambioActualLevelNotificar &rArr; sensoresGruposReguladoresLuzEstadoActualizar &rArr; _sensoresGruposAlgunEquipoApagadoGet &rArr; actualLevel_GrupoValoresGet &rArr; daliLoopActualLevelGet &rArr; configDaliLoopDeviceTypeGet
</UL>
<BR>[Calls]<UL><LI><a href="#[93]">&gt;&gt;</a>&nbsp;&nbsp;&nbsp;daliSensoresUpEnviar
</UL>
<BR>[Called By]<UL><LI><a href="#[277]">&gt;&gt;</a>&nbsp;&nbsp;&nbsp;sensoresGruposDoTask
</UL>

<P><STRONG><a name="[27b]"></a>_sensoresGruposAccionDAPCSet</STRONG> (Thumb, 86 bytes, Stack size 20 bytes, sensoresgrupos.o(i._sensoresGruposAccionDAPCSet))
<BR><BR>[Stack]<UL><LI>Max Depth = 20<LI>Call Chain = _sensoresGruposAccionDAPCSet
</UL>
<BR>[Called By]<UL><LI><a href="#[2a7]">&gt;&gt;</a>&nbsp;&nbsp;&nbsp;sensoresGruposReguladoresLuzAccionSolicitar
<LI><a href="#[27a]">&gt;&gt;</a>&nbsp;&nbsp;&nbsp;sensoresGruposDetectoresPresenciaAccionSolicitar
</UL>

<P><STRONG><a name="[29d]"></a>_sensoresGruposAccionDownSet</STRONG> (Thumb, 14 bytes, Stack size 0 bytes, sensoresgrupos.o(i._sensoresGruposAccionDownSet))
<BR><BR>[Called By]<UL><LI><a href="#[29c]">&gt;&gt;</a>&nbsp;&nbsp;&nbsp;sensoresGruposPulsadoresAccionRegulacionAccionSolicitar
</UL>

<P><STRONG><a name="[99]"></a>_sensoresGruposAccionGoToSceneSet</STRONG> (Thumb, 14 bytes, Stack size 0 bytes, sensoresgrupos.o(i._sensoresGruposAccionGoToSceneSet))
<BR><BR>[Called By]<UL><LI><a href="#[9c]">&gt;&gt;</a>&nbsp;&nbsp;&nbsp;_sensoresGruposOnActionCall
<LI><a href="#[96]">&gt;&gt;</a>&nbsp;&nbsp;&nbsp;_sensoresGruposOffActionCall
<LI><a href="#[299]">&gt;&gt;</a>&nbsp;&nbsp;&nbsp;sensoresGruposPulsadoresAccionFijaAccionSolicitar
<LI><a href="#[296]">&gt;&gt;</a>&nbsp;&nbsp;&nbsp;sensoresGruposPulsadoresAccionBasculanteAccionSolicitar
</UL>

<P><STRONG><a name="[9a]"></a>_sensoresGruposAccionOffSet</STRONG> (Thumb, 36 bytes, Stack size 0 bytes, sensoresgrupos.o(i._sensoresGruposAccionOffSet))
<BR><BR>[Called By]<UL><LI><a href="#[9c]">&gt;&gt;</a>&nbsp;&nbsp;&nbsp;_sensoresGruposOnActionCall
<LI><a href="#[96]">&gt;&gt;</a>&nbsp;&nbsp;&nbsp;_sensoresGruposOffActionCall
<LI><a href="#[299]">&gt;&gt;</a>&nbsp;&nbsp;&nbsp;sensoresGruposPulsadoresAccionFijaAccionSolicitar
<LI><a href="#[296]">&gt;&gt;</a>&nbsp;&nbsp;&nbsp;sensoresGruposPulsadoresAccionBasculanteAccionSolicitar
</UL>

<P><STRONG><a name="[2a1]"></a>_sensoresGruposAccionOnAndStepUpSet</STRONG> (Thumb, 8 bytes, Stack size 0 bytes, sensoresgrupos.o(i._sensoresGruposAccionOnAndStepUpSet))
<BR><BR>[Called By]<UL><LI><a href="#[293]">&gt;&gt;</a>&nbsp;&nbsp;&nbsp;sensoresGruposPulsadoresAccionRegulacionNotificar
</UL>

<P><STRONG><a name="[2a0]"></a>_sensoresGruposAccionQuerySensorStatusSet</STRONG> (Thumb, 14 bytes, Stack size 0 bytes, sensoresgrupos.o(i._sensoresGruposAccionQuerySensorStatusSet))
<BR><BR>[Called By]<UL><LI><a href="#[287]">&gt;&gt;</a>&nbsp;&nbsp;&nbsp;sensoresGruposPulsadoresTWDoTask
<LI><a href="#[286]">&gt;&gt;</a>&nbsp;&nbsp;&nbsp;sensoresGruposPulsadoresAccionRegulacionDoTask
<LI><a href="#[2a6]">&gt;&gt;</a>&nbsp;&nbsp;&nbsp;sensoresGruposPulsadoresTWActualizarNivel
<LI><a href="#[29f]">&gt;&gt;</a>&nbsp;&nbsp;&nbsp;sensoresGruposPulsadoresAccionRegulacionActualizarNivel
</UL>

<P><STRONG><a name="[9b]"></a>_sensoresGruposAccionRecallMaxLevelSet</STRONG> (Thumb, 36 bytes, Stack size 0 bytes, sensoresgrupos.o(i._sensoresGruposAccionRecallMaxLevelSet))
<BR><BR>[Called By]<UL><LI><a href="#[9c]">&gt;&gt;</a>&nbsp;&nbsp;&nbsp;_sensoresGruposOnActionCall
<LI><a href="#[96]">&gt;&gt;</a>&nbsp;&nbsp;&nbsp;_sensoresGruposOffActionCall
<LI><a href="#[299]">&gt;&gt;</a>&nbsp;&nbsp;&nbsp;sensoresGruposPulsadoresAccionFijaAccionSolicitar
<LI><a href="#[296]">&gt;&gt;</a>&nbsp;&nbsp;&nbsp;sensoresGruposPulsadoresAccionBasculanteAccionSolicitar
</UL>

<P><STRONG><a name="[29a]"></a>_sensoresGruposAccionRelightSet</STRONG> (Thumb, 18 bytes, Stack size 0 bytes, sensoresgrupos.o(i._sensoresGruposAccionRelightSet))
<BR><BR>[Called By]<UL><LI><a href="#[299]">&gt;&gt;</a>&nbsp;&nbsp;&nbsp;sensoresGruposPulsadoresAccionFijaAccionSolicitar
</UL>

<P><STRONG><a name="[29b]"></a>_sensoresGruposAccionRestSet</STRONG> (Thumb, 18 bytes, Stack size 0 bytes, sensoresgrupos.o(i._sensoresGruposAccionRestSet))
<BR><BR>[Called By]<UL><LI><a href="#[299]">&gt;&gt;</a>&nbsp;&nbsp;&nbsp;sensoresGruposPulsadoresAccionFijaAccionSolicitar
</UL>

<P><STRONG><a name="[2a5]"></a>_sensoresGruposAccionTcStepDownSet</STRONG> (Thumb, 14 bytes, Stack size 0 bytes, sensoresgrupos.o(i._sensoresGruposAccionTcStepDownSet))
<BR><BR>[Called By]<UL><LI><a href="#[2a3]">&gt;&gt;</a>&nbsp;&nbsp;&nbsp;sensoresGruposPulsadoresTWAccionSolicitar
</UL>

<P><STRONG><a name="[2a4]"></a>_sensoresGruposAccionTcStepUpSet</STRONG> (Thumb, 14 bytes, Stack size 0 bytes, sensoresgrupos.o(i._sensoresGruposAccionTcStepUpSet))
<BR><BR>[Called By]<UL><LI><a href="#[2a3]">&gt;&gt;</a>&nbsp;&nbsp;&nbsp;sensoresGruposPulsadoresTWAccionSolicitar
</UL>

<P><STRONG><a name="[29e]"></a>_sensoresGruposAccionUpSet</STRONG> (Thumb, 14 bytes, Stack size 0 bytes, sensoresgrupos.o(i._sensoresGruposAccionUpSet))
<BR><BR>[Called By]<UL><LI><a href="#[29c]">&gt;&gt;</a>&nbsp;&nbsp;&nbsp;sensoresGruposPulsadoresAccionRegulacionAccionSolicitar
</UL>

<P><STRONG><a name="[94]"></a>_sensoresGruposAlgunEquipoApagadoGet</STRONG> (Thumb, 28 bytes, Stack size 16 bytes, sensoresgrupos.o(i._sensoresGruposAlgunEquipoApagadoGet))
<BR><BR>[Stack]<UL><LI>Max Depth = 268<LI>Call Chain = _sensoresGruposAlgunEquipoApagadoGet &rArr; actualLevel_GrupoValoresGet &rArr; daliLoopActualLevelGet &rArr; configDaliLoopDeviceTypeGet
</UL>
<BR>[Calls]<UL><LI><a href="#[95]">&gt;&gt;</a>&nbsp;&nbsp;&nbsp;actualLevel_GrupoValoresGet
</UL>
<BR>[Called By]<UL><LI><a href="#[1c2]">&gt;&gt;</a>&nbsp;&nbsp;&nbsp;normaLink62386P102T1
<LI><a href="#[178]">&gt;&gt;</a>&nbsp;&nbsp;&nbsp;sensoresGruposReguladoresLuzEstadoActualizar
<LI><a href="#[df]">&gt;&gt;</a>&nbsp;&nbsp;&nbsp;circActualizar
<LI><a href="#[291]">&gt;&gt;</a>&nbsp;&nbsp;&nbsp;sensoresGruposPulsadoresAccionBasculanteNotificar
<LI><a href="#[27c]">&gt;&gt;</a>&nbsp;&nbsp;&nbsp;sensoresGruposDetectoresPresenciaDoTask
</UL>

<P><STRONG><a name="[2b8]"></a>_sensoresGruposAlgunoOperativoClear</STRONG> (Thumb, 20 bytes, Stack size 0 bytes, sensoresgrupos.o(i._sensoresGruposAlgunoOperativoClear))
<BR><BR>[Called By]<UL><LI><a href="#[212]">&gt;&gt;</a>&nbsp;&nbsp;&nbsp;sensoresInit
</UL>

<P><STRONG><a name="[27f]"></a>_sensoresGruposAlgunoOperativoGet</STRONG> (Thumb, 16 bytes, Stack size 0 bytes, sensoresgrupos.o(i._sensoresGruposAlgunoOperativoGet))
<BR><BR>[Called By]<UL><LI><a href="#[28c]">&gt;&gt;</a>&nbsp;&nbsp;&nbsp;sensoresGruposReguladoresLuzInit
<LI><a href="#[28e]">&gt;&gt;</a>&nbsp;&nbsp;&nbsp;sensoresGruposPulsadoresTWInit
<LI><a href="#[28b]">&gt;&gt;</a>&nbsp;&nbsp;&nbsp;sensoresGruposPulsadoresAccionTemporizadaInit
<LI><a href="#[28d]">&gt;&gt;</a>&nbsp;&nbsp;&nbsp;sensoresGruposPulsadoresAccionRegulacionInit
<LI><a href="#[27e]">&gt;&gt;</a>&nbsp;&nbsp;&nbsp;sensoresGruposDetectoresPresenciaInit
</UL>

<P><STRONG><a name="[2b9]"></a>_sensoresGruposAlgunoOperativoSet</STRONG> (Thumb, 18 bytes, Stack size 8 bytes, sensoresgrupos.o(i._sensoresGruposAlgunoOperativoSet))
<BR><BR>[Stack]<UL><LI>Max Depth = 8<LI>Call Chain = _sensoresGruposAlgunoOperativoSet
</UL>
<BR>[Called By]<UL><LI><a href="#[212]">&gt;&gt;</a>&nbsp;&nbsp;&nbsp;sensoresInit
</UL>

<P><STRONG><a name="[281]"></a>_sensoresGruposForMeGet</STRONG> (Thumb, 10 bytes, Stack size 0 bytes, sensoresgrupos.o(i._sensoresGruposForMeGet))
<BR><BR>[Called By]<UL><LI><a href="#[178]">&gt;&gt;</a>&nbsp;&nbsp;&nbsp;sensoresGruposReguladoresLuzEstadoActualizar
<LI><a href="#[294]">&gt;&gt;</a>&nbsp;&nbsp;&nbsp;sensoresGruposReguladoresLuzNotificar
<LI><a href="#[295]">&gt;&gt;</a>&nbsp;&nbsp;&nbsp;sensoresGruposPulsadoresTWNotificar
<LI><a href="#[292]">&gt;&gt;</a>&nbsp;&nbsp;&nbsp;sensoresGruposPulsadoresAccionTemporizadaNotificar
<LI><a href="#[293]">&gt;&gt;</a>&nbsp;&nbsp;&nbsp;sensoresGruposPulsadoresAccionRegulacionNotificar
<LI><a href="#[290]">&gt;&gt;</a>&nbsp;&nbsp;&nbsp;sensoresGruposPulsadoresAccionFijaNotificar
<LI><a href="#[291]">&gt;&gt;</a>&nbsp;&nbsp;&nbsp;sensoresGruposPulsadoresAccionBasculanteNotificar
<LI><a href="#[280]">&gt;&gt;</a>&nbsp;&nbsp;&nbsp;sensoresGruposDetectoresPresenciaNotificar
</UL>

<P><STRONG><a name="[96]"></a>_sensoresGruposOffActionCall</STRONG> (Thumb, 96 bytes, Stack size 40 bytes, sensoresgrupos.o(i._sensoresGruposOffActionCall))
<BR><BR>[Stack]<UL><LI>Max Depth = 280<LI>Call Chain = _sensoresGruposOffActionCall &rArr; sensoresGruposConfiguracionGet &rArr; configSensoresGruposConfiguracionGet &rArr; m25pReadBytes &rArr; spiIINCHIP_SpiRecvData &rArr; boardSPI2Read &rArr; HAL_SPI_TransmitReceive &rArr; SPI_EndRxTxTransaction &rArr; SPI_WaitFifoStateUntilTimeout
</UL>
<BR>[Calls]<UL><LI><a href="#[98]">&gt;&gt;</a>&nbsp;&nbsp;&nbsp;circGruposInhibidosSet
<LI><a href="#[97]">&gt;&gt;</a>&nbsp;&nbsp;&nbsp;sensoresGruposConfiguracionGet
<LI><a href="#[9b]">&gt;&gt;</a>&nbsp;&nbsp;&nbsp;_sensoresGruposAccionRecallMaxLevelSet
<LI><a href="#[9a]">&gt;&gt;</a>&nbsp;&nbsp;&nbsp;_sensoresGruposAccionOffSet
<LI><a href="#[99]">&gt;&gt;</a>&nbsp;&nbsp;&nbsp;_sensoresGruposAccionGoToSceneSet
</UL>
<BR>[Called By]<UL><LI><a href="#[2a2]">&gt;&gt;</a>&nbsp;&nbsp;&nbsp;sensoresGruposPulsadoresAccionTemporizadaAccionSolicitar
<LI><a href="#[27a]">&gt;&gt;</a>&nbsp;&nbsp;&nbsp;sensoresGruposDetectoresPresenciaAccionSolicitar
</UL>

<P><STRONG><a name="[9c]"></a>_sensoresGruposOnActionCall</STRONG> (Thumb, 96 bytes, Stack size 40 bytes, sensoresgrupos.o(i._sensoresGruposOnActionCall))
<BR><BR>[Stack]<UL><LI>Max Depth = 280<LI>Call Chain = _sensoresGruposOnActionCall &rArr; sensoresGruposConfiguracionGet &rArr; configSensoresGruposConfiguracionGet &rArr; m25pReadBytes &rArr; spiIINCHIP_SpiRecvData &rArr; boardSPI2Read &rArr; HAL_SPI_TransmitReceive &rArr; SPI_EndRxTxTransaction &rArr; SPI_WaitFifoStateUntilTimeout
</UL>
<BR>[Calls]<UL><LI><a href="#[98]">&gt;&gt;</a>&nbsp;&nbsp;&nbsp;circGruposInhibidosSet
<LI><a href="#[97]">&gt;&gt;</a>&nbsp;&nbsp;&nbsp;sensoresGruposConfiguracionGet
<LI><a href="#[9b]">&gt;&gt;</a>&nbsp;&nbsp;&nbsp;_sensoresGruposAccionRecallMaxLevelSet
<LI><a href="#[9a]">&gt;&gt;</a>&nbsp;&nbsp;&nbsp;_sensoresGruposAccionOffSet
<LI><a href="#[99]">&gt;&gt;</a>&nbsp;&nbsp;&nbsp;_sensoresGruposAccionGoToSceneSet
</UL>
<BR>[Called By]<UL><LI><a href="#[2a2]">&gt;&gt;</a>&nbsp;&nbsp;&nbsp;sensoresGruposPulsadoresAccionTemporizadaAccionSolicitar
<LI><a href="#[27a]">&gt;&gt;</a>&nbsp;&nbsp;&nbsp;sensoresGruposDetectoresPresenciaAccionSolicitar
</UL>

<P><STRONG><a name="[9d]"></a>_webserverPrintIp</STRONG> (Thumb, 572 bytes, Stack size 120 bytes, webserver.o(i._webserverPrintIp))
<BR><BR>[Stack]<UL><LI>Max Depth = 132<LI>Call Chain = _webserverPrintIp &rArr; __aeabi_uidivmod
</UL>
<BR>[Calls]<UL><LI><a href="#[9e]">&gt;&gt;</a>&nbsp;&nbsp;&nbsp;strcat
<LI><a href="#[41]">&gt;&gt;</a>&nbsp;&nbsp;&nbsp;__aeabi_uidivmod
</UL>
<BR>[Called By]<UL><LI><a href="#[1d6]">&gt;&gt;</a>&nbsp;&nbsp;&nbsp;webServerDoTask
</UL>

<P><STRONG><a name="[9f]"></a>_webserverUtilsStringFromBufferGet</STRONG> (Thumb, 262 bytes, Stack size 40 bytes, webserver.o(i._webserverUtilsStringFromBufferGet))
<BR><BR>[Stack]<UL><LI>Max Depth = 76<LI>Call Chain = _webserverUtilsStringFromBufferGet &rArr; strindex &rArr; strncmp
</UL>
<BR>[Calls]<UL><LI><a href="#[a0]">&gt;&gt;</a>&nbsp;&nbsp;&nbsp;strindex
</UL>
<BR>[Called By]<UL><LI><a href="#[1d6]">&gt;&gt;</a>&nbsp;&nbsp;&nbsp;webServerDoTask
</UL>

<P><STRONG><a name="[a1]"></a>_webserverUtilsStringToIp</STRONG> (Thumb, 216 bytes, Stack size 40 bytes, webserver.o(i._webserverUtilsStringToIp))
<BR><BR>[Stack]<UL><LI>Max Depth = 128<LI>Call Chain = _webserverUtilsStringToIp &rArr; atoi &rArr; strtol &rArr; _strtoul
</UL>
<BR>[Calls]<UL><LI><a href="#[29]">&gt;&gt;</a>&nbsp;&nbsp;&nbsp;atoi
<LI><a href="#[a2]">&gt;&gt;</a>&nbsp;&nbsp;&nbsp;strlen
</UL>
<BR>[Called By]<UL><LI><a href="#[1d6]">&gt;&gt;</a>&nbsp;&nbsp;&nbsp;webServerDoTask
</UL>

<P><STRONG><a name="[a8]"></a>actualLevelAddressPerteneceGrupoGet</STRONG> (Thumb, 32 bytes, Stack size 0 bytes, actuallevel.o(i.actualLevelAddressPerteneceGrupoGet))
<BR><BR>[Called By]<UL><LI><a href="#[95]">&gt;&gt;</a>&nbsp;&nbsp;&nbsp;actualLevel_GrupoValoresGet
<LI><a href="#[a3]">&gt;&gt;</a>&nbsp;&nbsp;&nbsp;actualLevelCmdNotify
<LI><a href="#[1f2]">&gt;&gt;</a>&nbsp;&nbsp;&nbsp;historicoTest_PeticionManual
</UL>

<P><STRONG><a name="[a3]"></a>actualLevelCmdNotify</STRONG> (Thumb, 140 bytes, Stack size 40 bytes, actuallevel.o(i.actualLevelCmdNotify))
<BR><BR>[Stack]<UL><LI>Max Depth = 340<LI>Call Chain = actualLevelCmdNotify &rArr; sensoresCambioActualLevelNotificar &rArr; sensoresGruposReguladoresLuzEstadoActualizar &rArr; _sensoresGruposAlgunEquipoApagadoGet &rArr; actualLevel_GrupoValoresGet &rArr; daliLoopActualLevelGet &rArr; configDaliLoopDeviceTypeGet
</UL>
<BR>[Calls]<UL><LI><a href="#[ab]">&gt;&gt;</a>&nbsp;&nbsp;&nbsp;sensoresCambioActualLevelNotificar
<LI><a href="#[a6]">&gt;&gt;</a>&nbsp;&nbsp;&nbsp;daliLoopActualLevelSet
<LI><a href="#[a9]">&gt;&gt;</a>&nbsp;&nbsp;&nbsp;daliLoopActualLevelDiscard
<LI><a href="#[a5]">&gt;&gt;</a>&nbsp;&nbsp;&nbsp;actualLevelLvlToStoreGet
<LI><a href="#[aa]">&gt;&gt;</a>&nbsp;&nbsp;&nbsp;actualLevelGruposAfectadosGet
<LI><a href="#[a7]">&gt;&gt;</a>&nbsp;&nbsp;&nbsp;actualLevelGrupoGet
<LI><a href="#[a4]">&gt;&gt;</a>&nbsp;&nbsp;&nbsp;actualLevelDestTipoGet
<LI><a href="#[a8]">&gt;&gt;</a>&nbsp;&nbsp;&nbsp;actualLevelAddressPerteneceGrupoGet
</UL>
<BR>[Called By]<UL><LI><a href="#[1c5]">&gt;&gt;</a>&nbsp;&nbsp;&nbsp;normaLink62386P102T3
[...]
<LI><a href="#[39]">&gt;&gt;</a>&nbsp;&nbsp;&nbsp;I2C_RequestMemoryWrite
<LI><a href="#[35]">&gt;&gt;</a>&nbsp;&nbsp;&nbsp;I2C_RequestMemoryRead
</UL>

<P><STRONG><a name="[46]"></a>__NVIC_SetPriority</STRONG> (Thumb, 60 bytes, Stack size 0 bytes, stm32g0xx_hal_cortex.o(i.__NVIC_SetPriority))
<BR><BR>[Called By]<UL><LI><a href="#[43]">&gt;&gt;</a>&nbsp;&nbsp;&nbsp;HAL_NVIC_SetPriority
<LI><a href="#[42]">&gt;&gt;</a>&nbsp;&nbsp;&nbsp;HAL_SYSTICK_Config
</UL>

<P><STRONG><a name="[5e]"></a>SPI_EndRxTxTransaction</STRONG> (Thumb, 76 bytes, Stack size 24 bytes, stm32g0xx_hal_spi.o(i.SPI_EndRxTxTransaction))
<BR><BR>[Stack]<UL><LI>Max Depth = 72<LI>Call Chain = SPI_EndRxTxTransaction &rArr; SPI_WaitFifoStateUntilTimeout
</UL>
<BR>[Calls]<UL><LI><a href="#[6a]">&gt;&gt;</a>&nbsp;&nbsp;&nbsp;SPI_WaitFlagStateUntilTimeout
<LI><a href="#[69]">&gt;&gt;</a>&nbsp;&nbsp;&nbsp;SPI_WaitFifoStateUntilTimeout
</UL>
<BR>[Called By]<UL><LI><a href="#[5f]">&gt;&gt;</a>&nbsp;&nbsp;&nbsp;HAL_SPI_TransmitReceive
<LI><a href="#[5d]">&gt;&gt;</a>&nbsp;&nbsp;&nbsp;HAL_SPI_Transmit
</UL>

<P><STRONG><a name="[69]"></a>SPI_WaitFifoStateUntilTimeout</STRONG> (Thumb, 192 bytes, Stack size 48 bytes, stm32g0xx_hal_spi.o(i.SPI_WaitFifoStateUntilTimeout))
<BR><BR>[Stack]<UL><LI>Max Depth = 48<LI>Call Chain = SPI_WaitFifoStateUntilTimeout
</UL>
<BR>[Calls]<UL><LI><a href="#[33]">&gt;&gt;</a>&nbsp;&nbsp;&nbsp;HAL_GetTick
</UL>
<BR>[Called By]<UL><LI><a href="#[5e]">&gt;&gt;</a>&nbsp;&nbsp;&nbsp;SPI_EndRxTxTransaction
</UL>

<P><STRONG><a name="[6a]"></a>SPI_WaitFlagStateUntilTimeout</STRONG> (Thumb, 180 bytes, Stack size 40 bytes, stm32g0xx_hal_spi.o(i.SPI_WaitFlagStateUntilTimeout))
<BR><BR>[Stack]<UL><LI>Max Depth = 40<LI>Call Chain = SPI_WaitFlagStateUntilTimeout
</UL>
<BR>[Calls]<UL><LI><a href="#[33]">&gt;&gt;</a>&nbsp;&nbsp;&nbsp;HAL_GetTick
</UL>
<BR>[Called By]<UL><LI><a href="#[5e]">&gt;&gt;</a>&nbsp;&nbsp;&nbsp;SPI_EndRxTxTransaction
</UL>

<P><STRONG><a name="[17d]"></a>daliSensoresModoInterfazRecibidoProcesar</STRONG> (Thumb, 36 bytes, Stack size 24 bytes, dalisensores.o(i.daliSensoresModoInterfazRecibidoProcesar))
<BR><BR>[Stack]<UL><LI>Max Depth = 44<LI>Call Chain = daliSensoresModoInterfazRecibidoProcesar &rArr; daliSend
</UL>
<BR>[Calls]<UL><LI><a href="#[6d]">&gt;&gt;</a>&nbsp;&nbsp;&nbsp;daliSend
</UL>
<BR>[Called By]<UL><LI><a href="#[163]">&gt;&gt;</a>&nbsp;&nbsp;&nbsp;daliSensoresDaliNotifyCb
</UL>

<P><STRONG><a name="[19e]"></a>daliTransceiverIncomingFrameStore</STRONG> (Thumb, 60 bytes, Stack size 20 bytes, dalitransceiver.o(i.daliTransceiverIncomingFrameStore))
<BR><BR>[Stack]<UL><LI>Max Depth = 20<LI>Call Chain = daliTransceiverIncomingFrameStore
</UL>
<BR>[Called By]<UL><LI><a href="#[16a]">&gt;&gt;</a>&nbsp;&nbsp;&nbsp;daliTransceiverDoTask
</UL>

<P><STRONG><a name="[11a]"></a>dANIGotoStage</STRONG> (Thumb, 22 bytes, Stack size 8 bytes, dani.o(i.dANIGotoStage))
<BR><BR>[Stack]<UL><LI>Max Depth = 8<LI>Call Chain = dANIGotoStage
</UL>
<BR>[Calls]<UL><LI><a href="#[11f]">&gt;&gt;</a>&nbsp;&nbsp;&nbsp;dADSADoneFlagClear
<LI><a href="#[120]">&gt;&gt;</a>&nbsp;&nbsp;&nbsp;dASRADoneFlagClear
<LI><a href="#[121]">&gt;&gt;</a>&nbsp;&nbsp;&nbsp;dAPSADoneFlagClear
</UL>
<BR>[Called By]<UL><LI><a href="#[122]">&gt;&gt;</a>&nbsp;&nbsp;&nbsp;dANIStart
<LI><a href="#[119]">&gt;&gt;</a>&nbsp;&nbsp;&nbsp;dANIDoTask
</UL>

<P><STRONG><a name="[124]"></a>dAPSAGotoStage</STRONG> (Thumb, 36 bytes, Stack size 0 bytes, dapsa.o(i.dAPSAGotoStage))
<BR><BR>[Called By]<UL><LI><a href="#[123]">&gt;&gt;</a>&nbsp;&nbsp;&nbsp;dAPSADoTask
<LI><a href="#[11d]">&gt;&gt;</a>&nbsp;&nbsp;&nbsp;dAPSAStart
</UL>

<P><STRONG><a name="[13b]"></a>dASEGotoStage</STRONG> (Thumb, 22 bytes, Stack size 8 bytes, dase.o(i.dASEGotoStage))
<BR><BR>[Stack]<UL><LI>Max Depth = 8<LI>Call Chain = dASEGotoStage
</UL>
<BR>[Calls]<UL><LI><a href="#[117]">&gt;&gt;</a>&nbsp;&nbsp;&nbsp;dAQCGLDoneFlagClear
<LI><a href="#[120]">&gt;&gt;</a>&nbsp;&nbsp;&nbsp;dASRADoneFlagClear
<LI><a href="#[121]">&gt;&gt;</a>&nbsp;&nbsp;&nbsp;dAPSADoneFlagClear
</UL>
<BR>[Called By]<UL><LI><a href="#[13c]">&gt;&gt;</a>&nbsp;&nbsp;&nbsp;dASEStart
<LI><a href="#[13a]">&gt;&gt;</a>&nbsp;&nbsp;&nbsp;dASEDoTask
</UL>

<P><STRONG><a name="[13e]"></a>dASRAGotoStage</STRONG> (Thumb, 44 bytes, Stack size 0 bytes, dasra.o(i.dASRAGotoStage))
<BR><BR>[Called By]<UL><LI><a href="#[13d]">&gt;&gt;</a>&nbsp;&nbsp;&nbsp;dASRADoTask
<LI><a href="#[11b]">&gt;&gt;</a>&nbsp;&nbsp;&nbsp;dASRAStart
</UL>

<P><STRONG><a name="[203]"></a>interfacesSolicitar</STRONG> (Thumb, 156 bytes, Stack size 72 bytes, interfaces.o(i.interfacesSolicitar))
<BR><BR>[Stack]<UL><LI>Max Depth = 864<LI>Call Chain = interfacesSolicitar &rArr; sensoresNotificar &rArr; ethSendFrame &rArr; sendto &rArr; send_data_processing &rArr; write_data &rArr; wiz_write_buf &rArr; spiIINCHIP_SpiSendData &rArr; boardSPI2Write &rArr; HAL_SPI_Transmit &rArr; SPI_EndRxTxTransaction &rArr; SPI_WaitFifoStateUntilTimeout
</UL>
<BR>[Calls]<UL><LI><a href="#[206]">&gt;&gt;</a>&nbsp;&nbsp;&nbsp;sensoresNotificar
<LI><a href="#[207]">&gt;&gt;</a>&nbsp;&nbsp;&nbsp;normaLinkSensoresEnviar
<LI><a href="#[208]">&gt;&gt;</a>&nbsp;&nbsp;&nbsp;normaLinkSensoresDoTask
<LI><a href="#[201]">&gt;&gt;</a>&nbsp;&nbsp;&nbsp;interfacesIDNGEADEventoGet
<LI><a href="#[200]">&gt;&gt;</a>&nbsp;&nbsp;&nbsp;interfacesIDNG4PEventoGet
<LI><a href="#[1fa]">&gt;&gt;</a>&nbsp;&nbsp;&nbsp;__aeabi_memcpy
</UL>
<BR>[Called By]<UL><LI><a href="#[1ff]">&gt;&gt;</a>&nbsp;&nbsp;&nbsp;interfacesNotificar
</UL>

<P><STRONG><a name="[250]"></a>polling_CntInc</STRONG> (Thumb, 68 bytes, Stack size 8 bytes, polling.o(i.polling_CntInc))
<BR><BR>[Stack]<UL><LI>Max Depth = 8<LI>Call Chain = polling_CntInc
</UL>
<BR>[Called By]<UL><LI><a href="#[215]">&gt;&gt;</a>&nbsp;&nbsp;&nbsp;polling_DoTask
<LI><a href="#[169]">&gt;&gt;</a>&nbsp;&nbsp;&nbsp;polling_DaliNotifyCb
</UL>

<P><STRONG><a name="[253]"></a>polling_IncompleteCheck</STRONG> (Thumb, 44 bytes, Stack size 16 bytes, polling.o(i.polling_IncompleteCheck))
<BR><BR>[Stack]<UL><LI>Max Depth = 16<LI>Call Chain = polling_IncompleteCheck
</UL>
<BR>[Called By]<UL><LI><a href="#[215]">&gt;&gt;</a>&nbsp;&nbsp;&nbsp;polling_DoTask
</UL>

<P><STRONG><a name="[251]"></a>polling_IncompleteSet</STRONG> (Thumb, 50 bytes, Stack size 16 bytes, polling.o(i.polling_IncompleteSet))
<BR><BR>[Stack]<UL><LI>Max Depth = 16<LI>Call Chain = polling_IncompleteSet
</UL>
<BR>[Called By]<UL><LI><a href="#[169]">&gt;&gt;</a>&nbsp;&nbsp;&nbsp;polling_DaliNotifyCb
</UL>

<P><STRONG><a name="[255]"></a>qSNReadMemoryLocationSend</STRONG> (Thumb, 46 bytes, Stack size 32 bytes, qsn.o(i.qSNReadMemoryLocationSend))
<BR><BR>[Stack]<UL><LI>Max Depth = 52<LI>Call Chain = qSNReadMemoryLocationSend &rArr; daliSend
</UL>
<BR>[Calls]<UL><LI><a href="#[6d]">&gt;&gt;</a>&nbsp;&nbsp;&nbsp;daliSend
</UL>
<BR>[Called By]<UL><LI><a href="#[158]">&gt;&gt;</a>&nbsp;&nbsp;&nbsp;qSNDoTask
</UL>

<P><STRONG><a name="[2ba]"></a>numeroSerieIdCoincideGet</STRONG> (Thumb, 80 bytes, Stack size 32 bytes, sensores.o(i.numeroSerieIdCoincideGet))
<BR><BR>[Stack]<UL><LI>Max Depth = 32<LI>Call Chain = numeroSerieIdCoincideGet
</UL>
<BR>[Called By]<UL><LI><a href="#[206]">&gt;&gt;</a>&nbsp;&nbsp;&nbsp;sensoresNotificar
</UL>

<P><STRONG><a name="[279]"></a>sensoresGruposDetectoresPreseciaModoNivelEstadoActualizar</STRONG> (Thumb, 166 bytes, Stack size 64 bytes, sensoresgruposdetectorespresencia.o(i.sensoresGruposDetectoresPreseciaModoNivelEstadoActualizar))
<BR><BR>[Stack]<UL><LI>Max Depth = 372<LI>Call Chain = sensoresGruposDetectoresPreseciaModoNivelEstadoActualizar &rArr; sensoresGruposDetectoresPresenciaAccionSolicitar &rArr; sensoresGruposReguladoresLuzEstadoActualizar &rArr; _sensoresGruposAlgunEquipoApagadoGet &rArr; actualLevel_GrupoValoresGet &rArr; daliLoopActualLevelGet &rArr; configDaliLoopDeviceTypeGet
</UL>
<BR>[Calls]<UL><LI><a href="#[97]">&gt;&gt;</a>&nbsp;&nbsp;&nbsp;sensoresGruposConfiguracionGet
<LI><a href="#[27a]">&gt;&gt;</a>&nbsp;&nbsp;&nbsp;sensoresGruposDetectoresPresenciaAccionSolicitar
</UL>
<BR>[Called By]<UL><LI><a href="#[280]">&gt;&gt;</a>&nbsp;&nbsp;&nbsp;sensoresGruposDetectoresPresenciaNotificar
</UL>

<P><STRONG><a name="[27a]"></a>sensoresGruposDetectoresPresenciaAccionSolicitar</STRONG> (Thumb, 94 bytes, Stack size 16 bytes, sensoresgruposdetectorespresencia.o(i.sensoresGruposDetectoresPresenciaAccionSolicitar))
<BR><BR>[Stack]<UL><LI>Max Depth = 308<LI>Call Chain = sensoresGruposDetectoresPresenciaAccionSolicitar &rArr; sensoresGruposReguladoresLuzEstadoActualizar &rArr; _sensoresGruposAlgunEquipoApagadoGet &rArr; actualLevel_GrupoValoresGet &rArr; daliLoopActualLevelGet &rArr; configDaliLoopDeviceTypeGet
</UL>
<BR>[Calls]<UL><LI><a href="#[178]">&gt;&gt;</a>&nbsp;&nbsp;&nbsp;sensoresGruposReguladoresLuzEstadoActualizar
<LI><a href="#[21e]">&gt;&gt;</a>&nbsp;&nbsp;&nbsp;sensoresGruposReguladoresLuzEstadoGet
<LI><a href="#[e1]">&gt;&gt;</a>&nbsp;&nbsp;&nbsp;sensoresGruposPulsadoresAccionTemporizadaEstadoGet
<LI><a href="#[9c]">&gt;&gt;</a>&nbsp;&nbsp;&nbsp;_sensoresGruposOnActionCall
<LI><a href="#[96]">&gt;&gt;</a>&nbsp;&nbsp;&nbsp;_sensoresGruposOffActionCall
<LI><a href="#[27b]">&gt;&gt;</a>&nbsp;&nbsp;&nbsp;_sensoresGruposAccionDAPCSet
</UL>
<BR>[Called By]<UL><LI><a href="#[27c]">&gt;&gt;</a>&nbsp;&nbsp;&nbsp;sensoresGruposDetectoresPresenciaDoTask
<LI><a href="#[27d]">&gt;&gt;</a>&nbsp;&nbsp;&nbsp;sensoresGruposDetectoresPresenciaModoFlancoEstadoActualizar
<LI><a href="#[279]">&gt;&gt;</a>&nbsp;&nbsp;&nbsp;sensoresGruposDetectoresPreseciaModoNivelEstadoActualizar
</UL>

<P><STRONG><a name="[27d]"></a>sensoresGruposDetectoresPresenciaModoFlancoEstadoActualizar</STRONG> (Thumb, 178 bytes, Stack size 56 bytes, sensoresgruposdetectorespresencia.o(i.sensoresGruposDetectoresPresenciaModoFlancoEstadoActualizar))
<BR><BR>[Stack]<UL><LI>Max Depth = 364<LI>Call Chain = sensoresGruposDetectoresPresenciaModoFlancoEstadoActualizar &rArr; sensoresGruposDetectoresPresenciaAccionSolicitar &rArr; sensoresGruposReguladoresLuzEstadoActualizar &rArr; _sensoresGruposAlgunEquipoApagadoGet &rArr; actualLevel_GrupoValoresGet &rArr; daliLoopActualLevelGet &rArr; configDaliLoopDeviceTypeGet
</UL>
<BR>[Calls]<UL><LI><a href="#[97]">&gt;&gt;</a>&nbsp;&nbsp;&nbsp;sensoresGruposConfiguracionGet
<LI><a href="#[27a]">&gt;&gt;</a>&nbsp;&nbsp;&nbsp;sensoresGruposDetectoresPresenciaAccionSolicitar
</UL>
<BR>[Called By]<UL><LI><a href="#[280]">&gt;&gt;</a>&nbsp;&nbsp;&nbsp;sensoresGruposDetectoresPresenciaNotificar
<LI><a href="#[27c]">&gt;&gt;</a>&nbsp;&nbsp;&nbsp;sensoresGruposDetectoresPresenciaDoTask
</UL>

<P><STRONG><a name="[296]"></a>sensoresGruposPulsadoresAccionBasculanteAccionSolicitar</STRONG> (Thumb, 258 bytes, Stack size 32 bytes, sensoresgrupospulsadoresaccionbasculante.o(i.sensoresGruposPulsadoresAccionBasculanteAccionSolicitar))
<BR><BR>[Stack]<UL><LI>Max Depth = 324<LI>Call Chain = sensoresGruposPulsadoresAccionBasculanteAccionSolicitar &rArr; sensoresGruposReguladoresLuzEstadoActualizar &rArr; _sensoresGruposAlgunEquipoApagadoGet &rArr; actualLevel_GrupoValoresGet &rArr; daliLoopActualLevelGet &rArr; configDaliLoopDeviceTypeGet
</UL>
<BR>[Calls]<UL><LI><a href="#[178]">&gt;&gt;</a>&nbsp;&nbsp;&nbsp;sensoresGruposReguladoresLuzEstadoActualizar
<LI><a href="#[21f]">&gt;&gt;</a>&nbsp;&nbsp;&nbsp;sensoresGruposReguladoresLuzInhibir
<LI><a href="#[98]">&gt;&gt;</a>&nbsp;&nbsp;&nbsp;circGruposInhibidosSet
<LI><a href="#[21e]">&gt;&gt;</a>&nbsp;&nbsp;&nbsp;sensoresGruposReguladoresLuzEstadoGet
<LI><a href="#[e1]">&gt;&gt;</a>&nbsp;&nbsp;&nbsp;sensoresGruposPulsadoresAccionTemporizadaEstadoGet
<LI><a href="#[e0]">&gt;&gt;</a>&nbsp;&nbsp;&nbsp;sensoresGruposDetectoresPresenciaEstadoGet
<LI><a href="#[9b]">&gt;&gt;</a>&nbsp;&nbsp;&nbsp;_sensoresGruposAccionRecallMaxLevelSet
<LI><a href="#[9a]">&gt;&gt;</a>&nbsp;&nbsp;&nbsp;_sensoresGruposAccionOffSet
<LI><a href="#[99]">&gt;&gt;</a>&nbsp;&nbsp;&nbsp;_sensoresGruposAccionGoToSceneSet
<LI><a href="#[297]">&gt;&gt;</a>&nbsp;&nbsp;&nbsp;sensoresGruposPulsadoresAccionRegulacionEstadoGet
<LI><a href="#[298]">&gt;&gt;</a>&nbsp;&nbsp;&nbsp;sensoresGruposDetectoresPresenciaReiteracionPeriodoCntReinicializar
</UL>
<BR>[Called By]<UL><LI><a href="#[291]">&gt;&gt;</a>&nbsp;&nbsp;&nbsp;sensoresGruposPulsadoresAccionBasculanteNotificar
</UL>

<P><STRONG><a name="[299]"></a>sensoresGruposPulsadoresAccionFijaAccionSolicitar</STRONG> (Thumb, 352 bytes, Stack size 32 bytes, sensoresgrupospulsadoresaccionfija.o(i.sensoresGruposPulsadoresAccionFijaAccionSolicitar))
<BR><BR>[Stack]<UL><LI>Max Depth = 324<LI>Call Chain = sensoresGruposPulsadoresAccionFijaAccionSolicitar &rArr; sensoresGruposReguladoresLuzEstadoActualizar &rArr; _sensoresGruposAlgunEquipoApagadoGet &rArr; actualLevel_GrupoValoresGet &rArr; daliLoopActualLevelGet &rArr; configDaliLoopDeviceTypeGet
</UL>
<BR>[Calls]<UL><LI><a href="#[178]">&gt;&gt;</a>&nbsp;&nbsp;&nbsp;sensoresGruposReguladoresLuzEstadoActualizar
<LI><a href="#[98]">&gt;&gt;</a>&nbsp;&nbsp;&nbsp;circGruposInhibidosSet
<LI><a href="#[21e]">&gt;&gt;</a>&nbsp;&nbsp;&nbsp;sensoresGruposReguladoresLuzEstadoGet
<LI><a href="#[e1]">&gt;&gt;</a>&nbsp;&nbsp;&nbsp;sensoresGruposPulsadoresAccionTemporizadaEstadoGet
<LI><a href="#[e0]">&gt;&gt;</a>&nbsp;&nbsp;&nbsp;sensoresGruposDetectoresPresenciaEstadoGet
<LI><a href="#[221]">&gt;&gt;</a>&nbsp;&nbsp;&nbsp;circGruposInhibidosClear
<LI><a href="#[29b]">&gt;&gt;</a>&nbsp;&nbsp;&nbsp;_sensoresGruposAccionRestSet
<LI><a href="#[29a]">&gt;&gt;</a>&nbsp;&nbsp;&nbsp;_sensoresGruposAccionRelightSet
<LI><a href="#[9b]">&gt;&gt;</a>&nbsp;&nbsp;&nbsp;_sensoresGruposAccionRecallMaxLevelSet
<LI><a href="#[9a]">&gt;&gt;</a>&nbsp;&nbsp;&nbsp;_sensoresGruposAccionOffSet
<LI><a href="#[99]">&gt;&gt;</a>&nbsp;&nbsp;&nbsp;_sensoresGruposAccionGoToSceneSet
<LI><a href="#[297]">&gt;&gt;</a>&nbsp;&nbsp;&nbsp;sensoresGruposPulsadoresAccionRegulacionEstadoGet
<LI><a href="#[298]">&gt;&gt;</a>&nbsp;&nbsp;&nbsp;sensoresGruposDetectoresPresenciaReiteracionPeriodoCntReinicializar
</UL>
<BR>[Called By]<UL><LI><a href="#[290]">&gt;&gt;</a>&nbsp;&nbsp;&nbsp;sensoresGruposPulsadoresAccionFijaNotificar
</UL>

<P><STRONG><a name="[29c]"></a>sensoresGruposPulsadoresAccionRegulacionAccionSolicitar</STRONG> (Thumb, 242 bytes, Stack size 32 bytes, sensoresgrupospulsadoresaccionregulacion.o(i.sensoresGruposPulsadoresAccionRegulacionAccionSolicitar))
<BR><BR>[Stack]<UL><LI>Max Depth = 40<LI>Call Chain = sensoresGruposPulsadoresAccionRegulacionAccionSolicitar &rArr; circGruposInhibidosSet
</UL>
<BR>[Calls]<UL><LI><a href="#[21f]">&gt;&gt;</a>&nbsp;&nbsp;&nbsp;sensoresGruposReguladoresLuzInhibir
<LI><a href="#[98]">&gt;&gt;</a>&nbsp;&nbsp;&nbsp;circGruposInhibidosSet
<LI><a href="#[21e]">&gt;&gt;</a>&nbsp;&nbsp;&nbsp;sensoresGruposReguladoresLuzEstadoGet
<LI><a href="#[e1]">&gt;&gt;</a>&nbsp;&nbsp;&nbsp;sensoresGruposPulsadoresAccionTemporizadaEstadoGet
<LI><a href="#[e0]">&gt;&gt;</a>&nbsp;&nbsp;&nbsp;sensoresGruposDetectoresPresenciaEstadoGet
<LI><a href="#[29e]">&gt;&gt;</a>&nbsp;&nbsp;&nbsp;_sensoresGruposAccionUpSet
<LI><a href="#[29d]">&gt;&gt;</a>&nbsp;&nbsp;&nbsp;_sensoresGruposAccionDownSet
<LI><a href="#[298]">&gt;&gt;</a>&nbsp;&nbsp;&nbsp;sensoresGruposDetectoresPresenciaReiteracionPeriodoCntReinicializar
</UL>
<BR>[Called By]<UL><LI><a href="#[29f]">&gt;&gt;</a>&nbsp;&nbsp;&nbsp;sensoresGruposPulsadoresAccionRegulacionActualizarNivel
</UL>

<P><STRONG><a name="[29f]"></a>sensoresGruposPulsadoresAccionRegulacionActualizarNivel</STRONG> (Thumb, 80 bytes, Stack size 24 bytes, sensoresgrupospulsadoresaccionregulacion.o(i.sensoresGruposPulsadoresAccionRegulacionActualizarNivel))
<BR><BR>[Stack]<UL><LI>Max Depth = 64<LI>Call Chain = sensoresGruposPulsadoresAccionRegulacionActualizarNivel &rArr; sensoresGruposPulsadoresAccionRegulacionAccionSolicitar &rArr; circGruposInhibidosSet
</UL>
<BR>[Calls]<UL><LI><a href="#[2a0]">&gt;&gt;</a>&nbsp;&nbsp;&nbsp;_sensoresGruposAccionQuerySensorStatusSet
<LI><a href="#[29c]">&gt;&gt;</a>&nbsp;&nbsp;&nbsp;sensoresGruposPulsadoresAccionRegulacionAccionSolicitar
</UL>
<BR>[Called By]<UL><LI><a href="#[286]">&gt;&gt;</a>&nbsp;&nbsp;&nbsp;sensoresGruposPulsadoresAccionRegulacionDoTask
</UL>

<P><STRONG><a name="[2a2]"></a>sensoresGruposPulsadoresAccionTemporizadaAccionSolicitar</STRONG> (Thumb, 120 bytes, Stack size 32 bytes, sensoresgrupospulsadoresacciontemporizada.o(i.sensoresGruposPulsadoresAccionTemporizadaAccionSolicitar))
<BR><BR>[Stack]<UL><LI>Max Depth = 324<LI>Call Chain = sensoresGruposPulsadoresAccionTemporizadaAccionSolicitar &rArr; sensoresGruposReguladoresLuzEstadoActualizar &rArr; _sensoresGruposAlgunEquipoApagadoGet &rArr; actualLevel_GrupoValoresGet &rArr; daliLoopActualLevelGet &rArr; configDaliLoopDeviceTypeGet
</UL>
<BR>[Calls]<UL><LI><a href="#[178]">&gt;&gt;</a>&nbsp;&nbsp;&nbsp;sensoresGruposReguladoresLuzEstadoActualizar
<LI><a href="#[21e]">&gt;&gt;</a>&nbsp;&nbsp;&nbsp;sensoresGruposReguladoresLuzEstadoGet
<LI><a href="#[e0]">&gt;&gt;</a>&nbsp;&nbsp;&nbsp;sensoresGruposDetectoresPresenciaEstadoGet
<LI><a href="#[9c]">&gt;&gt;</a>&nbsp;&nbsp;&nbsp;_sensoresGruposOnActionCall
<LI><a href="#[96]">&gt;&gt;</a>&nbsp;&nbsp;&nbsp;_sensoresGruposOffActionCall
<LI><a href="#[297]">&gt;&gt;</a>&nbsp;&nbsp;&nbsp;sensoresGruposPulsadoresAccionRegulacionEstadoGet
</UL>
<BR>[Called By]<UL><LI><a href="#[292]">&gt;&gt;</a>&nbsp;&nbsp;&nbsp;sensoresGruposPulsadoresAccionTemporizadaNotificar
<LI><a href="#[284]">&gt;&gt;</a>&nbsp;&nbsp;&nbsp;sensoresGruposPulsadoresAccionTemporizadaDoTask
</UL>

<P><STRONG><a name="[2a3]"></a>sensoresGruposPulsadoresTWAccionSolicitar</STRONG> (Thumb, 30 bytes, Stack size 16 bytes, sensoresgrupospulsadorestw.o(i.sensoresGruposPulsadoresTWAccionSolicitar))
<BR><BR>[Stack]<UL><LI>Max Depth = 24<LI>Call Chain = sensoresGruposPulsadoresTWAccionSolicitar &rArr; circGruposInhibidosSet
</UL>
<BR>[Calls]<UL><LI><a href="#[98]">&gt;&gt;</a>&nbsp;&nbsp;&nbsp;circGruposInhibidosSet
<LI><a href="#[2a4]">&gt;&gt;</a>&nbsp;&nbsp;&nbsp;_sensoresGruposAccionTcStepUpSet
<LI><a href="#[2a5]">&gt;&gt;</a>&nbsp;&nbsp;&nbsp;_sensoresGruposAccionTcStepDownSet
</UL>
<BR>[Called By]<UL><LI><a href="#[2a6]">&gt;&gt;</a>&nbsp;&nbsp;&nbsp;sensoresGruposPulsadoresTWActualizarNivel
</UL>

<P><STRONG><a name="[2a6]"></a>sensoresGruposPulsadoresTWActualizarNivel</STRONG> (Thumb, 80 bytes, Stack size 24 bytes, sensoresgrupospulsadorestw.o(i.sensoresGruposPulsadoresTWActualizarNivel))
<BR><BR>[Stack]<UL><LI>Max Depth = 48<LI>Call Chain = sensoresGruposPulsadoresTWActualizarNivel &rArr; sensoresGruposPulsadoresTWAccionSolicitar &rArr; circGruposInhibidosSet
</UL>
<BR>[Calls]<UL><LI><a href="#[2a0]">&gt;&gt;</a>&nbsp;&nbsp;&nbsp;_sensoresGruposAccionQuerySensorStatusSet
<LI><a href="#[2a3]">&gt;&gt;</a>&nbsp;&nbsp;&nbsp;sensoresGruposPulsadoresTWAccionSolicitar
</UL>
<BR>[Called By]<UL><LI><a href="#[287]">&gt;&gt;</a>&nbsp;&nbsp;&nbsp;sensoresGruposPulsadoresTWDoTask
</UL>

<P><STRONG><a name="[2a7]"></a>sensoresGruposReguladoresLuzAccionSolicitar</STRONG> (Thumb, 192 bytes, Stack size 32 bytes, sensoresgruposreguladoresluz.o(i.sensoresGruposReguladoresLuzAccionSolicitar))
<BR><BR>[Stack]<UL><LI>Max Depth = 52<LI>Call Chain = sensoresGruposReguladoresLuzAccionSolicitar &rArr; _sensoresGruposAccionDAPCSet
</UL>
<BR>[Calls]<UL><LI><a href="#[e1]">&gt;&gt;</a>&nbsp;&nbsp;&nbsp;sensoresGruposPulsadoresAccionTemporizadaEstadoGet
<LI><a href="#[e0]">&gt;&gt;</a>&nbsp;&nbsp;&nbsp;sensoresGruposDetectoresPresenciaEstadoGet
<LI><a href="#[27b]">&gt;&gt;</a>&nbsp;&nbsp;&nbsp;_sensoresGruposAccionDAPCSet
<LI><a href="#[297]">&gt;&gt;</a>&nbsp;&nbsp;&nbsp;sensoresGruposPulsadoresAccionRegulacionEstadoGet
</UL>
<BR>[Called By]<UL><LI><a href="#[294]">&gt;&gt;</a>&nbsp;&nbsp;&nbsp;sensoresGruposReguladoresLuzNotificar
<LI><a href="#[285]">&gt;&gt;</a>&nbsp;&nbsp;&nbsp;sensoresGruposReguladoresLuzDoTask
</UL>
<P>
<H3>
Undefined Global Symbols
</H3><HR></body></html>
