<html>
<body>
<pre>
<h1>µVision Build Log</h1>
<h2>Tool Versions:</h2>
IDE-Version: µVision V5.39.0.0
Copyright (C) 2023 ARM Ltd and ARM Germany GmbH. All rights reserved.
License Information: Ivan Garcia, Normagroup, LIC=YUURY-IYVGK-1F90S-ZZ2S5-3FT8E-5CIH8
 
Tool Versions:
Toolchain:       MDK-ARM Cortex-M0/M0+ for ST  Version: 5.39.0.0
Toolchain Path:  C:\Keil_v5\ARM\5.06\Bin
C Compiler:      Armcc.exe V5.06 update 5 (build 528)
Assembler:       Armasm.exe V5.06 update 5 (build 528)
Linker/Locator:  ArmLink.exe V5.06 update 5 (build 528)
Library Manager: ArmAr.exe V5.06 update 5 (build 528)
Hex Converter:   FromElf.exe V5.06 update 5 (build 528)
CPU DLL:         SARMCM3.DLL V5.39.0.0
Dialog DLL:      DARMCM1.DLL V1.19.6.0
Target DLL:      STLink\ST-LINKIII-KEIL_SWO.dll V3.2.0.0
Dialog DLL:      TARMCM1.DLL V1.14.6.0
 
<h2>Project:</h2>
C:\Users\i.garcia\Documents\IDNG-64-v5-Application\IDNG-64-v5-Application\MDK-ARM\IDNG64v5.uvprojx
Project File Date:  08/01/2024

<h2>Output:</h2>
*** Using Compiler 'V5.06 update 5 (build 528)', folder: 'C:\Keil_v5\ARM\5.06\Bin'
Rebuild target 'IDNG64v5'
assembling startup_stm32g070xx.s...
compiling stm32g0xx_ll_rcc.c...
compiling stm32g0xx_it.c...
compiling stm32g0xx_hal_i2c_ex.c...
compiling main.c...
compiling stm32g0xx_hal_flash.c...
compiling stm32g0xx_hal_flash_ex.c...
compiling stm32g0xx_hal_gpio.c...
compiling stm32g0xx_hal_iwdg.c...
compiling stm32g0xx_ll_dma.c...
compiling stm32g0xx_hal_rcc_ex.c...
compiling stm32g0xx_hal_msp.c...
compiling stm32g0xx_hal_rcc.c...
compiling stm32g0xx_hal_i2c.c...
compiling stm32g0xx_hal_dma_ex.c...
compiling stm32g0xx_hal_pwr.c...
compiling stm32g0xx_hal_pwr_ex.c...
compiling stm32g0xx_hal_exti.c...
compiling stm32g0xx_hal_cortex.c...
compiling stm32g0xx_hal.c...
compiling stm32g0xx_hal_dma.c...
compiling stm32g0xx_hal_rtc.c...
compiling stm32g0xx_hal_rtc_ex.c...
compiling ethFramming.c...
compiling ethTransceiver.c...
compiling stm32g0xx_hal_spi_ex.c...
compiling actualLevel.c...
compiling botonera.c...
compiling dADSA.c...
compiling stm32g0xx_hal_spi.c...
compiling config.c...
compiling dali.c...
compiling daliCommands.c...
compiling daliAddressing.c...
compiling daliSensores.c...
compiling daliTransceiver.c...
compiling dALS.c...
compiling daliUtils.c...
compiling daliLoop.c...
compiling dANI.c...
compiling dAPSA.c...
compiling dAQCGL.c...
compiling dAQDTL.c...
compiling dASE.c...
compiling debug.c...
compiling embeddedBootloader.c...
compiling fallos.c...
compiling dASRA.c...
compiling historico.c...
compiling historicoTest.c...
compiling iED.c...
compiling stm32g0xx_hal_tim.c...
compiling loop.c...
compiling stm32g0xx_hal_tim_ex.c...
compiling system_stm32g0xx.c...
compiling m25p.c...
compiling interfaces.c...
compiling tasks.c...
compiling normalink.c...
compiling board.c...
compiling normaLink62386P202.c...
compiling normaLinkCmdPasarela.c...
compiling ethPing.c...
compiling normaLink62386P209.c...
compiling normaLinkDaliUtils.c...
compiling normaLinkCfgInfoPasarela.c...
compiling normaLink62386P102.c...
compiling sensoresConfig.c...
compiling rtcc.c...
compiling qSN.c...
compiling polling.c...
compiling normaLinkSensores.c...
compiling normaLinkSingleLoop.c...
compiling sensors.c...
compiling spi1.c...
compiling sensores.c...
compiling sensorScanning.c...
compiling sensorStoring.c...
compiling spi2.c...
compiling systick.c...
compiling storage.c...
compiling test.c...
compiling wdt.c...
compiling utils.c...
compiling temp.c...
compiling sensoresGruposPulsadoresAccionFija.c...
compiling sensoresGruposPulsadoresAccionBasculante.c...
compiling md5.c...
compiling sensoresGruposPulsadoresAccionTemporizada.c...
compiling sensoresGruposPulsadoresAccionRegulacion.c...
compiling sensoresGruposDetectoresPresencia.c...
compiling sensoresGruposPulsadoresTW.c...
compiling sensoresGrupos.c...
compiling sensoresGruposReguladoresLuz.c...
compiling socket.c...
compiling w5100.c...
compiling webserver.c...
linking...
Program Size: Code=66292 RO-data=1084 RW-data=652 ZI-data=9300  
FromELF: creating hex file...
"Code_Porting\Code_Porting.axf" - 0 Error(s), 0 Warning(s).

<h2>Software Packages used:</h2>

Package Vendor: ARM
                http://www.keil.com/pack/ARM.CMSIS.5.9.0.pack
                ARM::CMSIS@5.9.0
                CMSIS (Common Microcontroller Software Interface Standard)
   * Component: CORE Version: 5.6.0

Package Vendor: Keil
                https://www.keil.com/pack/Keil.STM32G0xx_DFP.1.5.0.pack
                Keil::STM32G0xx_DFP@1.5.0
                STMicroelectronics STM32G0 Series Device Support

<h2>Collection of Component include folders:</h2>
  ./RTE/_IDNG64v5
  C:/Users/i.garcia/AppData/Local/Arm/Packs/ARM/CMSIS/5.9.0/CMSIS/Core/Include
  C:/Users/i.garcia/AppData/Local/Arm/Packs/Keil/STM32G0xx_DFP/1.5.0/Drivers/CMSIS/Device/ST/STM32G0xx/Include

<h2>Collection of Component Files used:</h2>

   * Component: ARM::CMSIS:CORE@5.6.0
      Include file:  CMSIS/Core/Include/tz_context.h
Build Time Elapsed:  00:00:07
</pre>
</body>
</html>
