Component: ARM Compiler 5.06 update 5 (build 528) Tool: armlink [4d35e2]

==============================================================================

Section Cross References

    startup_stm32g070xx.o(RESET) refers to startup_stm32g070xx.o(STACK) for __initial_sp
    startup_stm32g070xx.o(RESET) refers to startup_stm32g070xx.o(.text) for Reset_Handler
    startup_stm32g070xx.o(RESET) refers to stm32g0xx_it.o(i.NMI_Handler) for NMI_Handler
    startup_stm32g070xx.o(RESET) refers to stm32g0xx_it.o(i.HardFault_Handler) for HardFault_Handler
    startup_stm32g070xx.o(RESET) refers to stm32g0xx_it.o(i.SVC_Handler) for SVC_Handler
    startup_stm32g070xx.o(RESET) refers to stm32g0xx_it.o(i.PendSV_Handler) for PendSV_Handler
    startup_stm32g070xx.o(RESET) refers to stm32g0xx_it.o(i.SysTick_Handler) for SysTick_Handler
    startup_stm32g070xx.o(RESET) refers to stm32g0xx_it.o(i.RTC_TAMP_IRQHandler) for RTC_TAMP_IRQHandler
    startup_stm32g070xx.o(RESET) refers to stm32g0xx_it.o(i.RCC_IRQHandler) for RCC_IRQHandler
    startup_stm32g070xx.o(.text) refers to system_stm32g0xx.o(i.SystemInit) for SystemInit
    startup_stm32g070xx.o(.text) refers to entry.o(.ARM.Collect$$$$00000000) for __main
    main.o(i.main) refers to stm32g0xx_hal.o(i.HAL_Init) for HAL_Init
    main.o(i.main) refers to board.o(i.boardInit) for boardInit
    main.o(i.main) refers to systick.o(i.sysTickDelay) for sysTickDelay
    main.o(i.main) refers to config.o(i.configInit) for configInit
    main.o(i.main) refers to rtcc.o(i.rtccInit) for rtccInit
    main.o(i.main) refers to embeddedbootloader.o(i.embeddedBootloaderInit) for embeddedBootloaderInit
    main.o(i.main) refers to ethtransceiver.o(i.macInit) for macInit
    main.o(i.main) refers to ethtransceiver.o(i.ethTransceiverInit) for ethTransceiverInit
    main.o(i.main) refers to historico.o(i.historicoInit) for historicoInit
    main.o(i.main) refers to test.o(i.testInit) for testInit
    main.o(i.main) refers to temp.o(i.tempInit) for tempInit
    main.o(i.main) refers to dali.o(i.daliAccessHandlerAllowAllModules) for daliAccessHandlerAllowAllModules
    main.o(i.main) refers to sensores.o(i.sensoresInit) for sensoresInit
    main.o(i.main) refers to embeddedbootloader.o(i.eBootloaderTransceiver_Check) for eBootloaderTransceiver_Check
    main.o(i.main) refers to normalink62386p209.o(i.circInit) for circInit
    main.o(i.main) refers to wdt.o(i.wdtDoTask) for wdtDoTask
    main.o(i.main) refers to ethframming.o(i.ethDoTask) for ethDoTask
    main.o(i.main) refers to ethtransceiver.o(i.ethTransceiverDoTask) for ethTransceiverDoTask
    main.o(i.main) refers to dali.o(i.daliDoTask) for daliDoTask
    main.o(i.main) refers to daliaddressing.o(i.daliAddressingDoTask) for daliAddressingDoTask
    main.o(i.main) refers to polling.o(i.polling_DoTask) for polling_DoTask
    main.o(i.main) refers to botonera.o(i.botoneraDoTask) for botoneraDoTask
    main.o(i.main) refers to ethping.o(i.ethICMPDoTask) for ethICMPDoTask
    main.o(i.main) refers to fallos.o(i.fallosDoTask) for fallosDoTask
    main.o(i.main) refers to temp.o(i.tempDoTask) for tempDoTask
    main.o(i.main) refers to test.o(i.testDoTask) for testDoTask
    main.o(i.main) refers to storage.o(i.storageDoTask) for storageDoTask
    main.o(i.main) refers to daliutils.o(i.daliUtilsDoTask) for daliUtilsDoTask
    main.o(i.main) refers to sensores.o(i.sensoresDoTask) for sensoresDoTask
    main.o(i.main) refers to sensorscanning.o(i.sensorScanningDoTask) for sensorScanningDoTask
    main.o(i.main) refers to sensorstoring.o(i.sensorStoringDoTask) for sensorStoringDoTask
    main.o(i.main) refers to ied.o(i.iEDDoTask) for iEDDoTask
    main.o(i.main) refers to daliloop.o(i.daliLoopDoTask) for daliLoopDoTask
    main.o(i.main) refers to normalink62386p209.o(i.circDoTask) for circDoTask
    main.o(i.main) refers to dals.o(i.groupsDoTask) for groupsDoTask
    stm32g0xx_it.o(i.RTC_TAMP_IRQHandler) refers to memseta.o(.text) for __aeabi_memclr4
    stm32g0xx_it.o(i.RTC_TAMP_IRQHandler) refers to stm32g0xx_hal_rtc.o(i.HAL_RTC_GetTime) for HAL_RTC_GetTime
    stm32g0xx_it.o(i.RTC_TAMP_IRQHandler) refers to stm32g0xx_hal_rtc.o(i.HAL_RTC_GetDate) for HAL_RTC_GetDate
    stm32g0xx_it.o(i.RTC_TAMP_IRQHandler) refers to board.o(i.boardRTCTick) for boardRTCTick
    stm32g0xx_it.o(i.RTC_TAMP_IRQHandler) refers to stm32g0xx_hal_rtc.o(i.HAL_RTC_AlarmIRQHandler) for HAL_RTC_AlarmIRQHandler
    stm32g0xx_it.o(i.RTC_TAMP_IRQHandler) refers to board.o(.bss) for hrtc
    stm32g0xx_it.o(i.SysTick_Handler) refers to board.o(i.boardSystick) for boardSystick
    stm32g0xx_it.o(i.SysTick_Handler) refers to stm32g0xx_hal.o(i.HAL_IncTick) for HAL_IncTick
    stm32g0xx_hal_msp.o(i.HAL_I2C_MspDeInit) refers to stm32g0xx_hal_gpio.o(i.HAL_GPIO_DeInit) for HAL_GPIO_DeInit
    stm32g0xx_hal_msp.o(i.HAL_I2C_MspInit) refers to memseta.o(.text) for __aeabi_memclr4
    stm32g0xx_hal_msp.o(i.HAL_I2C_MspInit) refers to stm32g0xx_hal_gpio.o(i.HAL_GPIO_Init) for HAL_GPIO_Init
[...]
    0x080049d4   0x080049d4   0x00000028   Code   RO         1695    i.HAL_Init          stm32g0xx_hal.o
    0x080049fc   0x080049fc   0x00000048   Code   RO         1696    i.HAL_InitTick      stm32g0xx_hal.o
    0x08004a44   0x08004a44   0x00000044   Code   RO          224    i.HAL_MspInit       stm32g0xx_hal_msp.o
    0x08004a88   0x08004a88   0x00000018   Code   RO         1572    i.HAL_NVIC_EnableIRQ  stm32g0xx_hal_cortex.o
    0x08004aa0   0x08004aa0   0x00000008   Code   RO         1576    i.HAL_NVIC_SetPriority  stm32g0xx_hal_cortex.o
    0x08004aa8   0x08004aa8   0x0000004c   Code   RO         1457    i.HAL_PWREx_ControlVoltageScaling  stm32g0xx_hal_pwr_ex.o
    0x08004af4   0x08004af4   0x00000010   Code   RO         1376    i.HAL_PWR_EnableBkUpAccess  stm32g0xx_hal_pwr.o
    0x08004b04   0x08004b04   0x00000160   Code   RO          923    i.HAL_RCCEx_PeriphCLKConfig  stm32g0xx_hal_rcc_ex.o
    0x08004c64   0x08004c64   0x00000158   Code   RO          813    i.HAL_RCC_ClockConfig  stm32g0xx_hal_rcc.o
    0x08004dbc   0x08004dbc   0x0000008c   Code   RO          822    i.HAL_RCC_GetSysClockFreq  stm32g0xx_hal_rcc.o
    0x08004e48   0x08004e48   0x000003e0   Code   RO          826    i.HAL_RCC_OscConfig  stm32g0xx_hal_rcc.o
    0x08005228   0x08005228   0x00000002   Code   RO         2074    i.HAL_RTCEx_AlarmBEventCallback  stm32g0xx_hal_rtc_ex.o
    0x0800522a   0x0800522a   0x00000002   Code   RO         1935    i.HAL_RTC_AlarmAEventCallback  stm32g0xx_hal_rtc.o
    0x0800522c   0x0800522c   0x00000044   Code   RO         1936    i.HAL_RTC_AlarmIRQHandler  stm32g0xx_hal_rtc.o
    0x08005270   0x08005270   0x00000044   Code   RO         1940    i.HAL_RTC_GetDate   stm32g0xx_hal_rtc.o
    0x080052b4   0x080052b4   0x00000058   Code   RO         1942    i.HAL_RTC_GetTime   stm32g0xx_hal_rtc.o
    0x0800530c   0x0800530c   0x000000a4   Code   RO         1943    i.HAL_RTC_Init      stm32g0xx_hal_rtc.o
    0x080053b0   0x080053b0   0x00000044   Code   RO          226    i.HAL_RTC_MspInit   stm32g0xx_hal_msp.o
    0x080053f4   0x080053f4   0x00000180   Code   RO         1948    i.HAL_RTC_SetAlarm_IT  stm32g0xx_hal_rtc.o
    0x08005574   0x08005574   0x0000009c   Code   RO         1949    i.HAL_RTC_SetDate   stm32g0xx_hal_rtc.o
    0x08005610   0x08005610   0x000000c0   Code   RO         1950    i.HAL_RTC_SetTime   stm32g0xx_hal_rtc.o
    0x080056d0   0x080056d0   0x00000034   Code   RO         1951    i.HAL_RTC_WaitForSynchro  stm32g0xx_hal_rtc.o
    0x08005704   0x08005704   0x000000ee   Code   RO         2357    i.HAL_SPI_Init      stm32g0xx_hal_spi.o
    0x080057f2   0x080057f2   0x00000002   PAD
    0x080057f4   0x080057f4   0x0000009c   Code   RO          228    i.HAL_SPI_MspInit   stm32g0xx_hal_msp.o
    0x08005890   0x08005890   0x00000160   Code   RO         2365    i.HAL_SPI_Transmit  stm32g0xx_hal_spi.o
    0x080059f0   0x080059f0   0x000001f2   Code   RO         2366    i.HAL_SPI_TransmitReceive  stm32g0xx_hal_spi.o
    0x08005be2   0x08005be2   0x00000002   PAD
    0x08005be4   0x08005be4   0x00000014   Code   RO         1704    i.HAL_SYSCFG_StrobeDBattpinsConfig  stm32g0xx_hal.o
    0x08005bf8   0x08005bf8   0x00000030   Code   RO         1580    i.HAL_SYSTICK_Config  stm32g0xx_hal_cortex.o
    0x08005c28   0x08005c28   0x00000002   Code   RO          162    i.HardFault_Handler  stm32g0xx_it.o
    0x08005c2a   0x08005c2a   0x00000022   Code   RO          362    i.I2C_Flush_TXDR    stm32g0xx_hal_i2c.o
    0x08005c4c   0x08005c4c   0x00000070   Code   RO          370    i.I2C_IsAcknowledgeFailed  stm32g0xx_hal_i2c.o
    0x08005cbc   0x08005cbc   0x00000060   Code   RO          373    i.I2C_RequestMemoryRead  stm32g0xx_hal_i2c.o
    0x08005d1c   0x08005d1c   0x00000060   Code   RO          374    i.I2C_RequestMemoryWrite  stm32g0xx_hal_i2c.o
    0x08005d7c   0x08005d7c   0x00000028   Code   RO          377    i.I2C_TransferConfig  stm32g0xx_hal_i2c.o
    0x08005da4   0x08005da4   0x0000004e   Code   RO          379    i.I2C_WaitOnFlagUntilTimeout  stm32g0xx_hal_i2c.o
    0x08005df2   0x08005df2   0x0000004c   Code   RO          381    i.I2C_WaitOnSTOPFlagUntilTimeout  stm32g0xx_hal_i2c.o
    0x08005e3e   0x08005e3e   0x00000050   Code   RO          382    i.I2C_WaitOnTXISFlagUntilTimeout  stm32g0xx_hal_i2c.o
    0x08005e8e   0x08005e8e   0x0000002a   Code   RO         7657    i.IINCHIP_READ      w5100.o
    0x08005eb8   0x08005eb8   0x0000002c   Code   RO         7658    i.IINCHIP_WRITE     w5100.o
    0x08005ee4   0x08005ee4   0x00000002   Code   RO          163    i.NMI_Handler       stm32g0xx_it.o
    0x08005ee6   0x08005ee6   0x00000002   Code   RO          164    i.PendSV_Handler    stm32g0xx_it.o
    0x08005ee8   0x08005ee8   0x00000028   Code   RO         6168    i.QuerySensorEnabledCb  sensorscanning.o
    0x08005f10   0x08005f10   0x00000028   Code   RO         6169    i.QuerySensorModeCb  sensorscanning.o
    0x08005f38   0x08005f38   0x0000002c   Code   RO         6170    i.QuerySensorSerial1Cb  sensorscanning.o
    0x08005f64   0x08005f64   0x0000002c   Code   RO         6171    i.QuerySensorSerial2Cb  sensorscanning.o
    0x08005f90   0x08005f90   0x0000002c   Code   RO         6172    i.QuerySensorSerial3Cb  sensorscanning.o
    0x08005fbc   0x08005fbc   0x0000002c   Code   RO         6173    i.QuerySensorSerial4Cb  sensorscanning.o
    0x08005fe8   0x08005fe8   0x00000028   Code   RO         6174    i.QuerySensorTypeCb  sensorscanning.o
    0x08006010   0x08006010   0x00000002   Code   RO          165    i.RCC_IRQHandler    stm32g0xx_it.o
    0x08006012   0x08006012   0x00000010   Code   RO         1952    i.RTC_Bcd2ToByte    stm32g0xx_hal_rtc.o
    0x08006022   0x08006022   0x00000018   Code   RO         1953    i.RTC_ByteToBcd2    stm32g0xx_hal_rtc.o
    0x0800603a   0x0800603a   0x00000044   Code   RO         1954    i.RTC_EnterInitMode  stm32g0xx_hal_rtc.o
    0x0800607e   0x0800607e   0x00000002   PAD
    0x08006080   0x08006080   0x00000050   Code   RO         1955    i.RTC_ExitInitMode  stm32g0xx_hal_rtc.o
    0x080060d0   0x080060d0   0x00000058   Code   RO          166    i.RTC_TAMP_IRQHandler  stm32g0xx_it.o
    0x08006128   0x08006128   0x0000004c   Code   RO         2395    i.SPI_EndRxTxTransaction  stm32g0xx_hal_spi.o
    0x08006174   0x08006174   0x000000c4   Code   RO         2400    i.SPI_WaitFifoStateUntilTimeout  stm32g0xx_hal_spi.o
    0x08006238   0x08006238   0x000000b8   Code   RO         2401    i.SPI_WaitFlagStateUntilTimeout  stm32g0xx_hal_spi.o
    0x080062f0   0x080062f0   0x00000002   Code   RO          167    i.SVC_Handler       stm32g0xx_it.o
    0x080062f2   0x080062f2   0x00000002   PAD
    0x080062f4   0x080062f4   0x0000003c   Code   RO         6175    i.SendQuerySensorEnabled  sensorscanning.o
    0x08006330   0x08006330   0x0000003c   Code   RO         6176    i.SendQuerySensorMode  sensorscanning.o
    0x0800636c   0x0800636c   0x0000003c   Code   RO         6177    i.SendQuerySensorSerial1  sensorscanning.o
    0x080063a8   0x080063a8   0x0000003c   Code   RO         6178    i.SendQuerySensorSerial2  sensorscanning.o
    0x080063e4   0x080063e4   0x0000003c   Code   RO         6179    i.SendQuerySensorSerial3  sensorscanning.o
    0x08006420   0x08006420   0x0000003c   Code   RO         6180    i.SendQuerySensorSerial4  sensorscanning.o
    0x0800645c   0x0800645c   0x0000003c   Code   RO         6181    i.SendQuerySensorType  sensorscanning.o
    0x08006498   0x08006498   0x0000000c   Code   RO          168    i.SysTick_Handler   stm32g0xx_it.o
    0x080064a4   0x080064a4   0x00000010   Code   RO         2718    i.SystemInit        system_stm32g0xx.o
    0x080064b4   0x080064b4   0x000000c8   Code   RO         5406    i.Update_Groups     normalink62386p102.o
    0x0800657c   0x0800657c   0x0000001a   Code   RO         1317    i.__ARM_common_switch8  stm32g0xx_hal_dma.o
    0x08006596   0x08006596   0x00000002   PAD
    0x08006598   0x08006598   0x00000044   Code   RO         1582    i.__NVIC_SetPriority  stm32g0xx_hal_cortex.o
    0x080065dc   0x080065dc   0x00000008   Code   RO         8002    i.__aeabi_errno_addr  mc_p.l(errno.o)
    0x080065e4   0x080065e4   0x0000000e   Code   RO         8047    i.__scatterload_copy  mc_p.l(handlers.o)
    0x080065f2   0x080065f2   0x00000002   Code   RO         8048    i.__scatterload_null  mc_p.l(handlers.o)
    0x080065f4   0x080065f4   0x0000000e   Code   RO         8049    i.__scatterload_zeroinit  mc_p.l(handlers.o)
    0x08006602   0x08006602   0x00000002   PAD
    0x08006604   0x08006604   0x0000006c   Code   RO         3223    i._ping_request     ethping.o
    0x08006670   0x08006670   0x0000000a   Code   RO         5869    i._sensoresDALIInhibitEnviar  sensores.o
    0x0800667a   0x0800667a   0x0000000a   Code   RO         5870    i._sensoresDALIRelightEnviar  sensores.o
    0x08006684   0x08006684   0x0000000a   Code   RO         5871    i._sensoresDALIRestEnviar  sensores.o
    0x0800668e   0x0800668e   0x00000008   Code   RO         5873    i._sensoresDALIcomandoArcoDirectoEnviar  sensores.o
    0x08006696   0x08006696   0x00000008   Code   RO         5875    i._sensoresDALIdownEnviar  sensores.o
    0x0800669e   0x0800669e   0x0000000a   Code   RO         5876    i._sensoresDALIgoToSceneEnviar  sensores.o
    0x080066a8   0x080066a8   0x00000008   Code   RO         5878    i._sensoresDALIoffEnviar  sensores.o
    0x080066b0   0x080066b0   0x0000000a   Code   RO         5879    i._sensoresDALIonAndStepUpEnviar  sensores.o
    0x080066ba   0x080066ba   0x00000008   Code   RO         5880    i._sensoresDALIquerySensorStatusEnviar  sensores.o
    0x080066c2   0x080066c2   0x00000008   Code   RO         5882    i._sensoresDALIrecallMaxLevelEnviar  sensores.o
    0x080066ca   0x080066ca   0x0000000a   Code   RO         5883    i._sensoresDALItcStepDownEnviar  sensores.o
    0x080066d4   0x080066d4   0x0000000a   Code   RO         5884    i._sensoresDALItcStepUpEnviar  sensores.o
    0x080066de   0x080066de   0x00000008   Code   RO         5886    i._sensoresDALIupEnviar  sensores.o
    0x080066e6   0x080066e6   0x00000002   PAD
    0x080066e8   0x080066e8   0x0000005c   Code   RO         6849    i._sensoresGruposAccionDAPCSet  sensoresgrupos.o
    0x08006744   0x08006744   0x00000014   Code   RO         6850    i._sensoresGruposAccionDownSet  sensoresgrupos.o
    0x08006758   0x08006758   0x00000014   Code   RO         6851    i._sensoresGruposAccionGoToSceneSet  sensoresgrupos.o
    0x0800676c   0x0800676c   0x00000028   Code   RO         6853    i._sensoresGruposAccionOffSet  sensoresgrupos.o
    0x08006794   0x08006794   0x0000000c   Code   RO         6854    i._sensoresGruposAccionOnAndStepUpSet  sensoresgrupos.o
    0x080067a0   0x080067a0   0x00000014   Code   RO         6855    i._sensoresGruposAccionQuerySensorStatusSet  sensoresgrupos.o
    0x080067b4   0x080067b4   0x00000028   Code   RO         6856    i._sensoresGruposAccionRecallMaxLevelSet  sensoresgrupos.o
    0x080067dc   0x080067dc   0x00000018   Code   RO         6857    i._sensoresGruposAccionRelightSet  sensoresgrupos.o
    0x080067f4   0x080067f4   0x00000018   Code   RO         6858    i._sensoresGruposAccionRestSet  sensoresgrupos.o
    0x0800680c   0x0800680c   0x00000014   Code   RO         6859    i._sensoresGruposAccionTcStepDownSet  sensoresgrupos.o
    0x08006820   0x08006820   0x00000014   Code   RO         6860    i._sensoresGruposAccionTcStepUpSet  sensoresgrupos.o
    0x08006834   0x08006834   0x00000014   Code   RO         6861    i._sensoresGruposAccionUpSet  sensoresgrupos.o
    0x08006848   0x08006848   0x0000001c   Code   RO         6862    i._sensoresGruposAlgunEquipoApagadoGet  sensoresgrupos.o
    0x08006864   0x08006864   0x00000018   Code   RO         6863    i._sensoresGruposAlgunoOperativoClear  sensoresgrupos.o
    0x0800687c   0x0800687c   0x00000014   Code   RO         6864    i._sensoresGruposAlgunoOperativoGet  sensoresgrupos.o
    0x08006890   0x08006890   0x00000018   Code   RO         6865    i._sensoresGruposAlgunoOperativoSet  sensoresgrupos.o
    0x080068a8   0x080068a8   0x0000000a   Code   RO         6867    i._sensoresGruposForMeGet  sensoresgrupos.o
    0x080068b2   0x080068b2   0x00000060   Code   RO         6868    i._sensoresGruposOffActionCall  sensoresgrupos.o
    0x08006912   0x08006912   0x00000060   Code   RO         6869    i._sensoresGruposOnActionCall  sensoresgrupos.o
    0x08006972   0x08006972   0x00000002   PAD
    0x08006974   0x08006974   0x00000244   Code   RO         6780    i._webserverPrintIp  webserver.o
    0x08006bb8   0x08006bb8   0x0000016c   Code   RO         6781    i._webserverUtilsStringFromBufferGet  webserver.o
    0x08006d24   0x08006d24   0x000000d8   Code   RO         6782    i._webserverUtilsStringToIp  webserver.o
    0x08006dfc   0x08006dfc   0x00000028   Code   RO         3294    i.actualLevelAddressPerteneceGrupoGet  actuallevel.o
    0x08006e24   0x08006e24   0x00000090   Code   RO         3295    i.actualLevelCmdNotify  actuallevel.o
    0x08006eb4   0x08006eb4   0x00000020   Code   RO         3296    i.actualLevelDestTipoGet  actuallevel.o
    0x08006ed4   0x08006ed4   0x00000082   Code   RO         3297    i.actualLevelGrupoGet  actuallevel.o
    0x08006f56   0x08006f56   0x00000050   Code   RO         3298    i.actualLevelGruposAfectadosGet  actuallevel.o
    0x08006fa6   0x08006fa6   0x00000002   PAD
    0x08006fa8   0x08006fa8   0x00000048   Code   RO         3299    i.actualLevelGruposPerteneceGet  actuallevel.o
    0x08006ff0   0x08006ff0   0x00000022   Code   RO         3300    i.actualLevelLvlToStoreGet  actuallevel.o
    0x08007012   0x08007012   0x00000062   Code   RO         3301    i.actualLevel_GrupoValoresGet  actuallevel.o
    0x08007074   0x08007074   0x0000002c   Code   RO         7659    i.applySUBR         w5100.o
    0x080070a0   0x080070a0   0x0000001a   Code   RO         6667    i.arrayPop          utils.o
    0x080070ba   0x080070ba   0x0000001a   Code   RO         6668    i.arrayPush         utils.o
    0x080070d4   0x080070d4   0x0000004c   Code   RO         3423    i.belongsGroupGet   config.o
    0x08007120   0x08007120   0x00000060   Code   RO         3424    i.belongsGroupSet   config.o
    0x08007180   0x08007180   0x00000010   Code   RO         2751    i.boardAVRBootOFF   board.o
    0x08007190   0x08007190   0x00000010   Code   RO         2752    i.boardAVRBootON    board.o
    0x080071a0   0x080071a0   0x00000010   Code   RO         2753    i.boardAVR_SPI_CS_Disable  board.o
    0x080071b0   0x080071b0   0x00000010   Code   RO         2754    i.boardAVR_SPI_CS_Enable  board.o
    0x080071c0   0x080071c0   0x00000014   Code   RO         2755    i.boardDALIISRGet   board.o
    0x080071d4   0x080071d4   0x00000034   Code   RO         2756    i.boardDateSet      board.o
    0x08007208   0x08007208   0x0000001c   Code   RO         2757    i.boardI2CRead      board.o
    0x08007224   0x08007224   0x00000024   Code   RO         2758    i.boardI2CWrite     board.o
    0x08007248   0x08007248   0x00000340   Code   RO         2759    i.boardInit         board.o
    0x08007588   0x08007588   0x00000014   Code   RO         2760    i.boardLedRojoOFF   board.o
    0x0800759c   0x0800759c   0x00000014   Code   RO         2761    i.boardLedRojoON    board.o
    0x080075b0   0x080075b0   0x00000014   Code   RO         2762    i.boardLedVerdeOFF  board.o
    0x080075c4   0x080075c4   0x00000014   Code   RO         2763    i.boardLedVerdeON   board.o
    0x080075d8   0x080075d8   0x00000008   Code   RO         2764    i.boardRTCTick      board.o
    0x080075e0   0x080075e0   0x0000001c   Code   RO         2766    i.boardResetBtnGet  board.o
    0x080075fc   0x080075fc   0x00000024   Code   RO         2768    i.boardSPI1Read     board.o
    0x08007620   0x08007620   0x00000014   Code   RO         2769    i.boardSPI1Write    board.o
    0x08007634   0x08007634   0x00000024   Code   RO         2770    i.boardSPI2Read     board.o
    0x08007658   0x08007658   0x00000014   Code   RO         2771    i.boardSPI2Write    board.o
    0x0800766c   0x0800766c   0x00000020   Code   RO         2772    i.boardSPIM25PSSDisable  board.o
    0x0800768c   0x0800768c   0x00000020   Code   RO         2773    i.boardSPIM25PSSEnable  board.o
    0x080076ac   0x080076ac   0x00000020   Code   RO         2774    i.boardSPIW5100SSDisable  board.o
    0x080076cc   0x080076cc   0x00000020   Code   RO         2775    i.boardSPIW5100SSEnable  board.o
    0x080076ec   0x080076ec   0x00000008   Code   RO         2776    i.boardSystick      board.o
    0x080076f4   0x080076f4   0x0000001c   Code   RO         2777    i.boardTestBtnGet   board.o
    0x08007710   0x08007710   0x0000003c   Code   RO         2778    i.boardTimeSet      board.o
    0x0800774c   0x0800774c   0x00000014   Code   RO         2779    i.boardW5100ResetOFF  board.o
    0x08007760   0x08007760   0x00000014   Code   RO         2780    i.boardW5100ResetON  board.o
    0x08007774   0x08007774   0x00000010   Code   RO         2781    i.boardWdtDoTask    board.o
    0x08007784   0x08007784   0x0000002c   Code   RO         2782    i.boardWdtInit      board.o
    0x080077b0   0x080077b0   0x00000014   Code   RO         2784    i.board_i2c_write_bootloader_status  board.o
    0x080077c4   0x080077c4   0x00000012   Code   RO         2785    i.board_i2c_write_ip_address  board.o
    0x080077d6   0x080077d6   0x00000012   Code   RO         2786    i.board_i2c_write_submask_address  board.o
    0x080077e8   0x080077e8   0x00000094   Code   RO         3353    i.botoneraDoTask    botonera.o
    0x0800787c   0x0800787c   0x0000000c   Code   RO         3354    i.botoneraFailLedApagar  botonera.o
    0x08007888   0x08007888   0x00000010   Code   RO         3355    i.botoneraFailLedBlink  botonera.o
    0x08007898   0x08007898   0x0000000c   Code   RO         3356    i.botoneraFailLedEncender  botonera.o
    0x080078a4   0x080078a4   0x00000010   Code   RO         3357    i.botoneraLinkLedBlink  botonera.o
    0x080078b4   0x080078b4   0x0000000c   Code   RO         3358    i.botoneraTestOff   botonera.o
    0x080078c0   0x080078c0   0x00000010   Code   RO         3359    i.botoneraTestOn    botonera.o
    0x080078d0   0x080078d0   0x00000058   Code   RO         3360    i.botoneraTick      botonera.o
    0x08007928   0x08007928   0x0000000c   Code   RO         6669    i.bytePop           utils.o
    0x08007934   0x08007934   0x0000000a   Code   RO         6670    i.bytePush          utils.o
    0x0800793e   0x0800793e   0x00000038   Code   RO         3224    i.checksum          ethping.o
    0x08007976   0x08007976   0x00000002   PAD
    0x08007978   0x08007978   0x00000084   Code   RO         5444    i.circActualizar    normalink62386p209.o
    0x080079fc   0x080079fc   0x0000002c   Code   RO         5445    i.circDoTask        normalink62386p209.o
    0x08007a28   0x08007a28   0x00000020   Code   RO         5446    i.circGruposInhibidosClear  normalink62386p209.o
    0x08007a48   0x08007a48   0x00000020   Code   RO         5447    i.circGruposInhibidosSet  normalink62386p209.o
    0x08007a68   0x08007a68   0x00000018   Code   RO         5449    i.circInit          normalink62386p209.o
    0x08007a80   0x08007a80   0x00000048   Code   RO         7660    i.clearSUBR         w5100.o
    0x08007ac8   0x08007ac8   0x0000002c   Code   RO         7580    i.close             socket.o
    0x08007af4   0x08007af4   0x00000018   Code   RO         6285    i.cmd_DTR_cb        sensorstoring.o
    0x08007b0c   0x08007b0c   0x0000001c   Code   RO         6286    i.cmd_ENABLE_DISABLE_cb  sensorstoring.o
    0x08007b28   0x08007b28   0x00000018   Code   RO         6287    i.cmd_FINISH_CONFIG_cb  sensorstoring.o
    0x08007b40   0x08007b40   0x0000001c   Code   RO         6288    i.cmd_QUERY_ENABLE_DISABLE_cb  sensorstoring.o
    0x08007b5c   0x08007b5c   0x00000074   Code   RO         6289    i.cmd_QUERY_MODE_cb  sensorstoring.o
    0x08007bd0   0x08007bd0   0x0000001c   Code   RO         6290    i.cmd_QUERY_SETPOINT_cb  sensorstoring.o
    0x08007bec   0x08007bec   0x0000001c   Code   RO         6291    i.cmd_SET_MODE_cb   sensorstoring.o
    0x08007c08   0x08007c08   0x00000018   Code   RO         6292    i.cmd_SET_SETPOINT_cb  sensorstoring.o
    0x08007c20   0x08007c20   0x00000018   Code   RO         6293    i.cmd_START_CONFIG_cb  sensorstoring.o
    0x08007c38   0x08007c38   0x00000018   Code   RO         3425    i.configAdminPassGet  config.o
    0x08007c50   0x08007c50   0x00000020   Code   RO         3426    i.configAdminPassSet  config.o
    0x08007c70   0x08007c70   0x00000020   Code   RO         3427    i.configDaliLoopDeviceTypeGet  config.o
    0x08007c90   0x08007c90   0x00000028   Code   RO         3429    i.configDaliLoopDeviceTypeSet  config.o
    0x08007cb8   0x08007cb8   0x00000020   Code   RO         3431    i.configDaliLoopGroupHighSet  config.o
    0x08007cd8   0x08007cd8   0x00000020   Code   RO         3433    i.configDaliLoopGroupLowSet  config.o
    0x08007cf8   0x08007cf8   0x00000018   Code   RO         3435    i.configDaliLoopInstalledGet  config.o
    0x08007d10   0x08007d10   0x00000020   Code   RO         3437    i.configDaliLoopInstalledSet  config.o
    0x08007d30   0x08007d30   0x00000018   Code   RO         3438    i.configGatewayAddressGet  config.o
    0x08007d48   0x08007d48   0x00000020   Code   RO         3439    i.configGatewayAddressSet  config.o
    0x08007d68   0x08007d68   0x000000d8   Code   RO         3440    i.configInit        config.o
    0x08007e40   0x08007e40   0x00000030   Code   RO         3441    i.configInterfacesConfiguracionGet  config.o
    0x08007e70   0x08007e70   0x00000038   Code   RO         3442    i.configInterfacesConfiguracionSet  config.o
    0x08007ea8   0x08007ea8   0x00000018   Code   RO         3443    i.configInterfacesFinalizarConfiguracion  config.o
    0x08007ec0   0x08007ec0   0x00000030   Code   RO         3444    i.configInterfacesIniciarConfiguracion  config.o
    0x08007ef0   0x08007ef0   0x00000018   Code   RO         3445    i.configIpAddressGet  config.o
    0x08007f08   0x08007f08   0x00000028   Code   RO         3446    i.configIpAddressSet  config.o
    0x08007f30   0x08007f30   0x00000018   Code   RO         3447    i.configMantenedorPassGet  config.o
    0x08007f48   0x08007f48   0x00000020   Code   RO         3448    i.configMantenedorPassSet  config.o
    0x08007f68   0x08007f68   0x00000018   Code   RO         3449    i.configNombreEdificioGet  config.o
    0x08007f80   0x08007f80   0x00000020   Code   RO         3450    i.configNombreEdificioSet  config.o
    0x08007fa0   0x08007fa0   0x00000018   Code   RO         3451    i.configNombreLineaGet  config.o
    0x08007fb8   0x08007fb8   0x00000020   Code   RO         3452    i.configNombreLineaSet  config.o
    0x08007fd8   0x08007fd8   0x00000090   Code   RO         3453    i.configResetNetworkSettings  config.o
    0x08008068   0x08008068   0x00000030   Code   RO         3455    i.configSensoresConfiguracionGet  config.o
    0x08008098   0x08008098   0x00000050   Code   RO         3456    i.configSensoresConfiguracionSet  config.o
    0x080080e8   0x080080e8   0x00000018   Code   RO         3457    i.configSensoresFinalizarConfiguracion  config.o
    0x08008100   0x08008100   0x00000028   Code   RO         3458    i.configSensoresGruposConfiguracionGet  config.o
    0x08008128   0x08008128   0x00000038   Code   RO         3459    i.configSensoresGruposConfiguracionSet  config.o
    0x08008160   0x08008160   0x00000028   Code   RO         3461    i.configSensoresIniciarConfiguracion  config.o
    0x08008188   0x08008188   0x000001fc   Code   RO         3462    i.configStoreInFlash  config.o
    0x08008384   0x08008384   0x00000018   Code   RO         3463    i.configSubmaskAddressGet  config.o
    0x0800839c   0x0800839c   0x00000028   Code   RO         3464    i.configSubmaskAddressSet  config.o
    0x080083c4   0x080083c4   0x00000060   Code   RO         3465    i.configTempGet     config.o
    0x08008424   0x08008424   0x0000002a   Code   RO         3466    i.configTempInit    config.o
    0x0800844e   0x0800844e   0x00000002   PAD
    0x08008450   0x08008450   0x00000058   Code   RO         3468    i.configTempSet     config.o
    0x080084a8   0x080084a8   0x00000044   Code   RO         3469    i.configTestGet     config.o
    0x080084ec   0x080084ec   0x0000002a   Code   RO         3470    i.configTestInit    config.o
    0x08008516   0x08008516   0x00000002   PAD
    0x08008518   0x08008518   0x00000048   Code   RO         3472    i.configTestSet     config.o
    0x08008560   0x08008560   0x0000002c   Code   RO         3848    i.dACompareCb       daliaddressing.o
    0x0800858c   0x0800858c   0x00000054   Code   RO         3849    i.dACompareSend     daliaddressing.o
    0x080085e0   0x080085e0   0x00000044   Code   RO         3729    i.dADSADoTask       dadsa.o
    0x08008624   0x08008624   0x0000000c   Code   RO         3730    i.dADSADoneFlagClear  dadsa.o
    0x08008630   0x08008630   0x00000038   Code   RO         3731    i.dADSAStart        dadsa.o
    0x08008668   0x08008668   0x00000018   Code   RO         3850    i.dADTRCb           daliaddressing.o
    0x08008680   0x08008680   0x00000040   Code   RO         3851    i.dADTRSend         daliaddressing.o
    0x080086c0   0x080086c0   0x00000018   Code   RO         3852    i.dAInitializeCb    daliaddressing.o
    0x080086d8   0x080086d8   0x00000054   Code   RO         3853    i.dAInitializeSend  daliaddressing.o
    0x0800872c   0x0800872c   0x000000d0   Code   RO         4645    i.dALSDoTask        dals.o
    0x080087fc   0x080087fc   0x00000038   Code   RO         4647    i.dALSStart         dals.o
    0x08008834   0x08008834   0x00000134   Code   RO         4685    i.dANIDoTask        dani.o
    0x08008968   0x08008968   0x0000001c   Code   RO         4686    i.dANIGotoStage     dani.o
    0x08008984   0x08008984   0x0000003c   Code   RO         4688    i.dANIStart         dani.o
    0x080089c0   0x080089c0   0x000001dc   Code   RO         4724    i.dAPSADoTask       dapsa.o
    0x08008b9c   0x08008b9c   0x0000000c   Code   RO         4725    i.dAPSADoneFlagClear  dapsa.o
    0x08008ba8   0x08008ba8   0x00000044   Code   RO         4726    i.dAPSAGotoStage    dapsa.o
    0x08008bec   0x08008bec   0x0000006c   Code   RO         4728    i.dAPSAStart        dapsa.o
    0x08008c58   0x08008c58   0x00000018   Code   RO         3854    i.dAProgramSAddrCb  daliaddressing.o
    0x08008c70   0x08008c70   0x00000054   Code   RO         3855    i.dAProgramSAddrSend  daliaddressing.o
    0x08008cc4   0x08008cc4   0x00000048   Code   RO         4770    i.dAQCGLDoTask      daqcgl.o
    0x08008d0c   0x08008d0c   0x0000000c   Code   RO         4771    i.dAQCGLDoneFlagClear  daqcgl.o
    0x08008d18   0x08008d18   0x00000048   Code   RO         4773    i.dAQCGLStart       daqcgl.o
    0x08008d60   0x08008d60   0x00000060   Code   RO         4805    i.dAQDTLDoTask      daqdtl.o
    0x08008dc0   0x08008dc0   0x0000000c   Code   RO         4806    i.dAQDTLDoneFlagClear  daqdtl.o
    0x08008dcc   0x08008dcc   0x00000048   Code   RO         4807    i.dAQDTLStart       daqdtl.o
    0x08008e14   0x08008e14   0x00000028   Code   RO         3856    i.dAQGroupsHighCb   daliaddressing.o
    0x08008e3c   0x08008e3c   0x0000003c   Code   RO         3857    i.dAQGroupsHighSend  daliaddressing.o
    0x08008e78   0x08008e78   0x00000028   Code   RO         3858    i.dAQGroupsLowCb    daliaddressing.o
    0x08008ea0   0x08008ea0   0x0000003c   Code   RO         3859    i.dAQGroupsLowSend  daliaddressing.o
    0x08008edc   0x08008edc   0x00000054   Code   RO         3860    i.dAQueryCGLoopCb   daliaddressing.o
    0x08008f30   0x08008f30   0x00000048   Code   RO         3861    i.dAQueryCGLoopSend  daliaddressing.o
    0x08008f78   0x08008f78   0x0000008c   Code   RO         3862    i.dAQueryDTCb       daliaddressing.o
    0x08009004   0x08009004   0x00000040   Code   RO         3863    i.dAQueryDTSend     daliaddressing.o
    0x08009044   0x08009044   0x0000002c   Code   RO         3864    i.dAQueryMissingSAddrCb  daliaddressing.o
    0x08009070   0x08009070   0x00000024   Code   RO         3866    i.dAQueryShortAddrCb  daliaddressing.o
    0x08009094   0x08009094   0x00000058   Code   RO         3867    i.dAQueryShortAddrSend  daliaddressing.o
    0x080090ec   0x080090ec   0x00000018   Code   RO         3868    i.dARandomizeCb     daliaddressing.o
    0x08009104   0x08009104   0x00000054   Code   RO         3869    i.dARandomizeSend   daliaddressing.o
    0x08009158   0x08009158   0x000000d8   Code   RO         4836    i.dASEDoTask        dase.o
    0x08009230   0x08009230   0x0000001c   Code   RO         4837    i.dASEGotoStage     dase.o
    0x0800924c   0x0800924c   0x00000038   Code   RO         4839    i.dASEStart         dase.o
    0x08009284   0x08009284   0x0000054c   Code   RO         4875    i.dASRADoTask       dasra.o
    0x080097d0   0x080097d0   0x0000000c   Code   RO         4876    i.dASRADoneFlagClear  dasra.o
    0x080097dc   0x080097dc   0x0000000c   Code   RO         4877    i.dASRAEncontradosHGet  dasra.o
    0x080097e8   0x080097e8   0x00000010   Code   RO         4878    i.dASRAEncontradosLGet  dasra.o
    0x080097f8   0x080097f8   0x00000010   Code   RO         4879    i.dASRAEncontradosMGet  dasra.o
    0x08009808   0x08009808   0x00000054   Code   RO         4880    i.dASRAGotoStage    dasra.o
    0x0800985c   0x0800985c   0x0000006c   Code   RO         4882    i.dASRAStart        dasra.o
    0x080098c8   0x080098c8   0x00000018   Code   RO         3870    i.dASearchAddrHCb   daliaddressing.o
    0x080098e0   0x080098e0   0x00000054   Code   RO         3871    i.dASearchAddrHSend  daliaddressing.o
    0x08009934   0x08009934   0x00000018   Code   RO         3872    i.dASearchAddrLCb   daliaddressing.o
    0x0800994c   0x0800994c   0x00000054   Code   RO         3873    i.dASearchAddrLSend  daliaddressing.o
    0x080099a0   0x080099a0   0x00000018   Code   RO         3874    i.dASearchAddrMCb   daliaddressing.o
    0x080099b8   0x080099b8   0x00000054   Code   RO         3875    i.dASearchAddrMSend  daliaddressing.o
    0x08009a0c   0x08009a0c   0x00000018   Code   RO         3876    i.dAStoreDTRAsAddrCb  daliaddressing.o
    0x08009a24   0x08009a24   0x00000040   Code   RO         3877    i.dAStoreDTRAsAddrSend  daliaddressing.o
    0x08009a64   0x08009a64   0x00000018   Code   RO         3878    i.dATerminateCb     daliaddressing.o
    0x08009a7c   0x08009a7c   0x00000054   Code   RO         3879    i.dATerminateSend   daliaddressing.o
    0x08009ad0   0x08009ad0   0x00000018   Code   RO         3880    i.dAWithdrawCb      daliaddressing.o
    0x08009ae8   0x08009ae8   0x00000054   Code   RO         3881    i.dAWithdrawSend    daliaddressing.o
    0x08009b3c   0x08009b3c   0x00000024   Code   RO         3761    i.daliAccessHandlerAddrLock  dali.o
    0x08009b60   0x08009b60   0x00000020   Code   RO         3762    i.daliAccessHandlerAddrUnlock  dali.o
    0x08009b80   0x08009b80   0x00000020   Code   RO         3763    i.daliAccessHandlerAllowAllModules  dali.o
    0x08009ba0   0x08009ba0   0x00000058   Code   RO         3764    i.daliAccessHandlerAllowOnlyThisModule  dali.o
    0x08009bf8   0x08009bf8   0x000000a6   Code   RO         3882    i.daliAddressingDaliNotifyCb  daliaddressing.o
    0x08009c9e   0x08009c9e   0x00000002   PAD
    0x08009ca0   0x08009ca0   0x00000050   Code   RO         3883    i.daliAddressingDebug  daliaddressing.o
    0x08009cf0   0x08009cf0   0x00000028   Code   RO         3885    i.daliAddressingDoTask  daliaddressing.o
    0x08009d18   0x08009d18   0x00000004   Code   RO         3886    i.daliAddressingGroupScanStart  daliaddressing.o
    0x08009d1c   0x08009d1c   0x00000050   Code   RO         3887    i.daliAddressingLineScanStart  daliaddressing.o
    0x08009d6c   0x08009d6c   0x00000060   Code   RO         3888    i.daliAddressingNewInitialisationStart  daliaddressing.o
    0x08009dcc   0x08009dcc   0x00000048   Code   RO         3889    i.daliAddressingNotify  daliaddressing.o
    0x08009e14   0x08009e14   0x00000054   Code   RO         3892    i.daliAddressingSystemExtensionStart  daliaddressing.o
    0x08009e68   0x08009e68   0x00000054   Code   RO         3765    i.daliBufferSend    dali.o
    0x08009ebc   0x08009ebc   0x0000006c   Code   RO         4470    i.daliBufferTransceiverSend  dalitransceiver.o
    0x08009f28   0x08009f28   0x0000031c   Code   RO         3767    i.daliDoTask        dali.o
    0x0800a244   0x0800a244   0x00000058   Code   RO         4135    i.daliLoopActualLevelApplyGet  daliloop.o
    0x0800a29c   0x0800a29c   0x0000000c   Code   RO         4136    i.daliLoopActualLevelDiscard  daliloop.o
    0x0800a2a8   0x0800a2a8   0x00000054   Code   RO         4137    i.daliLoopActualLevelGet  daliloop.o
    0x0800a2fc   0x0800a2fc   0x00000020   Code   RO         4138    i.daliLoopActualLevelSet  daliloop.o
    0x0800a31c   0x0800a31c   0x0000000c   Code   RO         4140    i.daliLoopActualLevelValidGet  daliloop.o
    0x0800a328   0x0800a328   0x00000130   Code   RO         4143    i.daliLoopBatchFrameProcess  daliloop.o
    0x0800a458   0x0800a458   0x00000010   Code   RO         4144    i.daliLoopDeviceBitFromByteArrayGet  daliloop.o
    0x0800a468   0x0800a468   0x00000042   Code   RO         4145    i.daliLoopDeviceTypeGet  daliloop.o
    0x0800a4aa   0x0800a4aa   0x00000066   Code   RO         4148    i.daliLoopDeviceTypeMatchArrayByteGet  daliloop.o
    0x0800a510   0x0800a510   0x00000180   Code   RO         4149    i.daliLoopDoTask    daliloop.o
    0x0800a690   0x0800a690   0x00000060   Code   RO         4150    i.daliLoopEmergencyModeGet  daliloop.o
    0x0800a6f0   0x0800a6f0   0x00000030   Code   RO         4151    i.daliLoopErrorComCntDecrease  daliloop.o
    0x0800a720   0x0800a720   0x00000030   Code   RO         4152    i.daliLoopErrorComCntIncrease  daliloop.o
    0x0800a750   0x0800a750   0x0000000c   Code   RO         4153    i.daliLoopErrorComGet  daliloop.o
    0x0800a75c   0x0800a75c   0x00000060   Code   RO         4154    i.daliLoopFailureStatusGet  daliloop.o
    0x0800a7bc   0x0800a7bc   0x00000048   Code   RO         4156    i.daliLoopInstalledArrayByteGet  daliloop.o
    0x0800a804   0x0800a804   0x0000001c   Code   RO         4157    i.daliLoopInstalledGet  daliloop.o
    0x0800a820   0x0800a820   0x00000014   Code   RO         4158    i.daliLoopRtccTick  daliloop.o
    0x0800a834   0x0800a834   0x0000004c   Code   RO         4159    i.daliLoopStatusGet  daliloop.o
    0x0800a880   0x0800a880   0x0000015c   Code   RO         4161    i.daliLoopValidByteGet  daliloop.o
    0x0800a9dc   0x0800a9dc   0x00000074   Code   RO         3768    i.daliSend          dali.o
    0x0800aa50   0x0800aa50   0x00000020   Code   RO         3769    i.daliSendInProgressGet  dali.o
    0x0800aa70   0x0800aa70   0x0000005c   Code   RO         4315    i.daliSensoresComandoArcoDirectoEnviar  dalisensores.o
    0x0800aacc   0x0800aacc   0x000001cc   Code   RO         4316    i.daliSensoresDaliNotifyCb  dalisensores.o
    0x0800ac98   0x0800ac98   0x00000058   Code   RO         4317    i.daliSensoresDownEnviar  dalisensores.o
    0x0800acf0   0x0800acf0   0x0000005c   Code   RO         4318    i.daliSensoresGoToSceneEnviar  dalisensores.o
    0x0800ad4c   0x0800ad4c   0x00000048   Code   RO         4319    i.daliSensoresInhibitEnviar  dalisensores.o
    0x0800ad94   0x0800ad94   0x00000024   Code   RO         4320    i.daliSensoresModoInterfazRecibidoProcesar  dalisensores.o
    0x0800adb8   0x0800adb8   0x0000000c   Code   RO         4321    i.daliSensoresNivelLuzRecibidoProcesar  dalisensores.o
    0x0800adc4   0x0800adc4   0x00000058   Code   RO         4322    i.daliSensoresOffEnviar  dalisensores.o
    0x0800ae1c   0x0800ae1c   0x00000048   Code   RO         4323    i.daliSensoresOnAndStepUpEnviar  dalisensores.o
    0x0800ae64   0x0800ae64   0x00000008   Code   RO         4324    i.daliSensoresPollingEndTmpDisable  dalisensores.o
    0x0800ae6c   0x0800ae6c   0x00000008   Code   RO         4325    i.daliSensoresPollingTmpDisable  dalisensores.o
    0x0800ae74   0x0800ae74   0x00000044   Code   RO         4326    i.daliSensoresQueryBackupSensorNivelEnviar  dalisensores.o
    0x0800aeb8   0x0800aeb8   0x00000044   Code   RO         4327    i.daliSensoresQueryBackupSensorStatusEnviar  dalisensores.o
    0x0800aefc   0x0800aefc   0x00000044   Code   RO         4328    i.daliSensoresQuerySensorNivelEnviar  dalisensores.o
    0x0800af40   0x0800af40   0x00000044   Code   RO         4329    i.daliSensoresQuerySensorStatusEnviar  dalisensores.o
    0x0800af84   0x0800af84   0x00000008   Code   RO         4330    i.daliSensoresQuiereComunicar  dalisensores.o
    0x0800af8c   0x0800af8c   0x00000058   Code   RO         4331    i.daliSensoresRecallMaxLevelEnviar  dalisensores.o
    0x0800afe4   0x0800afe4   0x00000048   Code   RO         4332    i.daliSensoresRelightEnviar  dalisensores.o
    0x0800b02c   0x0800b02c   0x00000048   Code   RO         4333    i.daliSensoresRestEnviar  dalisensores.o
    0x0800b074   0x0800b074   0x00000026   Code   RO         4334    i.daliSensoresSensorStatusProcesar  dalisensores.o
    0x0800b09a   0x0800b09a   0x00000002   PAD
    0x0800b09c   0x0800b09c   0x0000002c   Code   RO         4335    i.daliSensoresSysTick  dalisensores.o
    0x0800b0c8   0x0800b0c8   0x0000006c   Code   RO         4336    i.daliSensoresTcStepDownEnviar  dalisensores.o
    0x0800b134   0x0800b134   0x0000006c   Code   RO         4337    i.daliSensoresTcStepUpEnviar  dalisensores.o
    0x0800b1a0   0x0800b1a0   0x00000058   Code   RO         4338    i.daliSensoresUpEnviar  dalisensores.o
    0x0800b1f8   0x0800b1f8   0x00000024   Code   RO         3770    i.daliStop          dali.o
    0x0800b21c   0x0800b21c   0x000001bc   Code   RO         4471    i.daliTransceiverDoTask  dalitransceiver.o
    0x0800b3d8   0x0800b3d8   0x00000028   Code   RO         4472    i.daliTransceiverGetFwVer  dalitransceiver.o
    0x0800b400   0x0800b400   0x00000050   Code   RO         4473    i.daliTransceiverIncomingFrameGet  dalitransceiver.o
    0x0800b450   0x0800b450   0x00000044   Code   RO         4474    i.daliTransceiverIncomingFrameStore  dalitransceiver.o
    0x0800b494   0x0800b494   0x000000ec   Code   RO         4475    i.daliTransceiverSend  dalitransceiver.o
    0x0800b580   0x0800b580   0x0000000c   Code   RO         4476    i.daliTransceiverStatusGet  dalitransceiver.o
    0x0800b58c   0x0800b58c   0x00000038   Code   RO         4477    i.daliTransceiverStop  dalitransceiver.o
    0x0800b5c4   0x0800b5c4   0x0000000c   Code   RO         4533    i.daliUtilsBlinkGet  daliutils.o
    0x0800b5d0   0x0800b5d0   0x00000090   Code   RO         4534    i.daliUtilsBlinkSend  daliutils.o
    0x0800b660   0x0800b660   0x00000048   Code   RO         4535    i.daliUtilsBlinkTerminate  daliutils.o
    0x0800b6a8   0x0800b6a8   0x0000004e   Code   RO         4536    i.daliUtilsBootloaderModelHGet  daliutils.o
    0x0800b6f6   0x0800b6f6   0x0000005a   Code   RO         4537    i.daliUtilsBootloaderModelHSet  daliutils.o
    0x0800b750   0x0800b750   0x0000004e   Code   RO         4538    i.daliUtilsBootloaderModelLGet  daliutils.o
    0x0800b79e   0x0800b79e   0x0000005a   Code   RO         4539    i.daliUtilsBootloaderModelLSet  daliutils.o
    0x0800b7f8   0x0800b7f8   0x0000004e   Code   RO         4540    i.daliUtilsBootloaderStatusGet  daliutils.o
    0x0800b846   0x0800b846   0x0000005a   Code   RO         4541    i.daliUtilsBootloaderStatusSet  daliutils.o
    0x0800b8a0   0x0800b8a0   0x0000004e   Code   RO         4542    i.daliUtilsBootloaderVersionGet  daliutils.o
    0x0800b8ee   0x0800b8ee   0x0000005a   Code   RO         4543    i.daliUtilsBootloaderVersionSet  daliutils.o
    0x0800b948   0x0800b948   0x00000038   Code   RO         4544    i.daliUtilsBootloaderWritePage  daliutils.o
    0x0800b980   0x0800b980   0x00000014   Code   RO         4545    i.daliUtilsDaliNotifyCb  daliutils.o
    0x0800b994   0x0800b994   0x00000048   Code   RO         4546    i.daliUtilsDaliSend  daliutils.o
    0x0800b9dc   0x0800b9dc   0x00000010   Code   RO         4547    i.daliUtilsDoTask   daliutils.o
    0x0800b9ec   0x0800b9ec   0x00000058   Code   RO         4548    i.daliUtilsRebootSend  daliutils.o
    0x0800ba44   0x0800ba44   0x000000a4   Code   RO         4549    i.daliUtilsTick     daliutils.o
    0x0800bae8   0x0800bae8   0x00000018   Code   RO         5803    i.dec2hex           rtcc.o
    0x0800bb00   0x0800bb00   0x00000020   Code   RO         7582    i.disconnect        socket.o
    0x0800bb20   0x0800bb20   0x000000dc   Code   RO         4942    i.eBootloaderTransceiver_Check  embeddedbootloader.o
    0x0800bbfc   0x0800bbfc   0x00000002   Code   RO         4943    i.eBootloaderTransceiver_Go  embeddedbootloader.o
    0x0800bbfe   0x0800bbfe   0x00000002   PAD
    0x0800bc00   0x0800bc00   0x0000002c   Code   RO         4944    i.eBootloaderTransceiver_Read  embeddedbootloader.o
    0x0800bc2c   0x0800bc2c   0x00000010   Code   RO         4945    i.eBootloaderTransceiver_ReadStart  embeddedbootloader.o
    0x0800bc3c   0x0800bc3c   0x00000038   Code   RO         4946    i.eBootloaderTransceiver_Write  embeddedbootloader.o
    0x0800bc74   0x0800bc74   0x00000030   Code   RO         4947    i.eBootloaderTransceiver_WriteStart  embeddedbootloader.o
    0x0800bca4   0x0800bca4   0x00000002   Code   RO         4949    i.embeddedBootloaderInit  embeddedbootloader.o
    0x0800bca6   0x0800bca6   0x00000002   PAD
    0x0800bca8   0x0800bca8   0x00000128   Code   RO         3061    i.ethDoTask         ethframming.o
    0x0800bdd0   0x0800bdd0   0x00000038   Code   RO         3225    i.ethICMPDoTask     ethping.o
    0x0800be08   0x0800be08   0x00000048   Code   RO         3226    i.ethICMPPingSend   ethping.o
    0x0800be50   0x0800be50   0x0000000c   Code   RO         3227    i.ethICMPPongReceivedGet  ethping.o
    0x0800be5c   0x0800be5c   0x0000000c   Code   RO         3228    i.ethICMPPongTimeoutGet  ethping.o
    0x0800be68   0x0800be68   0x00000018   Code   RO         3229    i.ethICMPTick       ethping.o
    0x0800be80   0x0800be80   0x0000010c   Code   RO         3062    i.ethProcessFrame   ethframming.o
    0x0800bf8c   0x0800bf8c   0x00000030   Code   RO         3063    i.ethSendACK        ethframming.o
    0x0800bfbc   0x0800bfbc   0x00000040   Code   RO         3064    i.ethSendBlinkNotif  ethframming.o
    0x0800bffc   0x0800bffc   0x00000048   Code   RO         3065    i.ethSendFrame      ethframming.o
    0x0800c044   0x0800c044   0x0000002c   Code   RO         3112    i.ethTransceiverConTestActiveGet  ethtransceiver.o
    0x0800c070   0x0800c070   0x00000100   Code   RO         3113    i.ethTransceiverDoTask  ethtransceiver.o
    0x0800c170   0x0800c170   0x00000010   Code   RO         3114    i.ethTransceiverInit  ethtransceiver.o
    0x0800c180   0x0800c180   0x00000010   Code   RO         3115    i.ethTransceiverLAN_test  ethtransceiver.o
    0x0800c190   0x0800c190   0x0000002c   Code   RO         3116    i.ethTransceiverRTCC_Tick  ethtransceiver.o
    0x0800c1bc   0x0800c1bc   0x00000010   Code   RO         3117    i.ethTransceiverReset  ethtransceiver.o
    0x0800c1cc   0x0800c1cc   0x00000020   Code   RO         3118    i.ethTransceiverTick  ethtransceiver.o
    0x0800c1ec   0x0800c1ec   0x0000000c   Code   RO         3119    i.ethTransceiverTiempoSinRecibirCntRst  ethtransceiver.o
    0x0800c1f8   0x0800c1f8   0x0000009c   Code   RO         3120    i.ethTransceiverW5100Init  ethtransceiver.o
    0x0800c294   0x0800c294   0x00000098   Code   RO         5023    i.fallosComunicacion  fallos.o
    0x0800c32c   0x0800c32c   0x00000044   Code   RO         5024    i.fallosDoTask      fallos.o
    0x0800c370   0x0800c370   0x000002a4   Code   RO         5026    i.fallosProcesar    fallos.o
    0x0800c614   0x0800c614   0x00000014   Code   RO         3473    i.fillBuffer        config.o
    0x0800c628   0x0800c628   0x0000000c   Code   RO         7663    i.getIINCHIP_RxBASE  w5100.o
    0x0800c634   0x0800c634   0x0000000c   Code   RO         7664    i.getIINCHIP_RxMASK  w5100.o
    0x0800c640   0x0800c640   0x0000000c   Code   RO         7665    i.getIINCHIP_RxMAX  w5100.o
    0x0800c64c   0x0800c64c   0x0000000c   Code   RO         7666    i.getIINCHIP_TxBASE  w5100.o
    0x0800c658   0x0800c658   0x0000000c   Code   RO         7667    i.getIINCHIP_TxMASK  w5100.o
    0x0800c664   0x0800c664   0x0000000c   Code   RO         7668    i.getIINCHIP_TxMAX  w5100.o
    0x0800c670   0x0800c670   0x00000026   Code   RO         7672    i.getSIPR           w5100.o
    0x0800c696   0x0800c696   0x00000002   PAD
    0x0800c698   0x0800c698   0x00000040   Code   RO         7678    i.getSn_RX_RSR      w5100.o
    0x0800c6d8   0x0800c6d8   0x00000014   Code   RO         7679    i.getSn_SR          w5100.o
    0x0800c6ec   0x0800c6ec   0x0000003e   Code   RO         7680    i.getSn_TX_FSR      w5100.o
    0x0800c72a   0x0800c72a   0x00000002   PAD
    0x0800c72c   0x0800c72c   0x0000007c   Code   RO         4648    i.groupsDoTask      dals.o
    0x0800c7a8   0x0800c7a8   0x00000014   Code   RO         4649    i.groupsTick        dals.o
    0x0800c7bc   0x0800c7bc   0x00000010   Code   RO         5804    i.hex2dec           rtcc.o
    0x0800c7cc   0x0800c7cc   0x000000b0   Code   RO         5060    i.historicoAdd      historico.o
    0x0800c87c   0x0800c87c   0x0000002a   Code   RO         5061    i.historicoDataGet  historico.o
    0x0800c8a6   0x0800c8a6   0x00000002   PAD
    0x0800c8a8   0x0800c8a8   0x0000002c   Code   RO         5062    i.historicoFlashMemPosGet  historico.o
    0x0800c8d4   0x0800c8d4   0x000000d8   Code   RO         5063    i.historicoInit     historico.o
    0x0800c9ac   0x0800c9ac   0x00000070   Code   RO         5064    i.historicoMapPtrUsedSet  historico.o
    0x0800ca1c   0x0800ca1c   0x0000005c   Code   RO         5065    i.historicoPtrInc   historico.o
    0x0800ca78   0x0800ca78   0x0000007c   Code   RO         5066    i.historicoRead     historico.o
    0x0800caf4   0x0800caf4   0x00000044   Code   RO         5067    i.historicoReadableEventsCntGet  historico.o
    0x0800cb38   0x0800cb38   0x0000003c   Code   RO         5068    i.historicoReset    historico.o
    0x0800cb74   0x0800cb74   0x000000e4   Code   RO         5129    i.historicoTest_PeticionManual  historicotest.o
    0x0800cc58   0x0800cc58   0x000000c0   Code   RO         5130    i.historicoTest_ProcesaEstaEmergencia  historicotest.o
    0x0800cd18   0x0800cd18   0x000000c4   Code   RO         5131    i.historicoTest_Send  historicotest.o
    0x0800cddc   0x0800cddc   0x00000024   Code   RO         5069    i.historicoTick     historico.o
    0x0800ce00   0x0800ce00   0x0000000a   Code   RO         3230    i.htons             ethping.o
    0x0800ce0a   0x0800ce0a   0x00000002   Code   RO         5156    i.iEDDoTask         ied.o
    0x0800ce0c   0x0800ce0c   0x0000000a   Code   RO         7681    i.iinchip_init      w5100.o
    0x0800ce16   0x0800ce16   0x00000092   Code   RO         5186    i.interfacesConfiguracionGet  interfaces.o
    0x0800cea8   0x0800cea8   0x0000001e   Code   RO         5187    i.interfacesConfiguracionSet  interfaces.o
    0x0800cec6   0x0800cec6   0x00000002   PAD
    0x0800cec8   0x0800cec8   0x0000002c   Code   RO         5188    i.interfacesDoTask  interfaces.o
    0x0800cef4   0x0800cef4   0x000001ac   Code   RO         5189    i.interfacesIDNG4PEventoGet  interfaces.o
    0x0800d0a0   0x0800d0a0   0x00000110   Code   RO         5190    i.interfacesIDNGEADEventoGet  interfaces.o
    0x0800d1b0   0x0800d1b0   0x00000038   Code   RO         5191    i.interfacesInit    interfaces.o
    0x0800d1e8   0x0800d1e8   0x0000000c   Code   RO         5192    i.interfacesInstaladosCntGet  interfaces.o
    0x0800d1f4   0x0800d1f4   0x00000038   Code   RO         5193    i.interfacesNotificar  interfaces.o
    0x0800d22c   0x0800d22c   0x0000005c   Code   RO         5194    i.interfacesRtcTick  interfaces.o
    0x0800d288   0x0800d288   0x000000a0   Code   RO         5195    i.interfacesSolicitar  interfaces.o
    0x0800d328   0x0800d328   0x00000014   Code   RO         5196    i.interfacesStore   interfaces.o
    0x0800d33c   0x0800d33c   0x00000002   Code   RO         5197    i.interfacesSysTick  interfaces.o
    0x0800d33e   0x0800d33e   0x00000002   PAD
    0x0800d340   0x0800d340   0x00000034   Code   RO         7584    i.listen            socket.o
    0x0800d374   0x0800d374   0x00000040   Code   RO         5289    i.m25pReadBytes     m25p.o
    0x0800d3b4   0x0800d3b4   0x0000002a   Code   RO         5290    i.m25pSectorErase   m25p.o
    0x0800d3de   0x0800d3de   0x0000001a   Code   RO         5291    i.m25pStatusRead    m25p.o
    0x0800d3f8   0x0800d3f8   0x00000040   Code   RO         5292    i.m25pWriteBytes    m25p.o
    0x0800d438   0x0800d438   0x00000012   Code   RO         5294    i.m25pWriteEnable   m25p.o
    0x0800d44a   0x0800d44a   0x00000002   PAD
    0x0800d44c   0x0800d44c   0x00000014   Code   RO         3121    i.macInit           ethtransceiver.o
    0x0800d460   0x0800d460   0x00000090   Code   RO           13    i.main              main.o
    0x0800d4f0   0x0800d4f0   0x00000430   Code   RO         5450    i.normaLink62386209T4  normalink62386p209.o
    0x0800d920   0x0800d920   0x00000848   Code   RO         5407    i.normaLink62386P102T1  normalink62386p102.o
    0x0800e168   0x0800e168   0x0000011c   Code   RO         5408    i.normaLink62386P102T3  normalink62386p102.o
    0x0800e284   0x0800e284   0x0000016c   Code   RO         5431    i.normaLink62386P202T1  normalink62386p202.o
    0x0800e3f0   0x0800e3f0   0x00000520   Code   RO         5513    i.normaLinkCfgInfoPasarelaT0  normalinkcfginfopasarela.o
    0x0800e910   0x0800e910   0x000002cc   Code   RO         5514    i.normaLinkCfgInfoPasarelaT4  normalinkcfginfopasarela.o
    0x0800ebdc   0x0800ebdc   0x00000088   Code   RO         5538    i.normaLinkCmdPasarelaT0  normalinkcmdpasarela.o
    0x0800ec64   0x0800ec64   0x00000108   Code   RO         5539    i.normaLinkCmdPasarelaT5  normalinkcmdpasarela.o
    0x0800ed6c   0x0800ed6c   0x00000014   Code   RO         5336    i.normaLinkDaliAccesoExclusivoABusDisable  normalink.o
    0x0800ed80   0x0800ed80   0x0000003c   Code   RO         5337    i.normaLinkDaliAccesoExclusivoABusEnable  normalink.o
    0x0800edbc   0x0800edbc   0x000000e8   Code   RO         5557    i.normaLinkDaliUtilsT1  normalinkdaliutils.o
    0x0800eea4   0x0800eea4   0x00000074   Code   RO         5558    i.normaLinkDaliUtilsT3  normalinkdaliutils.o
    0x0800ef18   0x0800ef18   0x000000e0   Code   RO         5559    i.normaLinkDaliUtilsT4  normalinkdaliutils.o
    0x0800eff8   0x0800eff8   0x0000001c   Code   RO         5340    i.normaLinkDestCorrecto  normalink.o
    0x0800f014   0x0800f014   0x00000020   Code   RO         5341    i.normaLinkMasterPing  normalink.o
    0x0800f034   0x0800f034   0x000004d0   Code   RO         5582    i.normaLinkSensores  normalinksensores.o
    0x0800f504   0x0800f504   0x00000038   Code   RO         5583    i.normaLinkSensoresBuscarInterfacesSend  normalinksensores.o
    0x0800f53c   0x0800f53c   0x0000000c   Code   RO         5585    i.normaLinkSensoresDebugTransceptorLiberado  normalinksensores.o
    0x0800f548   0x0800f548   0x000002a4   Code   RO         5586    i.normaLinkSensoresDoTask  normalinksensores.o
    0x0800f7ec   0x0800f7ec   0x0000002c   Code   RO         5587    i.normaLinkSensoresEnviar  normalinksensores.o
    0x0800f818   0x0800f818   0x00000030   Code   RO         5589    i.normaLinkSensoresSysTick  normalinksensores.o
    0x0800f848   0x0800f848   0x00000534   Code   RO         5649    i.normaLinkSingleLoopT0  normalinksingleloop.o
    0x0800fd7c   0x0800fd7c   0x00000344   Code   RO         5650    i.normaLinkSingleLoopT4  normalinksingleloop.o
    0x080100c0   0x080100c0   0x00000054   Code   RO         5342    i.normaLinkTick     normalink.o
    0x08010114   0x08010114   0x000000a4   Code   RO         5343    i.normalinkBufferDaliSend  normalink.o
    0x080101b8   0x080101b8   0x00000064   Code   RO         5344    i.normalinkDaliNotifyCb  normalink.o
    0x0801021c   0x0801021c   0x000000ac   Code   RO         5345    i.normalinkDaliSend  normalink.o
    0x080102c8   0x080102c8   0x00000054   Code   RO         5887    i.numeroSerieIdCoincideGet  sensores.o
    0x0801031c   0x0801031c   0x00000014   Code   RO         5668    i.polling_BusyClear  polling.o
    0x08010330   0x08010330   0x0000004c   Code   RO         5669    i.polling_CntInc    polling.o
    0x0801037c   0x0801037c   0x00000128   Code   RO         5670    i.polling_DaliNotifyCb  polling.o
    0x080104a4   0x080104a4   0x00000174   Code   RO         5671    i.polling_DoTask    polling.o
    0x08010618   0x08010618   0x00000010   Code   RO         5672    i.polling_EndTmpDisable  polling.o
    0x08010628   0x08010628   0x00000030   Code   RO         5673    i.polling_IncompleteCheck  polling.o
    0x08010658   0x08010658   0x00000038   Code   RO         5674    i.polling_IncompleteSet  polling.o
    0x08010690   0x08010690   0x00000020   Code   RO         5675    i.polling_PollActualLevel  polling.o
    0x080106b0   0x080106b0   0x0000001c   Code   RO         5676    i.polling_PollEmergencyMode  polling.o
    0x080106cc   0x080106cc   0x0000002c   Code   RO         5677    i.polling_PollEmergencyStatus  polling.o
    0x080106f8   0x080106f8   0x0000003c   Code   RO         5679    i.polling_Tick      polling.o
    0x08010734   0x08010734   0x00000014   Code   RO         5680    i.polling_TmpDisable  polling.o
    0x08010748   0x08010748   0x00000010   Code   RO         5681    i.polling_TmpGroupDisable  polling.o
    0x08010758   0x08010758   0x00000040   Code   RO         6783    i.printHexStringFromDec  webserver.o
    0x08010798   0x08010798   0x00000018   Code   RO         5759    i.qSNDTR1Cb         qsn.o
    0x080107b0   0x080107b0   0x00000018   Code   RO         5760    i.qSNDTRCb          qsn.o
    0x080107c8   0x080107c8   0x000001d4   Code   RO         5761    i.qSNDoTask         qsn.o
    0x0801099c   0x0801099c   0x00000044   Code   RO         5762    i.qSNRead           qsn.o
    0x080109e0   0x080109e0   0x0000002c   Code   RO         5763    i.qSNReadMemoryLocationCb  qsn.o
    0x08010a0c   0x08010a0c   0x00000038   Code   RO         5764    i.qSNReadMemoryLocationSend  qsn.o
    0x08010a44   0x08010a44   0x00000050   Code   RO         7683    i.read_data         w5100.o
    0x08010a94   0x08010a94   0x00000034   Code   RO         7585    i.recv              socket.o
    0x08010ac8   0x08010ac8   0x0000004c   Code   RO         7684    i.recv_data_processing  w5100.o
    0x08010b14   0x08010b14   0x00000040   Code   RO         5805    i.rtccDateGet       rtcc.o
    0x08010b54   0x08010b54   0x00000040   Code   RO         5806    i.rtccDateSet       rtcc.o
    0x08010b94   0x08010b94   0x00000002   Code   RO         5807    i.rtccInit          rtcc.o
    0x08010b96   0x08010b96   0x00000014   Code   RO         5808    i.rtccMinutesTick   rtcc.o
    0x08010baa   0x08010baa   0x00000018   Code   RO         5809    i.rtccSecondsTick   rtcc.o
    0x08010bc2   0x08010bc2   0x00000002   PAD
    0x08010bc4   0x08010bc4   0x00000030   Code   RO         5810    i.rtccTick          rtcc.o
    0x08010bf4   0x08010bf4   0x00000038   Code   RO         5811    i.rtccTimeGet       rtcc.o
    0x08010c2c   0x08010c2c   0x00000038   Code   RO         5812    i.rtccTimeSet       rtcc.o
    0x08010c64   0x08010c64   0x00000094   Code   RO         7587    i.send              socket.o
    0x08010cf8   0x08010cf8   0x0000000c   Code   RO         3126    i.sendKeepAlive     ethtransceiver.o
    0x08010d04   0x08010d04   0x0000003c   Code   RO         6294    i.send_cmd_DTR      sensorstoring.o
    0x08010d40   0x08010d40   0x00000044   Code   RO         6295    i.send_cmd_ENABLE_DISABLE  sensorstoring.o
    0x08010d84   0x08010d84   0x0000003c   Code   RO         6296    i.send_cmd_FINISH_CONFIG  sensorstoring.o
    0x08010dc0   0x08010dc0   0x0000003c   Code   RO         6297    i.send_cmd_QUERY_ENABLE_DISABLE  sensorstoring.o
    0x08010dfc   0x08010dfc   0x0000003c   Code   RO         6298    i.send_cmd_QUERY_MODE  sensorstoring.o
    0x08010e38   0x08010e38   0x0000003c   Code   RO         6299    i.send_cmd_QUERY_SETPOINT  sensorstoring.o
    0x08010e74   0x08010e74   0x00000044   Code   RO         6300    i.send_cmd_SET_MODE  sensorstoring.o
    0x08010eb8   0x08010eb8   0x0000003c   Code   RO         6301    i.send_cmd_SET_SETPOINT  sensorstoring.o
    0x08010ef4   0x08010ef4   0x0000003c   Code   RO         6302    i.send_cmd_START_CONFIG  sensorstoring.o
    0x08010f30   0x08010f30   0x0000004c   Code   RO         7685    i.send_data_processing  w5100.o
    0x08010f7c   0x08010f7c   0x000000ec   Code   RO         7588    i.sendto            socket.o
    0x08011068   0x08011068   0x000001b0   Code   RO         6182    i.sensorScanningDoTask  sensorscanning.o
    0x08011218   0x08011218   0x00000024   Code   RO         6183    i.sensorScanningGotoStage  sensorscanning.o
    0x0801123c   0x0801123c   0x00000044   Code   RO         6184    i.sensorScanningNotify  sensorscanning.o
    0x08011280   0x08011280   0x0000005c   Code   RO         6185    i.sensorScanningStart  sensorscanning.o
    0x080112dc   0x080112dc   0x00000178   Code   RO         6303    i.sensorStoringDoTask  sensorstoring.o
    0x08011454   0x08011454   0x00000028   Code   RO         6304    i.sensorStoringQuerySetpoint  sensorstoring.o
    0x0801147c   0x0801147c   0x00000024   Code   RO         6305    i.sensorStoringSetSetpoint  sensorstoring.o
    0x080114a0   0x080114a0   0x00000078   Code   RO         6306    i.sensorStoringStart  sensorstoring.o
    0x08011518   0x08011518   0x00000010   Code   RO         5888    i.sensoresCambioActualLevelNotificar  sensores.o
    0x08011528   0x08011528   0x000000d4   Code   RO         5889    i.sensoresConfiguracionGet  sensores.o
    0x080115fc   0x080115fc   0x00000008   Code   RO         5890    i.sensoresConfiguracionSet  sensores.o
    0x08011604   0x08011604   0x00000010   Code   RO         5891    i.sensoresDoTask    sensores.o
    0x08011614   0x08011614   0x00000018   Code   RO         5892    i.sensoresFinalizarConfiguracion  sensores.o
    0x0801162c   0x0801162c   0x000000a8   Code   RO         6871    i.sensoresGruposConfiguracionGet  sensoresgrupos.o
    0x080116d4   0x080116d4   0x00000008   Code   RO         6872    i.sensoresGruposConfiguracionSet  sensoresgrupos.o
    0x080116dc   0x080116dc   0x000000ac   Code   RO         7059    i.sensoresGruposDetectoresPreseciaModoNivelEstadoActualizar  sensoresgruposdetectorespresencia.o
    0x08011788   0x08011788   0x00000064   Code   RO         7060    i.sensoresGruposDetectoresPresenciaAccionSolicitar  sensoresgruposdetectorespresencia.o
    0x080117ec   0x080117ec   0x000000f0   Code   RO         7061    i.sensoresGruposDetectoresPresenciaDoTask  sensoresgruposdetectorespresencia.o
    0x080118dc   0x080118dc   0x00000014   Code   RO         7062    i.sensoresGruposDetectoresPresenciaEstadoGet  sensoresgruposdetectorespresencia.o
    0x080118f0   0x080118f0   0x000000ec   Code   RO         7064    i.sensoresGruposDetectoresPresenciaInit  sensoresgruposdetectorespresencia.o
    0x080119dc   0x080119dc   0x000000b8   Code   RO         7065    i.sensoresGruposDetectoresPresenciaModoFlancoEstadoActualizar  sensoresgruposdetectorespresencia.o
    0x08011a94   0x08011a94   0x000000a0   Code   RO         7066    i.sensoresGruposDetectoresPresenciaNotificar  sensoresgruposdetectorespresencia.o
    0x08011b34   0x08011b34   0x0000000c   Code   RO         7070    i.sensoresGruposDetectoresPresenciaReiteracionPeriodoCntReinicializar  sensoresgruposdetectorespresencia.o
    0x08011b40   0x08011b40   0x0000000c   Code   RO         7072    i.sensoresGruposDetectoresPresenciaRtcTick  sensoresgruposdetectorespresencia.o
    0x08011b4c   0x08011b4c   0x00000002   Code   RO         7073    i.sensoresGruposDetectoresPresenciaSysTick  sensoresgruposdetectorespresencia.o
    0x08011b4e   0x08011b4e   0x00000002   PAD
    0x08011b50   0x08011b50   0x000001b8   Code   RO         6873    i.sensoresGruposDoTask  sensoresgrupos.o
    0x08011d08   0x08011d08   0x00000020   Code   RO         6874    i.sensoresGruposInit  sensoresgrupos.o
    0x08011d28   0x08011d28   0x000000f4   Code   RO         6875    i.sensoresGruposNotificar  sensoresgrupos.o
    0x08011e1c   0x08011e1c   0x00000102   Code   RO         7178    i.sensoresGruposPulsadoresAccionBasculanteAccionSolicitar  sensoresgrupospulsadoresaccionbasculante.o
    0x08011f1e   0x08011f1e   0x00000002   Code   RO         7179    i.sensoresGruposPulsadoresAccionBasculanteDoTask  sensoresgrupospulsadoresaccionbasculante.o
    0x08011f20   0x08011f20   0x00000002   Code   RO         7180    i.sensoresGruposPulsadoresAccionBasculanteInit  sensoresgrupospulsadoresaccionbasculante.o
    0x08011f22   0x08011f22   0x0000006c   Code   RO         7181    i.sensoresGruposPulsadoresAccionBasculanteNotificar  sensoresgrupospulsadoresaccionbasculante.o
    0x08011f8e   0x08011f8e   0x00000002   Code   RO         7182    i.sensoresGruposPulsadoresAccionBasculanteRtcTick  sensoresgrupospulsadoresaccionbasculante.o
    0x08011f90   0x08011f90   0x00000002   Code   RO         7183    i.sensoresGruposPulsadoresAccionBasculanteSysTick  sensoresgrupospulsadoresaccionbasculante.o
    0x08011f92   0x08011f92   0x00000160   Code   RO         7229    i.sensoresGruposPulsadoresAccionFijaAccionSolicitar  sensoresgrupospulsadoresaccionfija.o
    0x080120f2   0x080120f2   0x00000002   Code   RO         7230    i.sensoresGruposPulsadoresAccionFijaDoTask  sensoresgrupospulsadoresaccionfija.o
    0x080120f4   0x080120f4   0x00000002   Code   RO         7231    i.sensoresGruposPulsadoresAccionFijaInit  sensoresgrupospulsadoresaccionfija.o
    0x080120f6   0x080120f6   0x0000005c   Code   RO         7232    i.sensoresGruposPulsadoresAccionFijaNotificar  sensoresgrupospulsadoresaccionfija.o
    0x08012152   0x08012152   0x00000002   Code   RO         7233    i.sensoresGruposPulsadoresAccionFijaRtcTick  sensoresgrupospulsadoresaccionfija.o
    0x08012154   0x08012154   0x00000002   Code   RO         7234    i.sensoresGruposPulsadoresAccionFijaSysTick  sensoresgrupospulsadoresaccionfija.o
    0x08012156   0x08012156   0x000000f2   Code   RO         7280    i.sensoresGruposPulsadoresAccionRegulacionAccionSolicitar  sensoresgrupospulsadoresaccionregulacion.o
    0x08012248   0x08012248   0x00000054   Code   RO         7281    i.sensoresGruposPulsadoresAccionRegulacionActualizarNivel  sensoresgrupospulsadoresaccionregulacion.o
    0x0801229c   0x0801229c   0x0000007c   Code   RO         7282    i.sensoresGruposPulsadoresAccionRegulacionDoTask  sensoresgrupospulsadoresaccionregulacion.o
    0x08012318   0x08012318   0x0000000c   Code   RO         7283    i.sensoresGruposPulsadoresAccionRegulacionEstadoGet  sensoresgrupospulsadoresaccionregulacion.o
    0x08012324   0x08012324   0x0000003c   Code   RO         7284    i.sensoresGruposPulsadoresAccionRegulacionInit  sensoresgrupospulsadoresaccionregulacion.o
    0x08012360   0x08012360   0x0000009c   Code   RO         7285    i.sensoresGruposPulsadoresAccionRegulacionNotificar  sensoresgrupospulsadoresaccionregulacion.o
    0x080123fc   0x080123fc   0x00000002   Code   RO         7286    i.sensoresGruposPulsadoresAccionRegulacionRtcTick  sensoresgrupospulsadoresaccionregulacion.o
    0x080123fe   0x080123fe   0x00000002   PAD
    0x08012400   0x08012400   0x0000000c   Code   RO         7287    i.sensoresGruposPulsadoresAccionRegulacionSysTick  sensoresgrupospulsadoresaccionregulacion.o
    0x0801240c   0x0801240c   0x00000078   Code   RO         7346    i.sensoresGruposPulsadoresAccionTemporizadaAccionSolicitar  sensoresgrupospulsadoresacciontemporizada.o
    0x08012484   0x08012484   0x00000094   Code   RO         7347    i.sensoresGruposPulsadoresAccionTemporizadaDoTask  sensoresgrupospulsadoresacciontemporizada.o
    0x08012518   0x08012518   0x0000000c   Code   RO         7348    i.sensoresGruposPulsadoresAccionTemporizadaEstadoGet  sensoresgrupospulsadoresacciontemporizada.o
    0x08012524   0x08012524   0x00000054   Code   RO         7351    i.sensoresGruposPulsadoresAccionTemporizadaInit  sensoresgrupospulsadoresacciontemporizada.o
    0x08012578   0x08012578   0x0000006c   Code   RO         7352    i.sensoresGruposPulsadoresAccionTemporizadaNotificar  sensoresgrupospulsadoresacciontemporizada.o
    0x080125e4   0x080125e4   0x0000000c   Code   RO         7356    i.sensoresGruposPulsadoresAccionTemporizadaRtcTick  sensoresgrupospulsadoresacciontemporizada.o
    0x080125f0   0x080125f0   0x00000002   Code   RO         7357    i.sensoresGruposPulsadoresAccionTemporizadaSysTick  sensoresgrupospulsadoresacciontemporizada.o
    0x080125f2   0x080125f2   0x0000001e   Code   RO         7431    i.sensoresGruposPulsadoresTWAccionSolicitar  sensoresgrupospulsadorestw.o
    0x08012610   0x08012610   0x00000054   Code   RO         7432    i.sensoresGruposPulsadoresTWActualizarNivel  sensoresgrupospulsadorestw.o
    0x08012664   0x08012664   0x0000007c   Code   RO         7433    i.sensoresGruposPulsadoresTWDoTask  sensoresgrupospulsadorestw.o
    0x080126e0   0x080126e0   0x00000024   Code   RO         7435    i.sensoresGruposPulsadoresTWInit  sensoresgrupospulsadorestw.o
    0x08012704   0x08012704   0x0000008c   Code   RO         7436    i.sensoresGruposPulsadoresTWNotificar  sensoresgrupospulsadorestw.o
    0x08012790   0x08012790   0x00000002   Code   RO         7437    i.sensoresGruposPulsadoresTWRtcTick  sensoresgrupospulsadorestw.o
    0x08012792   0x08012792   0x00000002   PAD
    0x08012794   0x08012794   0x0000000c   Code   RO         7438    i.sensoresGruposPulsadoresTWSysTick  sensoresgrupospulsadorestw.o
    0x080127a0   0x080127a0   0x000000c4   Code   RO         7491    i.sensoresGruposReguladoresLuzAccionSolicitar  sensoresgruposreguladoresluz.o
    0x08012864   0x08012864   0x00000068   Code   RO         7492    i.sensoresGruposReguladoresLuzDoTask  sensoresgruposreguladoresluz.o
    0x080128cc   0x080128cc   0x00000148   Code   RO         7493    i.sensoresGruposReguladoresLuzEstadoActualizar  sensoresgruposreguladoresluz.o
    0x08012a14   0x08012a14   0x0000000c   Code   RO         7494    i.sensoresGruposReguladoresLuzEstadoGet  sensoresgruposreguladoresluz.o
    0x08012a20   0x08012a20   0x0000000c   Code   RO         7496    i.sensoresGruposReguladoresLuzInhibir  sensoresgruposreguladoresluz.o
    0x08012a2c   0x08012a2c   0x00000058   Code   RO         7497    i.sensoresGruposReguladoresLuzInit  sensoresgruposreguladoresluz.o
    0x08012a84   0x08012a84   0x00000078   Code   RO         7500    i.sensoresGruposReguladoresLuzNotificar  sensoresgruposreguladoresluz.o
    0x08012afc   0x08012afc   0x0000000c   Code   RO         7501    i.sensoresGruposReguladoresLuzRtcTick  sensoresgruposreguladoresluz.o
    0x08012b08   0x08012b08   0x00000002   Code   RO         7502    i.sensoresGruposReguladoresLuzSysTick  sensoresgruposreguladoresluz.o
    0x08012b0a   0x08012b0a   0x00000020   Code   RO         6876    i.sensoresGruposRtcTick  sensoresgrupos.o
    0x08012b2a   0x08012b2a   0x00000020   Code   RO         6877    i.sensoresGruposSysTick  sensoresgrupos.o
    0x08012b4a   0x08012b4a   0x00000094   Code   RO         5893    i.sensoresGruposToMatrizGruposGet  sensores.o
    0x08012bde   0x08012bde   0x0000000c   Code   RO         5894    i.sensoresIniciarConfiguracion  sensores.o
    0x08012bea   0x08012bea   0x00000002   PAD
    0x08012bec   0x08012bec   0x00000084   Code   RO         5895    i.sensoresInit      sensores.o
    0x08012c70   0x08012c70   0x0000009a   Code   RO         5896    i.sensoresMatrizGruposToGrupoGet  sensores.o
    0x08012d0a   0x08012d0a   0x00000002   PAD
    0x08012d0c   0x08012d0c   0x00000120   Code   RO         5897    i.sensoresNotificar  sensores.o
    0x08012e2c   0x08012e2c   0x0000000c   Code   RO         5899    i.sensoresRtcTick   sensores.o
    0x08012e38   0x08012e38   0x00000014   Code   RO         5900    i.sensoresSysTick   sensores.o
    0x08012e4c   0x08012e4c   0x00000026   Code   RO         7686    i.setGAR            w5100.o
    0x08012e72   0x08012e72   0x0000000e   Code   RO         7688    i.setMR             w5100.o
    0x08012e80   0x08012e80   0x00000036   Code   RO         7691    i.setSHAR           w5100.o
    0x08012eb6   0x08012eb6   0x00000026   Code   RO         7692    i.setSIPR           w5100.o
    0x08012edc   0x08012edc   0x00000018   Code   RO         7693    i.setSUBR           w5100.o
    0x08012ef4   0x08012ef4   0x00000014   Code   RO         7699    i.setSn_PROTO       w5100.o
    0x08012f08   0x08012f08   0x0000008c   Code   RO         7589    i.socket            socket.o
    0x08012f94   0x08012f94   0x00000034   Code   RO         6427    i.spi1Read          spi1.o
    0x08012fc8   0x08012fc8   0x00000022   Code   RO         6428    i.spi1Write         spi1.o
    0x08012fea   0x08012fea   0x00000008   Code   RO         6445    i.spiIINCHIP_CSoff_m25p  spi2.o
    0x08012ff2   0x08012ff2   0x00000008   Code   RO         6446    i.spiIINCHIP_CSoff_w5100  spi2.o
    0x08012ffa   0x08012ffa   0x00000008   Code   RO         6447    i.spiIINCHIP_CSon_m25p  spi2.o
    0x08013002   0x08013002   0x00000008   Code   RO         6448    i.spiIINCHIP_CSon_w5100  spi2.o
    0x0801300a   0x0801300a   0x0000000a   Code   RO         6449    i.spiIINCHIP_SpiRecvData  spi2.o
    0x08013014   0x08013014   0x00000008   Code   RO         6450    i.spiIINCHIP_SpiSendData  spi2.o
    0x0801301c   0x0801301c   0x0000001c   Code   RO         6486    i.storageDoTask     storage.o
    0x08013038   0x08013038   0x00000020   Code   RO         6487    i.storageIdGet      storage.o
    0x08013058   0x08013058   0x00000038   Code   RO         6488    i.storageRead       storage.o
    0x08013090   0x08013090   0x00000020   Code   RO         6489    i.storageReadStart  storage.o
    0x080130b0   0x080130b0   0x0000004c   Code   RO         6490    i.storageReadWriteFinish  storage.o
    0x080130fc   0x080130fc   0x0000008c   Code   RO         6491    i.storageWrite      storage.o
    0x08013188   0x08013188   0x00000038   Code   RO         6492    i.storageWriteStart  storage.o
    0x080131c0   0x080131c0   0x00000032   Code   RO         6784    i.strindex          webserver.o
    0x080131f2   0x080131f2   0x00000002   PAD
    0x080131f4   0x080131f4   0x0000001c   Code   RO         6537    i.sysTickDelay      systick.o
    0x08013210   0x08013210   0x00000044   Code   RO         6538    i.sysTickTick       systick.o
    0x08013254   0x08013254   0x0000011c   Code   RO         7701    i.sysinit           w5100.o
    0x08013370   0x08013370   0x0000005c   Code   RO         6558    i.tempCheck         temp.o
    0x080133cc   0x080133cc   0x0000002c   Code   RO         6559    i.tempDaliNotifyCb  temp.o
    0x080133f8   0x080133f8   0x00000098   Code   RO         6560    i.tempDoTask        temp.o
    0x08013490   0x08013490   0x0000005a   Code   RO         6561    i.tempGet           temp.o
    0x080134ea   0x080134ea   0x00000002   Code   RO         6562    i.tempInit          temp.o
    0x080134ec   0x080134ec   0x00000010   Code   RO         6563    i.tempPacketIdGet   temp.o
    0x080134fc   0x080134fc   0x00000044   Code   RO         6564    i.tempSet           temp.o
    0x08013540   0x08013540   0x0000000c   Code   RO         6565    i.tempTick          temp.o
    0x0801354c   0x0801354c   0x00000068   Code   RO         6621    i.testDaliNotifyCb  test.o
    0x080135b4   0x080135b4   0x000000a8   Code   RO         6622    i.testDoTask        test.o
    0x0801365c   0x0801365c   0x00000044   Code   RO         6623    i.testGet           test.o
    0x080136a0   0x080136a0   0x00000050   Code   RO         6624    i.testInit          test.o
    0x080136f0   0x080136f0   0x000000a8   Code   RO         6625    i.testRTCC_Tick     test.o
    0x08013798   0x08013798   0x00000030   Code   RO         6626    i.testSet           test.o
    0x080137c8   0x080137c8   0x00000012   Code   RO         6671    i.uint16Pop         utils.o
    0x080137da   0x080137da   0x0000000e   Code   RO         6672    i.uint16Push        utils.o
    0x080137e8   0x080137e8   0x00000014   Code   RO         6674    i.utils_BitFromByteArrayClear  utils.o
    0x080137fc   0x080137fc   0x00000010   Code   RO         6675    i.utils_BitFromByteArrayGet  utils.o
    0x0801380c   0x0801380c   0x00000014   Code   RO         6676    i.utils_BitFromByteArraySet  utils.o
    0x08013820   0x08013820   0x00000014   Code   RO         6733    i.wdtDoTask         wdt.o
    0x08013834   0x08013834   0x00000018   Code   RO         6735    i.wdtReboot         wdt.o
    0x0801384c   0x0801384c   0x00000014   Code   RO         6736    i.wdtReload         wdt.o
    0x08013860   0x08013860   0x0000000c   Code   RO         6737    i.wdtReloadEnable   wdt.o
    0x0801386c   0x0801386c   0x00000014   Code   RO         6738    i.wdtTick           wdt.o
    0x08013880   0x08013880   0x00000a00   Code   RO         6785    i.webServerDoTask   webserver.o
    0x08014280   0x08014280   0x00000068   Code   RO         6786    i.webserverPrintMac  webserver.o
    0x080142e8   0x080142e8   0x0000003a   Code   RO         7702    i.wiz_read_buf      w5100.o
    0x08014322   0x08014322   0x0000003a   Code   RO         7703    i.wiz_write_buf     w5100.o
    0x0801435c   0x0801435c   0x0000004e   Code   RO         7704    i.write_data        w5100.o
    0x080143aa   0x080143aa   0x00000002   PAD
    0x080143ac   0x080143ac   0x00000040   Data   RO         2719    .constdata          system_stm32g0xx.o
    0x080143ec   0x080143ec   0x0000008c   Data   RO         3475    .constdata          config.o
    0x08014478   0x08014478   0x00000014   Data   RO         6571    .constdata          temp.o
    0x0801448c   0x0801448c   0x00000100   Data   RO         7504    .constdata          sensoresgruposreguladoresluz.o
    0x0801458c   0x0801458c   0x00000081   Data   RO         8014    .constdata          mc_p.l(ctype_o.o)
    0x0801460d   0x0801460d   0x00000003   PAD
    0x08014610   0x08014610   0x00000004   Data   RO         8015    .constdata          mc_p.l(ctype_o.o)
    0x08014614   0x08014614   0x000000fb   Data   RO         6787    .conststring        webserver.o
    0x0801470f   0x0801470f   0x00000001   PAD
    0x08014710   0x08014710   0x00000020   Data   RO         8045    Region$$Table       anon$$obj.o


    Execution Region RW_IRAM1 (Exec base: 0x20000000, Load base: 0x08014730, Size: 0x000026e0, Max: 0x00009000, ABSOLUTE, COMPRESSED[0x00000020])

    Exec Addr    Load Addr    Size         Type   Attr      Idx    E Section Name        Object

    0x20000000   COMPRESSED   0x0000000c   Data   RW         1707    .data               stm32g0xx_hal.o
    0x2000000c   COMPRESSED   0x00000004   Data   RW         2721    .data               system_stm32g0xx.o
    0x20000010   COMPRESSED   0x00000004   Data   RW         3067    .data               ethframming.o
    0x20000014   COMPRESSED   0x00000014   Data   RW         3068    .data               ethframming.o
    0x20000028   COMPRESSED   0x0000001a   Data   RW         3127    .data               ethtransceiver.o
    0x20000042   COMPRESSED   0x00000002   PAD
    0x20000044   COMPRESSED   0x0000000c   Data   RW         3233    .data               ethping.o
    0x20000050   COMPRESSED   0x00000007   Data   RW         3362    .data               botonera.o
    0x20000057   COMPRESSED   0x00000001   Data   RW         3365    .data               botonera.o
    0x20000058   COMPRESSED   0x00000010   Data   RW         3476    .data               config.o
    0x20000068   COMPRESSED   0x00000001   Data   RW         3732    .data               dadsa.o
    0x20000069   COMPRESSED   0x00000001   PAD
    0x2000006a   COMPRESSED   0x00000064   Data   RW         3772    .data               dali.o
    0x200000ce   COMPRESSED   0x0000001c   Data   RW         3895    .data               daliaddressing.o
    0x200000ea   COMPRESSED   0x00000003   Data   RW         4163    .data               daliloop.o
    0x200000ed   COMPRESSED   0x00000002   Data   RW         4339    .data               dalisensores.o
    0x200000ef   COMPRESSED   0x00000001   PAD
    0x200000f0   COMPRESSED   0x00000014   Data   RW         4480    .data               dalitransceiver.o
    0x20000104   COMPRESSED   0x00000018   Data   RW         4550    .data               daliutils.o
    0x2000011c   COMPRESSED   0x0000000c   Data   RW         4650    .data               dals.o
    0x20000128   COMPRESSED   0x00000006   Data   RW         4690    .data               dani.o
    0x2000012e   COMPRESSED   0x00000008   Data   RW         4731    .data               dapsa.o
    0x20000136   COMPRESSED   0x00000005   Data   RW         4775    .data               daqcgl.o
    0x2000013b   COMPRESSED   0x00000002   Data   RW         4809    .data               daqdtl.o
    0x2000013d   COMPRESSED   0x00000001   PAD
    0x2000013e   COMPRESSED   0x00000006   Data   RW         4841    .data               dase.o
    0x20000144   COMPRESSED   0x00000018   Data   RW         4885    .data               dasra.o
    0x2000015c   COMPRESSED   0x00000014   Data   RW         4954    .data               embeddedbootloader.o
    0x20000170   COMPRESSED   0x00000001   Data   RW         5028    .data               fallos.o
    0x20000171   COMPRESSED   0x00000003   PAD
    0x20000174   COMPRESSED   0x0000000c   Data   RW         5070    .data               historico.o
    0x20000180   COMPRESSED   0x00000020   Data   RW         5132    .data               historicotest.o
    0x200001a0   COMPRESSED   0x0000000d   Data   RW         5202    .data               interfaces.o
    0x200001ad   COMPRESSED   0x00000003   PAD
    0x200001b0   COMPRESSED   0x00000018   Data   RW         5346    .data               normalink.o
    0x200001c8   COMPRESSED   0x00000008   Data   RW         5452    .data               normalink62386p209.o
    0x200001d0   COMPRESSED   0x00000010   Data   RW         5590    .data               normalinksensores.o
    0x200001e0   COMPRESSED   0x0000001a   Data   RW         5683    .data               polling.o
    0x200001fa   COMPRESSED   0x00000012   Data   RW         5765    .data               qsn.o
    0x2000020c   COMPRESSED   0x00000007   Data   RW         5813    .data               rtcc.o
    0x20000213   COMPRESSED   0x0000001a   Data   RW         6186    .data               sensorscanning.o
    0x2000022d   COMPRESSED   0x00000021   Data   RW         6308    .data               sensorstoring.o
    0x2000024e   COMPRESSED   0x00000002   PAD
    0x20000250   COMPRESSED   0x0000000c   Data   RW         6493    .data               storage.o
    0x2000025c   COMPRESSED   0x00000008   Data   RW         6539    .data               systick.o
    0x20000264   COMPRESSED   0x00000008   Data   RW         6572    .data               temp.o
    0x2000026c   COMPRESSED   0x00000001   Data   RW         6628    .data               test.o
    0x2000026d   COMPRESSED   0x00000002   Data   RW         6739    .data               wdt.o
    0x2000026f   COMPRESSED   0x00000001   Data   RW         6788    .data               webserver.o
    0x20000270   COMPRESSED   0x00000001   Data   RW         7077    .data               sensoresgruposdetectorespresencia.o
    0x20000271   COMPRESSED   0x00000001   Data   RW         7289    .data               sensoresgrupospulsadoresaccionregulacion.o
    0x20000272   COMPRESSED   0x00000001   Data   RW         7359    .data               sensoresgrupospulsadoresacciontemporizada.o
    0x20000273   COMPRESSED   0x00000001   Data   RW         7440    .data               sensoresgrupospulsadorestw.o
    0x20000274   COMPRESSED   0x00000001   Data   RW         7505    .data               sensoresgruposreguladoresluz.o
    0x20000275   COMPRESSED   0x00000003   PAD
    0x20000278   COMPRESSED   0x00000004   Data   RW         7590    .data               socket.o
    0x2000027c   COMPRESSED   0x0000000c   Data   RW         7706    .data               w5100.o
    0x20000288   COMPRESSED   0x00000004   Data   RW         8005    .data               mc_p.l(errno.o)
    0x2000028c        -       0x00000150   Zero   RW         2789    .bss                board.o
    0x200003dc        -       0x00000140   Zero   RW         3066    .bss                ethframming.o
    0x2000051c        -       0x00000028   Zero   RW         3231    .bss                ethping.o
    0x20000544        -       0x000002b0   Zero   RW         3474    .bss                config.o
    0x200007f4        -       0x00000140   Zero   RW         3771    .bss                dali.o
    0x20000934        -       0x00000300   Zero   RW         4162    .bss                daliloop.o
    0x20000c34        -       0x00000040   Zero   RW         4478    .bss                dalitransceiver.o
    0x20000c74        -       0x00000040   Zero   RW         4730    .bss                dapsa.o
    0x20000cb4        -       0x00000040   Zero   RW         4774    .bss                daqcgl.o
    0x20000cf4        -       0x00000040   Zero   RW         4808    .bss                daqdtl.o
    0x20000d34        -       0x00000100   Zero   RW         4884    .bss                dasra.o
    0x20000e34        -       0x00000180   Zero   RW         5027    .bss                fallos.o
    0x20000fb4        -       0x00000080   Zero   RW         5199    .bss                interfaces.o
    0x20001034        -       0x00000010   Zero   RW         5200    .bss                interfaces.o
    0x20001044        -       0x00000010   Zero   RW         5201    .bss                interfaces.o
    0x20001054        -       0x00000010   Zero   RW         5451    .bss                normalink62386p209.o
    0x20001064        -       0x0000000a   Zero   RW         5682    .bss                polling.o
    0x2000106e        -       0x00000180   Zero   RW         5901    .bss                sensores.o
    0x200011ee        -       0x00000040   Zero   RW         5902    .bss                sensores.o
    0x2000122e        -       0x0000000e   Zero   RW         6307    .bss                sensorstoring.o
    0x2000123c        -       0x00000050   Zero   RW         6568    .bss                temp.o
    0x2000128c        -       0x00000040   Zero   RW         6627    .bss                test.o
    0x200012cc        -       0x00000120   Zero   RW         6878    .bss                sensoresgrupos.o
    0x200013ec        -       0x00000150   Zero   RW         7076    .bss                sensoresgruposdetectorespresencia.o
    0x2000153c        -       0x00000050   Zero   RW         7288    .bss                sensoresgrupospulsadoresaccionregulacion.o
    0x2000158c        -       0x00000050   Zero   RW         7358    .bss                sensoresgrupospulsadoresacciontemporizada.o
    0x200015dc        -       0x00000050   Zero   RW         7439    .bss                sensoresgrupospulsadorestw.o
    0x2000162c        -       0x00000050   Zero   RW         7503    .bss                sensoresgruposreguladoresluz.o
    0x2000167c        -       0x00000060   Zero   RW         7705    .bss                w5100.o
    0x200016dc   COMPRESSED   0x00000004   PAD
    0x200016e0        -       0x00001000   Zero   RW            1    STACK               startup_stm32g070xx.o


==============================================================================

Image component sizes


      Code (inc. data)   RO Data    RW Data    ZI Data      Debug   Object Name

       630         20          0          0          0       7530   actuallevel.o
      1640        182          0          0        336      17375   board.o
       320         40          0          8          0       5619   botonera.o
      2532        224        140         16        688      29844   config.o
       136         28          0          1          0       1817   dadsa.o
      1252         70          0        100        320       9421   dali.o
      2518        312          0         28          0      29185   daliaddressing.o
      1944        126          0          3        768      17370   daliloop.o
      1926        212          0          2          0      24057   dalisensores.o
      1044         46          0         20         64       8906   dalitransceiver.o
      1316         52          0         24          0      12918   daliutils.o
       408         46          0         12          0       2801   dals.o
       396         50          0          6          0       3465   dani.o
       664         92          0          8         64       4742   dapsa.o
       156         24          0          5         64       2736   daqcgl.o
       180         26          0          2         64       2782   daqdtl.o
       300         36          0          6          0       3306   dase.o
      1604        138          0         24        256       8232   dasra.o
       388         24          0         20          0       5307   embeddedbootloader.o
       748         50          0         24        320       5172   ethframming.o
       350         40          0         12         40       5857   ethping.o
       624         66          0         26          0       7810   ethtransceiver.o
       896         32          0          1        384       3885   fallos.o
       970         66          0         12          0       8272   historico.o
       616         18          0         32          0       3564   historicotest.o
         2          0          0          0          0        400   ied.o
      1318         28          0         13        160      18057   interfaces.o
       214          0          0          0          0       3198   m25p.o
       148          0          0          0          0     382823   main.o
       660         48          0         24          0       7502   normalink.o
      2604         30          0          0          0       5122   normalink62386p102.o
       364         10          0          0          0       1095   normalink62386p202.o
      1336         48          0          8         16       7392   normalink62386p209.o
      2028         40          0          0          0       4490   normalinkcfginfopasarela.o
       400         28          0          0          0       1710   normalinkcmdpasarela.o
       572         46          0          0          0       2841   normalinkdaliutils.o
      2068         94          0         16          0      13792   normalinksensores.o
      2168         34          0          0          0       3504   normalinksingleloop.o
      1084         96          0         26         10      10811   polling.o
       684         48          0         18          0       4901   qsn.o
       374         28          0          7          0       5424   rtcc.o
      1244         28          0          0        448      24768   sensores.o
      1606        104          0          0        288      28383   sensoresgrupos.o
      1138         50          0          1        336      20629   sensoresgruposdetectorespresencia.o
       374          0          0          0          0      11512   sensoresgrupospulsadoresaccionbasculante.o
       452          0          0          0          0      11454   sensoresgrupospulsadoresaccionfija.o
       692         32          0          1         80      16768   sensoresgrupospulsadoresaccionregulacion.o
       486         30          0          1         80       8423   sensoresgrupospulsadoresacciontemporizada.o
       428         26          0          1         80       7814   sensoresgrupospulsadorestw.o
       874         46        256          1         80       9599   sensoresgruposreguladoresluz.o
      1344        108          0         26          0      13654   sensorscanning.o
      1452        152          0         33         14      17583   sensorstoring.o
       704         38          0          4          0       6934   socket.o
        86          0          0          0          0       1175   spi1.o
        50          0          0          0          0       3098   spi2.o
        28          8        184          0       4096        648   startup_stm32g070xx.o
       160         26          0         12          0      16440   stm32g0xx_hal.o
       148         24          0          0          0      12193   stm32g0xx_hal_cortex.o
        26          0          0          0          0         72   stm32g0xx_hal_dma.o
       370         18          0          0          0       2967   stm32g0xx_hal_gpio.o
      1464         36          0          0          0      11570   stm32g0xx_hal_i2c.o
       146          0          0          0          0       1955   stm32g0xx_hal_i2c_ex.o
       116         20          0          0          0       1799   stm32g0xx_hal_iwdg.o
       388         46          0          0          0       3004   stm32g0xx_hal_msp.o
        16          4          0          0          0        527   stm32g0xx_hal_pwr.o
        76         14          0          0          0        762   stm32g0xx_hal_pwr_ex.o
      1476         74          0          0          0       4474   stm32g0xx_hal_rcc.o
       352         14          0          0          0       1676   stm32g0xx_hal_rcc_ex.o
      1362         30          0          0          0      10533   stm32g0xx_hal_rtc.o
         2          0          0          0          0        984   stm32g0xx_hal_rtc_ex.o
      1544          8          0          0          0       7956   stm32g0xx_hal_spi.o
       110          4          0          0          0       3845   stm32g0xx_it.o
       420         46          0         12          0       4635   storage.o
        16          8         64          4          0       1203   system_stm32g0xx.o
        96         12          0          8          0       1353   systick.o
       476         34         20          8         80       6248   temp.o
       636         36          0          1         64       5286   test.o
       162          0          0          0          0       5471   utils.o
      1366         72          0         12         96      18410   w5100.o
        96         22          0          2          0       2765   wdt.o
      3938       1400        251          1          0      17400   webserver.o

    ----------------------------------------------------------------------
     65566       5168        948        648       9300    1031005   Object Totals
         0          0         32          0          0          0   (incl. Generated)
        64          0          1         16          4          0   (incl. Padding)

    ----------------------------------------------------------------------

      Code (inc. data)   RO Data    RW Data    ZI Data      Debug   Library Member Name

        58          0          0          0          0          0   __dczerorl.o
        30          0          0          0          0         60   _chval.o
       166          0          0          0          0         84   _strtoul.o
        26          0          0          0          0         72   atoi.o
         8          4        133          0          0         60   ctype_o.o
         0          0          0          0          0          0   entry.o
         0          0          0          0          0          0   entry10a.o
         0          0          0          0          0          0   entry11a.o
         8          4          0          0          0          0   entry2.o
         4          0          0          0          0          0   entry5.o
         0          0          0          0          0          0   entry7b.o
         0          0          0          0          0          0   entry8b.o
         8          4          0          0          0          0   entry9a.o
         8          4          0          4          0         60   errno.o
        30          0          0          0          0          0   handlers.o
        36          8          0          0          0         68   init.o
        36          0          0          0          0         60   memcpya.o
        36          0          0          0          0        100   memseta.o
        24          0          0          0          0         60   strcat.o
        28          0          0          0          0         68   strcmp.o
        18          0          0          0          0         60   strcpy.o
        14          0          0          0          0         60   strlen.o
        30          0          0          0          0         72   strncmp.o
       112          4          0          0          0         76   strtol.o
        44          0          0          0          0         72   uidiv.o

    ----------------------------------------------------------------------
       726         28        136          4          0       1032   Library Totals
         2          0          3          0          0          0   (incl. Padding)

    ----------------------------------------------------------------------

      Code (inc. data)   RO Data    RW Data    ZI Data      Debug   Library Name

       724         28        133          4          0       1032   mc_p.l

    ----------------------------------------------------------------------
       726         28        136          4          0       1032   Library Totals

    ----------------------------------------------------------------------

==============================================================================


      Code (inc. data)   RO Data    RW Data    ZI Data      Debug   

     66292       5196       1084        652       9300    1002649   Grand Totals
     66292       5196       1084         32       9300    1002649   ELF Image Totals (compressed)
     66292       5196       1084         32          0          0   ROM Totals

==============================================================================

    Total RO  Size (Code + RO Data)                67376 (  65.80kB)
    Total RW  Size (RW Data + ZI Data)              9952 (   9.72kB)
    Total ROM Size (Code + RO Data + RW Data)      67408 (  65.83kB)

==============================================================================

